Archive member included to satisfy reference by file (symbol)

c:/st/stm32cubeide_1.11.2/stm32cubeide/plugins/com.st.stm32cube.ide.mcu.externaltools.gnu-tools-for-stm32.10.3-2021.10.win32_1.0.100.202210260954/tools/bin/../lib/gcc/arm-none-eabi/10.3.1/../../../../arm-none-eabi/lib/thumb/v7-m/nofp\libc_nano.a(lib_a-errno.o)
                              ./Core/Src/syscalls.o (__errno)
c:/st/stm32cubeide_1.11.2/stm32cubeide/plugins/com.st.stm32cube.ide.mcu.externaltools.gnu-tools-for-stm32.10.3-2021.10.win32_1.0.100.202210260954/tools/bin/../lib/gcc/arm-none-eabi/10.3.1/../../../../arm-none-eabi/lib/thumb/v7-m/nofp\libc_nano.a(lib_a-exit.o)
                              c:/st/stm32cubeide_1.11.2/stm32cubeide/plugins/com.st.stm32cube.ide.mcu.externaltools.gnu-tools-for-stm32.10.3-2021.10.win32_1.0.100.202210260954/tools/bin/../lib/gcc/arm-none-eabi/10.3.1/../../../../arm-none-eabi/lib/thumb/v7-m/nofp/crt0.o (exit)
c:/st/stm32cubeide_1.11.2/stm32cubeide/plugins/com.st.stm32cube.ide.mcu.externaltools.gnu-tools-for-stm32.10.3-2021.10.win32_1.0.100.202210260954/tools/bin/../lib/gcc/arm-none-eabi/10.3.1/../../../../arm-none-eabi/lib/thumb/v7-m/nofp\libc_nano.a(lib_a-impure.o)
                              c:/st/stm32cubeide_1.11.2/stm32cubeide/plugins/com.st.stm32cube.ide.mcu.externaltools.gnu-tools-for-stm32.10.3-2021.10.win32_1.0.100.202210260954/tools/bin/../lib/gcc/arm-none-eabi/10.3.1/../../../../arm-none-eabi/lib/thumb/v7-m/nofp\libc_nano.a(lib_a-exit.o) (_global_impure_ptr)
c:/st/stm32cubeide_1.11.2/stm32cubeide/plugins/com.st.stm32cube.ide.mcu.externaltools.gnu-tools-for-stm32.10.3-2021.10.win32_1.0.100.202210260954/tools/bin/../lib/gcc/arm-none-eabi/10.3.1/../../../../arm-none-eabi/lib/thumb/v7-m/nofp\libc_nano.a(lib_a-init.o)
                              c:/st/stm32cubeide_1.11.2/stm32cubeide/plugins/com.st.stm32cube.ide.mcu.externaltools.gnu-tools-for-stm32.10.3-2021.10.win32_1.0.100.202210260954/tools/bin/../lib/gcc/arm-none-eabi/10.3.1/../../../../arm-none-eabi/lib/thumb/v7-m/nofp/crt0.o (__libc_init_array)
c:/st/stm32cubeide_1.11.2/stm32cubeide/plugins/com.st.stm32cube.ide.mcu.externaltools.gnu-tools-for-stm32.10.3-2021.10.win32_1.0.100.202210260954/tools/bin/../lib/gcc/arm-none-eabi/10.3.1/../../../../arm-none-eabi/lib/thumb/v7-m/nofp\libc_nano.a(lib_a-itoa.o)
                              ./Core/Src/oledController.o (itoa)
c:/st/stm32cubeide_1.11.2/stm32cubeide/plugins/com.st.stm32cube.ide.mcu.externaltools.gnu-tools-for-stm32.10.3-2021.10.win32_1.0.100.202210260954/tools/bin/../lib/gcc/arm-none-eabi/10.3.1/../../../../arm-none-eabi/lib/thumb/v7-m/nofp\libc_nano.a(lib_a-memset.o)
                              c:/st/stm32cubeide_1.11.2/stm32cubeide/plugins/com.st.stm32cube.ide.mcu.externaltools.gnu-tools-for-stm32.10.3-2021.10.win32_1.0.100.202210260954/tools/bin/../lib/gcc/arm-none-eabi/10.3.1/../../../../arm-none-eabi/lib/thumb/v7-m/nofp/crt0.o (memset)
c:/st/stm32cubeide_1.11.2/stm32cubeide/plugins/com.st.stm32cube.ide.mcu.externaltools.gnu-tools-for-stm32.10.3-2021.10.win32_1.0.100.202210260954/tools/bin/../lib/gcc/arm-none-eabi/10.3.1/../../../../arm-none-eabi/lib/thumb/v7-m/nofp\libc_nano.a(lib_a-sprintf.o)
                              ./Core/Src/oledController.o (sprintf)
c:/st/stm32cubeide_1.11.2/stm32cubeide/plugins/com.st.stm32cube.ide.mcu.externaltools.gnu-tools-for-stm32.10.3-2021.10.win32_1.0.100.202210260954/tools/bin/../lib/gcc/arm-none-eabi/10.3.1/../../../../arm-none-eabi/lib/thumb/v7-m/nofp\libc_nano.a(lib_a-strlen.o)
                              ./Core/Lib/Src/fonts.o (strlen)
c:/st/stm32cubeide_1.11.2/stm32cubeide/plugins/com.st.stm32cube.ide.mcu.externaltools.gnu-tools-for-stm32.10.3-2021.10.win32_1.0.100.202210260954/tools/bin/../lib/gcc/arm-none-eabi/10.3.1/../../../../arm-none-eabi/lib/thumb/v7-m/nofp\libc_nano.a(lib_a-utoa.o)
                              c:/st/stm32cubeide_1.11.2/stm32cubeide/plugins/com.st.stm32cube.ide.mcu.externaltools.gnu-tools-for-stm32.10.3-2021.10.win32_1.0.100.202210260954/tools/bin/../lib/gcc/arm-none-eabi/10.3.1/../../../../arm-none-eabi/lib/thumb/v7-m/nofp\libc_nano.a(lib_a-itoa.o) (__utoa)
c:/st/stm32cubeide_1.11.2/stm32cubeide/plugins/com.st.stm32cube.ide.mcu.externaltools.gnu-tools-for-stm32.10.3-2021.10.win32_1.0.100.202210260954/tools/bin/../lib/gcc/arm-none-eabi/10.3.1/../../../../arm-none-eabi/lib/thumb/v7-m/nofp\libc_nano.a(lib_a-nano-svfprintf.o)
                              c:/st/stm32cubeide_1.11.2/stm32cubeide/plugins/com.st.stm32cube.ide.mcu.externaltools.gnu-tools-for-stm32.10.3-2021.10.win32_1.0.100.202210260954/tools/bin/../lib/gcc/arm-none-eabi/10.3.1/../../../../arm-none-eabi/lib/thumb/v7-m/nofp\libc_nano.a(lib_a-sprintf.o) (_svfprintf_r)
c:/st/stm32cubeide_1.11.2/stm32cubeide/plugins/com.st.stm32cube.ide.mcu.externaltools.gnu-tools-for-stm32.10.3-2021.10.win32_1.0.100.202210260954/tools/bin/../lib/gcc/arm-none-eabi/10.3.1/../../../../arm-none-eabi/lib/thumb/v7-m/nofp\libc_nano.a(lib_a-nano-vfprintf_i.o)
[...]
Memory Configuration

Name             Origin             Length             Attributes
RAM              0x0000000020000000 0x0000000000005000 xrw
FLASH            0x0000000008000000 0x0000000000010000 xr
*default*        0x0000000000000000 0xffffffffffffffff

Linker script and memory map

LOAD c:/st/stm32cubeide_1.11.2/stm32cubeide/plugins/com.st.stm32cube.ide.mcu.externaltools.gnu-tools-for-stm32.10.3-2021.10.win32_1.0.100.202210260954/tools/bin/../lib/gcc/arm-none-eabi/10.3.1/thumb/v7-m/nofp/crti.o
LOAD c:/st/stm32cubeide_1.11.2/stm32cubeide/plugins/com.st.stm32cube.ide.mcu.externaltools.gnu-tools-for-stm32.10.3-2021.10.win32_1.0.100.202210260954/tools/bin/../lib/gcc/arm-none-eabi/10.3.1/thumb/v7-m/nofp/crtbegin.o
LOAD c:/st/stm32cubeide_1.11.2/stm32cubeide/plugins/com.st.stm32cube.ide.mcu.externaltools.gnu-tools-for-stm32.10.3-2021.10.win32_1.0.100.202210260954/tools/bin/../lib/gcc/arm-none-eabi/10.3.1/../../../../arm-none-eabi/lib/thumb/v7-m/nofp/crt0.o
LOAD ./Core/Lib/Src/ds18b20.o
LOAD ./Core/Lib/Src/fonts.o
LOAD ./Core/Lib/Src/onewire.o
LOAD ./Core/Lib/Src/ssd1306.o
LOAD ./Core/Lib/Src/test.o
LOAD ./Core/Src/buttonController.o
LOAD ./Core/Src/fnd_controller.o
LOAD ./Core/Src/heaterController.o
LOAD ./Core/Src/ledController.o
LOAD ./Core/Src/main.o
LOAD ./Core/Src/oledController.o
LOAD ./Core/Src/stm32f1xx_hal_msp.o
LOAD ./Core/Src/stm32f1xx_it.o
LOAD ./Core/Src/syscalls.o
LOAD ./Core/Src/sysmem.o
LOAD ./Core/Src/system_stm32f1xx.o
LOAD ./Core/Src/utils.o
LOAD ./Core/Startup/startup_stm32f103c8tx.o
LOAD ./Drivers/STM32F1xx_HAL_Driver/Src/stm32f1xx_hal.o
LOAD ./Drivers/STM32F1xx_HAL_Driver/Src/stm32f1xx_hal_cortex.o
LOAD ./Drivers/STM32F1xx_HAL_Driver/Src/stm32f1xx_hal_dma.o
LOAD ./Drivers/STM32F1xx_HAL_Driver/Src/stm32f1xx_hal_exti.o
LOAD ./Drivers/STM32F1xx_HAL_Driver/Src/stm32f1xx_hal_flash.o
LOAD ./Drivers/STM32F1xx_HAL_Driver/Src/stm32f1xx_hal_flash_ex.o
LOAD ./Drivers/STM32F1xx_HAL_Driver/Src/stm32f1xx_hal_gpio.o
LOAD ./Drivers/STM32F1xx_HAL_Driver/Src/stm32f1xx_hal_gpio_ex.o
LOAD ./Drivers/STM32F1xx_HAL_Driver/Src/stm32f1xx_hal_i2c.o
LOAD ./Drivers/STM32F1xx_HAL_Driver/Src/stm32f1xx_hal_pwr.o
LOAD ./Drivers/STM32F1xx_HAL_Driver/Src/stm32f1xx_hal_rcc.o
LOAD ./Drivers/STM32F1xx_HAL_Driver/Src/stm32f1xx_hal_rcc_ex.o
LOAD ./Drivers/STM32F1xx_HAL_Driver/Src/stm32f1xx_hal_spi.o
LOAD ./Drivers/STM32F1xx_HAL_Driver/Src/stm32f1xx_hal_tim.o
LOAD ./Drivers/STM32F1xx_HAL_Driver/Src/stm32f1xx_hal_tim_ex.o
LOAD ./Drivers/STM32F1xx_HAL_Driver/Src/stm32f1xx_hal_uart.o
START GROUP
LOAD c:/st/stm32cubeide_1.11.2/stm32cubeide/plugins/com.st.stm32cube.ide.mcu.externaltools.gnu-tools-for-stm32.10.3-2021.10.win32_1.0.100.202210260954/tools/bin/../lib/gcc/arm-none-eabi/10.3.1/../../../../arm-none-eabi/lib/thumb/v7-m/nofp\libc_nano.a
LOAD c:/st/stm32cubeide_1.11.2/stm32cubeide/plugins/com.st.stm32cube.ide.mcu.externaltools.gnu-tools-for-stm32.10.3-2021.10.win32_1.0.100.202210260954/tools/bin/../lib/gcc/arm-none-eabi/10.3.1/../../../../arm-none-eabi/lib/thumb/v7-m/nofp\libm.a
END GROUP
START GROUP
LOAD c:/st/stm32cubeide_1.11.2/stm32cubeide/plugins/com.st.stm32cube.ide.mcu.externaltools.gnu-tools-for-stm32.10.3-2021.10.win32_1.0.100.202210260954/tools/bin/../lib/gcc/arm-none-eabi/10.3.1/thumb/v7-m/nofp\libgcc.a
LOAD c:/st/stm32cubeide_1.11.2/stm32cubeide/plugins/com.st.stm32cube.ide.mcu.externaltools.gnu-tools-for-stm32.10.3-2021.10.win32_1.0.100.202210260954/tools/bin/../lib/gcc/arm-none-eabi/10.3.1/../../../../arm-none-eabi/lib/thumb/v7-m/nofp\libc_nano.a
END GROUP
START GROUP
LOAD c:/st/stm32cubeide_1.11.2/stm32cubeide/plugins/com.st.stm32cube.ide.mcu.externaltools.gnu-tools-for-stm32.10.3-2021.10.win32_1.0.100.202210260954/tools/bin/../lib/gcc/arm-none-eabi/10.3.1/thumb/v7-m/nofp\libgcc.a
LOAD c:/st/stm32cubeide_1.11.2/stm32cubeide/plugins/com.st.stm32cube.ide.mcu.externaltools.gnu-tools-for-stm32.10.3-2021.10.win32_1.0.100.202210260954/tools/bin/../lib/gcc/arm-none-eabi/10.3.1/../../../../arm-none-eabi/lib/thumb/v7-m/nofp\libc_nano.a
LOAD c:/st/stm32cubeide_1.11.2/stm32cubeide/plugins/com.st.stm32cube.ide.mcu.externaltools.gnu-tools-for-stm32.10.3-2021.10.win32_1.0.100.202210260954/tools/bin/../lib/gcc/arm-none-eabi/10.3.1/../../../../arm-none-eabi/lib/thumb/v7-m/nofp\libnosys.a
END GROUP
START GROUP
LOAD c:/st/stm32cubeide_1.11.2/stm32cubeide/plugins/com.st.stm32cube.ide.mcu.externaltools.gnu-tools-for-stm32.10.3-2021.10.win32_1.0.100.202210260954/tools/bin/../lib/gcc/arm-none-eabi/10.3.1/thumb/v7-m/nofp\libgcc.a
LOAD c:/st/stm32cubeide_1.11.2/stm32cubeide/plugins/com.st.stm32cube.ide.mcu.externaltools.gnu-tools-for-stm32.10.3-2021.10.win32_1.0.100.202210260954/tools/bin/../lib/gcc/arm-none-eabi/10.3.1/../../../../arm-none-eabi/lib/thumb/v7-m/nofp\libc_nano.a
LOAD c:/st/stm32cubeide_1.11.2/stm32cubeide/plugins/com.st.stm32cube.ide.mcu.externaltools.gnu-tools-for-stm32.10.3-2021.10.win32_1.0.100.202210260954/tools/bin/../lib/gcc/arm-none-eabi/10.3.1/../../../../arm-none-eabi/lib/thumb/v7-m/nofp\libnosys.a
END GROUP
LOAD c:/st/stm32cubeide_1.11.2/stm32cubeide/plugins/com.st.stm32cube.ide.mcu.externaltools.gnu-tools-for-stm32.10.3-2021.10.win32_1.0.100.202210260954/tools/bin/../lib/gcc/arm-none-eabi/10.3.1/thumb/v7-m/nofp/crtend.o
LOAD c:/st/stm32cubeide_1.11.2/stm32cubeide/plugins/com.st.stm32cube.ide.mcu.externaltools.gnu-tools-for-stm32.10.3-2021.10.win32_1.0.100.202210260954/tools/bin/../lib/gcc/arm-none-eabi/10.3.1/thumb/v7-m/nofp/crtn.o
                0x0000000020005000                _estack = (ORIGIN (RAM) + LENGTH (RAM))
                0x0000000000000200                _Min_Heap_Size = 0x200
                0x0000000000000400                _Min_Stack_Size = 0x400

.isr_vector     0x0000000008000000      0x10c
                0x0000000008000000                . = ALIGN (0x4)
 *(.isr_vector)
 .isr_vector    0x0000000008000000      0x10c ./Core/Startup/startup_stm32f103c8tx.o
                0x0000000008000000                g_pfnVectors
                0x000000000800010c                . = ALIGN (0x4)

.text           0x000000000800010c     0x5820
                0x000000000800010c                . = ALIGN (0x4)
 *(.text)
 .text          0x000000000800010c       0x40 c:/st/stm32cubeide_1.11.2/stm32cubeide/plugins/com.st.stm32cube.ide.mcu.externaltools.gnu-tools-for-stm32.10.3-2021.10.win32_1.0.100.202210260954/tools/bin/../lib/gcc/arm-none-eabi/10.3.1/thumb/v7-m/nofp/crtbegin.o
 .text          0x000000000800014c       0x10 c:/st/stm32cubeide_1.11.2/stm32cubeide/plugins/com.st.stm32cube.ide.mcu.externaltools.gnu-tools-for-stm32.10.3-2021.10.win32_1.0.100.202210260954/tools/bin/../lib/gcc/arm-none-eabi/10.3.1/../../../../arm-none-eabi/lib/thumb/v7-m/nofp\libc_nano.a(lib_a-strlen.o)
                0x000000000800014c                strlen
 .text          0x000000000800015c      0x168 c:/st/stm32cubeide_1.11.2/stm32cubeide/plugins/com.st.stm32cube.ide.mcu.externaltools.gnu-tools-for-stm32.10.3-2021.10.win32_1.0.100.202210260954/tools/bin/../lib/gcc/arm-none-eabi/10.3.1/thumb/v7-m/nofp\libgcc.a(_arm_mulsf3.o)
                0x000000000800015c                __aeabi_fmul
                0x000000000800015c                __mulsf3
 .text          0x00000000080002c4      0x21c c:/st/stm32cubeide_1.11.2/stm32cubeide/plugins/com.st.stm32cube.ide.mcu.externaltools.gnu-tools-for-stm32.10.3-2021.10.win32_1.0.100.202210260954/tools/bin/../lib/gcc/arm-none-eabi/10.3.1/thumb/v7-m/nofp\libgcc.a(_arm_addsubsf3.o)
                0x00000000080002c4                __aeabi_frsub
                0x00000000080002cc                __subsf3
                0x00000000080002cc                __aeabi_fsub
                0x00000000080002d0                __aeabi_fadd
                0x00000000080002d0                __addsf3
                0x0000000008000430                __aeabi_ui2f
                0x0000000008000430                __floatunsisf
                0x0000000008000438                __aeabi_i2f
                0x0000000008000438                __floatsisf
                0x0000000008000454                __aeabi_ul2f
                0x0000000008000454                __floatundisf
                0x0000000008000464                __aeabi_l2f
                0x0000000008000464                __floatdisf
 .text          0x00000000080004e0       0x4c c:/st/stm32cubeide_1.11.2/stm32cubeide/plugins/com.st.stm32cube.ide.mcu.externaltools.gnu-tools-for-stm32.10.3-2021.10.win32_1.0.100.202210260954/tools/bin/../lib/gcc/arm-none-eabi/10.3.1/thumb/v7-m/nofp\libgcc.a(_arm_fixsfsi.o)
                0x00000000080004e0                __aeabi_f2iz
                0x00000000080004e0                __fixsfsi
 *(.text*)
 .text.isTemperSensorInit
                0x000000000800052c       0x14 ./Core/Lib/Src/ds18b20.o
                0x000000000800052c                isTemperSensorInit
 .text.isBusy   0x0000000008000540        0xe ./Core/Lib/Src/ds18b20.o
                0x0000000008000540                isBusy
 *fill*         0x000000000800054e        0x2 
 .text.isConverting
                0x0000000008000550       0x14 ./Core/Lib/Src/ds18b20.o
                0x0000000008000550                isConverting
 .text.Ds18b20_Init_Simple
                0x0000000008000564       0x88 ./Core/Lib/Src/ds18b20.o
                0x0000000008000564                Ds18b20_Init_Simple
 .text.StartConverting
                0x00000000080005ec       0x2c ./Core/Lib/Src/ds18b20.o
                0x00000000080005ec                StartConverting
 .text.checkConverting
                0x0000000008000618       0x38 ./Core/Lib/Src/ds18b20.o
                0x0000000008000618                checkConverting
 .text.getTemper
                0x0000000008000650       0x40 ./Core/Lib/Src/ds18b20.o
                0x0000000008000650                getTemper
 .text.DS18B20_StartAll
                0x0000000008000690       0x26 ./Core/Lib/Src/ds18b20.o
                0x0000000008000690                DS18B20_StartAll
 *fill*         0x00000000080006b6        0x2 
 .text.DS18B20_Read
                0x00000000080006b8      0x1e4 ./Core/Lib/Src/ds18b20.o
                0x00000000080006b8                DS18B20_Read
 .text.DS18B20_SetResolution
                0x000000000800089c      0x110 ./Core/Lib/Src/ds18b20.o
                0x000000000800089c                DS18B20_SetResolution
 .text.DS18B20_Is
                0x00000000080009ac       0x20 ./Core/Lib/Src/ds18b20.o
                0x00000000080009ac                DS18B20_Is
 .text.DS18B20_DisableAlarmTemperature
                0x00000000080009cc       0xb6 ./Core/Lib/Src/ds18b20.o
                0x00000000080009cc                DS18B20_DisableAlarmTemperature
 .text.DS18B20_AllDone
                0x0000000008000a82       0x18 ./Core/Lib/Src/ds18b20.o
                0x0000000008000a82                DS18B20_AllDone
 *fill*         0x0000000008000a9a        0x2 
 .text.getCurrentTemper
                0x0000000008000a9c       0x14 ./Core/Lib/Src/ds18b20.o
                0x0000000008000a9c                getCurrentTemper
 .text.isBusyLine
                0x0000000008000ab0       0x14 ./Core/Lib/Src/onewire.o
                0x0000000008000ab0                isBusyLine
 .text.ONEWIRE_DELAY
                0x0000000008000ac4       0x30 ./Core/Lib/Src/onewire.o
                0x0000000008000ac4                ONEWIRE_DELAY
 .text.ONEWIRE_LOW
                0x0000000008000af4       0x1e ./Core/Lib/Src/onewire.o
                0x0000000008000af4                ONEWIRE_LOW
 .text.ONEWIRE_HIGH
                0x0000000008000b12       0x1c ./Core/Lib/Src/onewire.o
                0x0000000008000b12                ONEWIRE_HIGH
 .text.ONEWIRE_INPUT
                0x0000000008000b2e       0x32 ./Core/Lib/Src/onewire.o
                0x0000000008000b2e                ONEWIRE_INPUT
 .text.ONEWIRE_OUTPUT
                0x0000000008000b60       0x32 ./Core/Lib/Src/onewire.o
                0x0000000008000b60                ONEWIRE_OUTPUT
 *fill*         0x0000000008000b92        0x2 
 .text.OneWire_Init
                0x0000000008000b94       0x68 ./Core/Lib/Src/onewire.o
                0x0000000008000b94                OneWire_Init
 .text.OneWire_Reset
                0x0000000008000bfc       0x64 ./Core/Lib/Src/onewire.o
                0x0000000008000bfc                OneWire_Reset
 .text.OneWire_WriteBit
                0x0000000008000c60       0x98 ./Core/Lib/Src/onewire.o
                0x0000000008000c60                OneWire_WriteBit
 .text.OneWire_ReadBit
                0x0000000008000cf8       0x64 ./Core/Lib/Src/onewire.o
                0x0000000008000cf8                OneWire_ReadBit
 .text.OneWire_WriteByte
                0x0000000008000d5c       0x3c ./Core/Lib/Src/onewire.o
                0x0000000008000d5c                OneWire_WriteByte
 .text.OneWire_ReadByte
                0x0000000008000d98       0x42 ./Core/Lib/Src/onewire.o
                0x0000000008000d98                OneWire_ReadByte
 .text.OneWire_SelectWithPointer
                0x0000000008000dda       0x3e ./Core/Lib/Src/onewire.o
                0x0000000008000dda                OneWire_SelectWithPointer
 .text.OneWire_GetFullROM
                0x0000000008000e18       0x50 ./Core/Lib/Src/onewire.o
                0x0000000008000e18                OneWire_GetFullROM
 .text.OneWire_CRC8
                0x0000000008000e68       0x6e ./Core/Lib/Src/onewire.o
                0x0000000008000e68                OneWire_CRC8
 .text.SSD1306_InvertDisplay
                0x0000000008000ed6       0x2c ./Core/Lib/Src/ssd1306.o
                0x0000000008000ed6                SSD1306_InvertDisplay
 *fill*         0x0000000008000f02        0x2 
 .text.SSD1306_Init
                0x0000000008000f04      0x188 ./Core/Lib/Src/ssd1306.o
                0x0000000008000f04                SSD1306_Init
 .text.SSD1306_UpdateScreen
                0x000000000800108c       0x5c ./Core/Lib/Src/ssd1306.o
                0x000000000800108c                SSD1306_UpdateScreen
 .text.SSD1306_Fill
                0x00000000080010e8       0x30 ./Core/Lib/Src/ssd1306.o
                0x00000000080010e8                SSD1306_Fill
 .text.SSD1306_DrawPixel
                0x0000000008001118       0xbc ./Core/Lib/Src/ssd1306.o
                0x0000000008001118                SSD1306_DrawPixel
 .text.SSD1306_GotoXY
                0x00000000080011d4       0x2c ./Core/Lib/Src/ssd1306.o
                0x00000000080011d4                SSD1306_GotoXY
 .text.SSD1306_Putc
                0x0000000008001200      0x100 ./Core/Lib/Src/ssd1306.o
                0x0000000008001200                SSD1306_Putc
 .text.SSD1306_Puts
                0x0000000008001300       0x4a ./Core/Lib/Src/ssd1306.o
                0x0000000008001300                SSD1306_Puts
 .text.SSD1306_Clear
                0x000000000800134a       0x12 ./Core/Lib/Src/ssd1306.o
                0x000000000800134a                SSD1306_Clear
 .text.ssd1306_I2C_Init
                0x000000000800135c       0x28 ./Core/Lib/Src/ssd1306.o
                0x000000000800135c                ssd1306_I2C_Init
 .text.ssd1306_I2C_WriteMulti
                0x0000000008001384       0xcc ./Core/Lib/Src/ssd1306.o
                0x0000000008001384                ssd1306_I2C_WriteMulti
 .text.ssd1306_I2C_Write
                0x0000000008001450       0x3c ./Core/Lib/Src/ssd1306.o
                0x0000000008001450                ssd1306_I2C_Write
 .text.checkButton
                0x000000000800148c       0x70 ./Core/Src/buttonController.o
                0x000000000800148c                checkButton
 .text.getSwState
                0x00000000080014fc       0x24 ./Core/Src/buttonController.o
                0x00000000080014fc                getSwState
 .text.init_fnd
                0x0000000008001520       0xd0 ./Core/Src/fnd_controller.o
                0x0000000008001520                init_fnd
 .text.send     0x00000000080015f0       0x24 ./Core/Src/fnd_controller.o
                0x00000000080015f0                send
 .text.send_port
                0x0000000008001614       0x44 ./Core/Src/fnd_controller.o
                0x0000000008001614                send_port
 .text.digit4_temper
                0x0000000008001658      0x158 ./Core/Src/fnd_controller.o
                0x0000000008001658                digit4_temper
 .text.heaterControl
                0x00000000080017b0       0x54 ./Core/Src/heaterController.o
                0x00000000080017b0                heaterControl
 .text.temper_up
                0x0000000008001804       0x30 ./Core/Src/heaterController.o
                0x0000000008001804                temper_up
 .text.temper_down
                0x0000000008001834       0x30 ./Core/Src/heaterController.o
                0x0000000008001834                temper_down
 .text.setFixedTemper
                0x0000000008001864       0x1c ./Core/Src/heaterController.o
                0x0000000008001864                setFixedTemper
 .text.getFixedTemper
                0x0000000008001880       0x14 ./Core/Src/heaterController.o
                0x0000000008001880                getFixedTemper
 .text.heaterOnOff
                0x0000000008001894       0x4c ./Core/Src/heaterController.o
                0x0000000008001894                heaterOnOff
 .text.getHeaterState
                0x00000000080018e0       0x14 ./Core/Src/heaterController.o
                0x00000000080018e0                getHeaterState
 .text.led1OnOff
                0x00000000080018f4       0x38 ./Core/Src/ledController.o
                0x00000000080018f4                led1OnOff
 .text.led2OnOff
                0x000000000800192c       0x38 ./Core/Src/ledController.o
                0x000000000800192c                led2OnOff
 .text.main     0x0000000008001964       0x9c ./Core/Src/main.o
                0x0000000008001964                main
 .text.SystemClock_Config
                0x0000000008001a00       0x8a ./Core/Src/main.o
                0x0000000008001a00                SystemClock_Config
 *fill*         0x0000000008001a8a        0x2 
 .text.MX_I2C2_Init
                0x0000000008001a8c       0x5c ./Core/Src/main.o
 .text.MX_SPI2_Init
                0x0000000008001ae8       0x6c ./Core/Src/main.o
 .text.MX_TIM2_Init
                0x0000000008001b54       0x98 ./Core/Src/main.o
 .text.MX_TIM3_Init
                0x0000000008001bec       0x98 ./Core/Src/main.o
 .text.MX_USART1_UART_Init
                0x0000000008001c84       0x54 ./Core/Src/main.o
 .text.MX_GPIO_Init
                0x0000000008001cd8      0x1ac ./Core/Src/main.o
 .text.Error_Handler
                0x0000000008001e84        0xa ./Core/Src/main.o
                0x0000000008001e84                Error_Handler
 .text.opening  0x0000000008001e8e        0xc ./Core/Src/oledController.o
                0x0000000008001e8e                opening
 *fill*         0x0000000008001e9a        0x2 
 .text.toggleScreen
                0x0000000008001e9c       0x60 ./Core/Src/oledController.o
                0x0000000008001e9c                toggleScreen
 .text.startToggle
                0x0000000008001efc       0x20 ./Core/Src/oledController.o
                0x0000000008001efc                startToggle
 .text.printDefault
                0x0000000008001f1c       0xb4 ./Core/Src/oledController.o
                0x0000000008001f1c                printDefault
 .text.printBackground
                0x0000000008001fd0       0x44 ./Core/Src/oledController.o
                0x0000000008001fd0                printBackground
 .text.printTemperNoUpdate
                0x0000000008002014       0x50 ./Core/Src/oledController.o
                0x0000000008002014                printTemperNoUpdate
 .text.printTemper
                0x0000000008002064       0x54 ./Core/Src/oledController.o
                0x0000000008002064                printTemper
 .text.printHeaterState
                0x00000000080020b8       0x48 ./Core/Src/oledController.o
                0x00000000080020b8                printHeaterState
 .text.HAL_MspInit
                0x0000000008002100       0x64 ./Core/Src/stm32f1xx_hal_msp.o
                0x0000000008002100                HAL_MspInit
 .text.HAL_I2C_MspInit
                0x0000000008002164       0x80 ./Core/Src/stm32f1xx_hal_msp.o
                0x0000000008002164                HAL_I2C_MspInit
 .text.HAL_SPI_MspInit
                0x00000000080021e4       0x80 ./Core/Src/stm32f1xx_hal_msp.o
                0x00000000080021e4                HAL_SPI_MspInit
 .text.HAL_TIM_Base_MspInit
                0x0000000008002264       0x80 ./Core/Src/stm32f1xx_hal_msp.o
                0x0000000008002264                HAL_TIM_Base_MspInit
 .text.HAL_UART_MspInit
                0x00000000080022e4       0x98 ./Core/Src/stm32f1xx_hal_msp.o
                0x00000000080022e4                HAL_UART_MspInit
 .text.NMI_Handler
                0x000000000800237c        0x6 ./Core/Src/stm32f1xx_it.o
                0x000000000800237c                NMI_Handler
 .text.HardFault_Handler
                0x0000000008002382        0x6 ./Core/Src/stm32f1xx_it.o
                0x0000000008002382                HardFault_Handler
 .text.MemManage_Handler
                0x0000000008002388        0x6 ./Core/Src/stm32f1xx_it.o
                0x0000000008002388                MemManage_Handler
 .text.BusFault_Handler
                0x000000000800238e        0x6 ./Core/Src/stm32f1xx_it.o
                0x000000000800238e                BusFault_Handler
 .text.UsageFault_Handler
                0x0000000008002394        0x6 ./Core/Src/stm32f1xx_it.o
                0x0000000008002394                UsageFault_Handler
 .text.SVC_Handler
                0x000000000800239a        0xc ./Core/Src/stm32f1xx_it.o
                0x000000000800239a                SVC_Handler
 .text.DebugMon_Handler
                0x00000000080023a6        0xc ./Core/Src/stm32f1xx_it.o
                0x00000000080023a6                DebugMon_Handler
 .text.PendSV_Handler
                0x00000000080023b2        0xc ./Core/Src/stm32f1xx_it.o
                0x00000000080023b2                PendSV_Handler
 .text.SysTick_Handler
                0x00000000080023be        0xc ./Core/Src/stm32f1xx_it.o
                0x00000000080023be                SysTick_Handler
 *fill*         0x00000000080023ca        0x2 
 .text.EXTI0_IRQHandler
                0x00000000080023cc       0x38 ./Core/Src/stm32f1xx_it.o
                0x00000000080023cc                EXTI0_IRQHandler
 .text.EXTI1_IRQHandler
                0x0000000008002404       0x38 ./Core/Src/stm32f1xx_it.o
                0x0000000008002404                EXTI1_IRQHandler
 .text.EXTI2_IRQHandler
                0x000000000800243c       0x38 ./Core/Src/stm32f1xx_it.o
                0x000000000800243c                EXTI2_IRQHandler
 .text.TIM2_IRQHandler
                0x0000000008002474       0x14 ./Core/Src/stm32f1xx_it.o
                0x0000000008002474                TIM2_IRQHandler
 .text.TIM3_IRQHandler
                0x0000000008002488       0xa0 ./Core/Src/stm32f1xx_it.o
                0x0000000008002488                TIM3_IRQHandler
 .text._sbrk    0x0000000008002528       0x6c ./Core/Src/sysmem.o
                0x0000000008002528                _sbrk
 .text.SystemInit
                0x0000000008002594        0xc ./Core/Src/system_stm32f1xx.o
                0x0000000008002594                SystemInit
 .text.Reset_Handler
                0x00000000080025a0       0x48 ./Core/Startup/startup_stm32f103c8tx.o
                0x00000000080025a0                Reset_Handler
 .text.Default_Handler
                0x00000000080025e8        0x2 ./Core/Startup/startup_stm32f103c8tx.o
                0x00000000080025e8                RTC_Alarm_IRQHandler
                0x00000000080025e8                TIM1_CC_IRQHandler
                0x00000000080025e8                PVD_IRQHandler
                0x00000000080025e8                EXTI3_IRQHandler
                0x00000000080025e8                I2C2_EV_IRQHandler
                0x00000000080025e8                ADC1_2_IRQHandler
                0x00000000080025e8                SPI1_IRQHandler
                0x00000000080025e8                TAMPER_IRQHandler
                0x00000000080025e8                DMA1_Channel4_IRQHandler
                0x00000000080025e8                USART3_IRQHandler
                0x00000000080025e8                RTC_IRQHandler
                0x00000000080025e8                DMA1_Channel7_IRQHandler
                0x00000000080025e8                CAN1_RX1_IRQHandler
                0x00000000080025e8                TIM4_IRQHandler
                0x00000000080025e8                I2C1_EV_IRQHandler
                0x00000000080025e8                DMA1_Channel6_IRQHandler
                0x00000000080025e8                RCC_IRQHandler
                0x00000000080025e8                TIM1_TRG_COM_IRQHandler
                0x00000000080025e8                DMA1_Channel1_IRQHandler
                0x00000000080025e8                Default_Handler
                0x00000000080025e8                EXTI15_10_IRQHandler
                0x00000000080025e8                EXTI9_5_IRQHandler
                0x00000000080025e8                SPI2_IRQHandler
                0x00000000080025e8                DMA1_Channel5_IRQHandler
                0x00000000080025e8                EXTI4_IRQHandler
                0x00000000080025e8                USB_LP_CAN1_RX0_IRQHandler
                0x00000000080025e8                USB_HP_CAN1_TX_IRQHandler
                0x00000000080025e8                DMA1_Channel3_IRQHandler
                0x00000000080025e8                TIM1_UP_IRQHandler
                0x00000000080025e8                WWDG_IRQHandler
                0x00000000080025e8                TIM1_BRK_IRQHandler
                0x00000000080025e8                USART2_IRQHandler
                0x00000000080025e8                I2C2_ER_IRQHandler
                0x00000000080025e8                DMA1_Channel2_IRQHandler
                0x00000000080025e8                CAN1_SCE_IRQHandler
                0x00000000080025e8                FLASH_IRQHandler
                0x00000000080025e8                USART1_IRQHandler
                0x00000000080025e8                I2C1_ER_IRQHandler
                0x00000000080025e8                USBWakeUp_IRQHandler
 *fill*         0x00000000080025ea        0x2 
 .text.HAL_Init
                0x00000000080025ec       0x2c ./Drivers/STM32F1xx_HAL_Driver/Src/stm32f1xx_hal.o
                0x00000000080025ec                HAL_Init
 .text.HAL_InitTick
                0x0000000008002618       0x60 ./Drivers/STM32F1xx_HAL_Driver/Src/stm32f1xx_hal.o
                0x0000000008002618                HAL_InitTick
 .text.HAL_IncTick
                0x0000000008002678       0x24 ./Drivers/STM32F1xx_HAL_Driver/Src/stm32f1xx_hal.o
                0x0000000008002678                HAL_IncTick
 .text.HAL_GetTick
                0x000000000800269c       0x14 ./Drivers/STM32F1xx_HAL_Driver/Src/stm32f1xx_hal.o
                0x000000000800269c                HAL_GetTick
 .text.HAL_Delay
                0x00000000080026b0       0x48 ./Drivers/STM32F1xx_HAL_Driver/Src/stm32f1xx_hal.o
                0x00000000080026b0                HAL_Delay
 .text.__NVIC_SetPriorityGrouping
                0x00000000080026f8       0x48 ./Drivers/STM32F1xx_HAL_Driver/Src/stm32f1xx_hal_cortex.o
 .text.__NVIC_GetPriorityGrouping
                0x0000000008002740       0x1c ./Drivers/STM32F1xx_HAL_Driver/Src/stm32f1xx_hal_cortex.o
 .text.__NVIC_EnableIRQ
                0x000000000800275c       0x38 ./Drivers/STM32F1xx_HAL_Driver/Src/stm32f1xx_hal_cortex.o
 .text.__NVIC_SetPriority
                0x0000000008002794       0x54 ./Drivers/STM32F1xx_HAL_Driver/Src/stm32f1xx_hal_cortex.o
 .text.NVIC_EncodePriority
                0x00000000080027e8       0x64 ./Drivers/STM32F1xx_HAL_Driver/Src/stm32f1xx_hal_cortex.o
 .text.SysTick_Config
                0x000000000800284c       0x44 ./Drivers/STM32F1xx_HAL_Driver/Src/stm32f1xx_hal_cortex.o
 .text.HAL_NVIC_SetPriorityGrouping
                0x0000000008002890       0x16 ./Drivers/STM32F1xx_HAL_Driver/Src/stm32f1xx_hal_cortex.o
                0x0000000008002890                HAL_NVIC_SetPriorityGrouping
 .text.HAL_NVIC_SetPriority
                0x00000000080028a6       0x38 ./Drivers/STM32F1xx_HAL_Driver/Src/stm32f1xx_hal_cortex.o
                0x00000000080028a6                HAL_NVIC_SetPriority
 .text.HAL_NVIC_EnableIRQ
                0x00000000080028de       0x1c ./Drivers/STM32F1xx_HAL_Driver/Src/stm32f1xx_hal_cortex.o
                0x00000000080028de                HAL_NVIC_EnableIRQ
 .text.HAL_SYSTICK_Config
                0x00000000080028fa       0x18 ./Drivers/STM32F1xx_HAL_Driver/Src/stm32f1xx_hal_cortex.o
                0x00000000080028fa                HAL_SYSTICK_Config
 *fill*         0x0000000008002912        0x2 
 .text.HAL_GPIO_Init
                0x0000000008002914      0x308 ./Drivers/STM32F1xx_HAL_Driver/Src/stm32f1xx_hal_gpio.o
                0x0000000008002914                HAL_GPIO_Init
 .text.HAL_GPIO_ReadPin
                0x0000000008002c1c       0x2e ./Drivers/STM32F1xx_HAL_Driver/Src/stm32f1xx_hal_gpio.o
                0x0000000008002c1c                HAL_GPIO_ReadPin
 .text.HAL_GPIO_WritePin
                0x0000000008002c4a       0x30 ./Drivers/STM32F1xx_HAL_Driver/Src/stm32f1xx_hal_gpio.o
                0x0000000008002c4a                HAL_GPIO_WritePin
 *fill*         0x0000000008002c7a        0x2 
 .text.HAL_GPIO_EXTI_IRQHandler
                0x0000000008002c7c       0x30 ./Drivers/STM32F1xx_HAL_Driver/Src/stm32f1xx_hal_gpio.o
                0x0000000008002c7c                HAL_GPIO_EXTI_IRQHandler
 .text.HAL_GPIO_EXTI_Callback
                0x0000000008002cac       0x14 ./Drivers/STM32F1xx_HAL_Driver/Src/stm32f1xx_hal_gpio.o
                0x0000000008002cac                HAL_GPIO_EXTI_Callback
 .text.HAL_I2C_Init
                0x0000000008002cc0      0x288 ./Drivers/STM32F1xx_HAL_Driver/Src/stm32f1xx_hal_i2c.o
                0x0000000008002cc0                HAL_I2C_Init
 .text.HAL_I2C_Master_Transmit
                0x0000000008002f48      0x1fc ./Drivers/STM32F1xx_HAL_Driver/Src/stm32f1xx_hal_i2c.o
                0x0000000008002f48                HAL_I2C_Master_Transmit
 .text.HAL_I2C_IsDeviceReady
                0x0000000008003144      0x25c ./Drivers/STM32F1xx_HAL_Driver/Src/stm32f1xx_hal_i2c.o
                0x0000000008003144                HAL_I2C_IsDeviceReady
 .text.I2C_MasterRequestWrite
                0x00000000080033a0      0x104 ./Drivers/STM32F1xx_HAL_Driver/Src/stm32f1xx_hal_i2c.o
 .text.I2C_WaitOnFlagUntilTimeout
                0x00000000080034a4       0xae ./Drivers/STM32F1xx_HAL_Driver/Src/stm32f1xx_hal_i2c.o
 .text.I2C_WaitOnMasterAddressFlagUntilTimeout
                0x0000000008003552       0xfe ./Drivers/STM32F1xx_HAL_Driver/Src/stm32f1xx_hal_i2c.o
 .text.I2C_WaitOnTXEFlagUntilTimeout
                0x0000000008003650       0x82 ./Drivers/STM32F1xx_HAL_Driver/Src/stm32f1xx_hal_i2c.o
 .text.I2C_WaitOnBTFFlagUntilTimeout
                0x00000000080036d2       0x82 ./Drivers/STM32F1xx_HAL_Driver/Src/stm32f1xx_hal_i2c.o
 .text.I2C_IsAcknowledgeFailed
                0x0000000008003754       0x5c ./Drivers/STM32F1xx_HAL_Driver/Src/stm32f1xx_hal_i2c.o
 .text.HAL_RCC_OscConfig
                0x00000000080037b0      0x504 ./Drivers/STM32F1xx_HAL_Driver/Src/stm32f1xx_hal_rcc.o
                0x00000000080037b0                HAL_RCC_OscConfig
 .text.HAL_RCC_ClockConfig
                0x0000000008003cb4      0x1d4 ./Drivers/STM32F1xx_HAL_Driver/Src/stm32f1xx_hal_rcc.o
                0x0000000008003cb4                HAL_RCC_ClockConfig
 .text.HAL_RCC_GetSysClockFreq
                0x0000000008003e88       0xbc ./Drivers/STM32F1xx_HAL_Driver/Src/stm32f1xx_hal_rcc.o
                0x0000000008003e88                HAL_RCC_GetSysClockFreq
 .text.HAL_RCC_GetHCLKFreq
                0x0000000008003f44       0x14 ./Drivers/STM32F1xx_HAL_Driver/Src/stm32f1xx_hal_rcc.o
                0x0000000008003f44                HAL_RCC_GetHCLKFreq
 .text.HAL_RCC_GetPCLK1Freq
                0x0000000008003f58       0x28 ./Drivers/STM32F1xx_HAL_Driver/Src/stm32f1xx_hal_rcc.o
                0x0000000008003f58                HAL_RCC_GetPCLK1Freq
 .text.HAL_RCC_GetPCLK2Freq
                0x0000000008003f80       0x28 ./Drivers/STM32F1xx_HAL_Driver/Src/stm32f1xx_hal_rcc.o
                0x0000000008003f80                HAL_RCC_GetPCLK2Freq
 .text.RCC_Delay
                0x0000000008003fa8       0x3c ./Drivers/STM32F1xx_HAL_Driver/Src/stm32f1xx_hal_rcc.o
 .text.HAL_SPI_Init
                0x0000000008003fe4      0x108 ./Drivers/STM32F1xx_HAL_Driver/Src/stm32f1xx_hal_spi.o
                0x0000000008003fe4                HAL_SPI_Init
 .text.HAL_SPI_Transmit
                0x00000000080040ec      0x278 ./Drivers/STM32F1xx_HAL_Driver/Src/stm32f1xx_hal_spi.o
                0x00000000080040ec                HAL_SPI_Transmit
 .text.SPI_WaitFlagStateUntilTimeout
                0x0000000008004364      0x110 ./Drivers/STM32F1xx_HAL_Driver/Src/stm32f1xx_hal_spi.o
 .text.SPI_EndRxTxTransaction
                0x0000000008004474       0x3c ./Drivers/STM32F1xx_HAL_Driver/Src/stm32f1xx_hal_spi.o
 .text.HAL_TIM_Base_Init
                0x00000000080044b0       0x9e ./Drivers/STM32F1xx_HAL_Driver/Src/stm32f1xx_hal_tim.o
                0x00000000080044b0                HAL_TIM_Base_Init
 *fill*         0x000000000800454e        0x2 
 .text.HAL_TIM_Base_Start
                0x0000000008004550       0x94 ./Drivers/STM32F1xx_HAL_Driver/Src/stm32f1xx_hal_tim.o
                0x0000000008004550                HAL_TIM_Base_Start
 .text.HAL_TIM_Base_Start_IT
                0x00000000080045e4       0xa4 ./Drivers/STM32F1xx_HAL_Driver/Src/stm32f1xx_hal_tim.o
                0x00000000080045e4                HAL_TIM_Base_Start_IT
 .text.HAL_TIM_IRQHandler
                0x0000000008004688      0x210 ./Drivers/STM32F1xx_HAL_Driver/Src/stm32f1xx_hal_tim.o
                0x0000000008004688                HAL_TIM_IRQHandler
 .text.HAL_TIM_ConfigClockSource
                0x0000000008004898      0x188 ./Drivers/STM32F1xx_HAL_Driver/Src/stm32f1xx_hal_tim.o
                0x0000000008004898                HAL_TIM_ConfigClockSource
 .text.HAL_TIM_PeriodElapsedCallback
                0x0000000008004a20       0x12 ./Drivers/STM32F1xx_HAL_Driver/Src/stm32f1xx_hal_tim.o
                0x0000000008004a20                HAL_TIM_PeriodElapsedCallback
 .text.HAL_TIM_OC_DelayElapsedCallback
                0x0000000008004a32       0x12 ./Drivers/STM32F1xx_HAL_Driver/Src/stm32f1xx_hal_tim.o
                0x0000000008004a32                HAL_TIM_OC_DelayElapsedCallback
 .text.HAL_TIM_IC_CaptureCallback
                0x0000000008004a44       0x12 ./Drivers/STM32F1xx_HAL_Driver/Src/stm32f1xx_hal_tim.o
                0x0000000008004a44                HAL_TIM_IC_CaptureCallback
 .text.HAL_TIM_PWM_PulseFinishedCallback
                0x0000000008004a56       0x12 ./Drivers/STM32F1xx_HAL_Driver/Src/stm32f1xx_hal_tim.o
                0x0000000008004a56                HAL_TIM_PWM_PulseFinishedCallback
 .text.HAL_TIM_TriggerCallback
                0x0000000008004a68       0x12 ./Drivers/STM32F1xx_HAL_Driver/Src/stm32f1xx_hal_tim.o
                0x0000000008004a68                HAL_TIM_TriggerCallback
 *fill*         0x0000000008004a7a        0x2 
 .text.TIM_Base_SetConfig
                0x0000000008004a7c       0xc4 ./Drivers/STM32F1xx_HAL_Driver/Src/stm32f1xx_hal_tim.o
                0x0000000008004a7c                TIM_Base_SetConfig
 .text.TIM_TI1_ConfigInputStage
                0x0000000008004b40       0x5c ./Drivers/STM32F1xx_HAL_Driver/Src/stm32f1xx_hal_tim.o
 .text.TIM_TI2_ConfigInputStage
                0x0000000008004b9c       0x5e ./Drivers/STM32F1xx_HAL_Driver/Src/stm32f1xx_hal_tim.o
 .text.TIM_ITRx_SetConfig
                0x0000000008004bfa       0x34 ./Drivers/STM32F1xx_HAL_Driver/Src/stm32f1xx_hal_tim.o
 .text.TIM_ETR_SetConfig
                0x0000000008004c2e       0x3e ./Drivers/STM32F1xx_HAL_Driver/Src/stm32f1xx_hal_tim.o
                0x0000000008004c2e                TIM_ETR_SetConfig
 .text.HAL_TIMEx_MasterConfigSynchronization
                0x0000000008004c6c       0xbc ./Drivers/STM32F1xx_HAL_Driver/Src/stm32f1xx_hal_tim_ex.o
                0x0000000008004c6c                HAL_TIMEx_MasterConfigSynchronization
 .text.HAL_TIMEx_CommutCallback
                0x0000000008004d28       0x12 ./Drivers/STM32F1xx_HAL_Driver/Src/stm32f1xx_hal_tim_ex.o
                0x0000000008004d28                HAL_TIMEx_CommutCallback
 .text.HAL_TIMEx_BreakCallback
                0x0000000008004d3a       0x12 ./Drivers/STM32F1xx_HAL_Driver/Src/stm32f1xx_hal_tim_ex.o
                0x0000000008004d3a                HAL_TIMEx_BreakCallback
 .text.HAL_UART_Init
                0x0000000008004d4c       0x9a ./Drivers/STM32F1xx_HAL_Driver/Src/stm32f1xx_hal_uart.o
                0x0000000008004d4c                HAL_UART_Init
 *fill*         0x0000000008004de6        0x2 
 .text.UART_SetConfig
                0x0000000008004de8      0x11c ./Drivers/STM32F1xx_HAL_Driver/Src/stm32f1xx_hal_uart.o
 .text.__errno  0x0000000008004f04        0xc c:/st/stm32cubeide_1.11.2/stm32cubeide/plugins/com.st.stm32cube.ide.mcu.externaltools.gnu-tools-for-stm32.10.3-2021.10.win32_1.0.100.202210260954/tools/bin/../lib/gcc/arm-none-eabi/10.3.1/../../../../arm-none-eabi/lib/thumb/v7-m/nofp\libc_nano.a(lib_a-errno.o)
                0x0000000008004f04                __errno
 .text.__libc_init_array
                0x0000000008004f10       0x48 c:/st/stm32cubeide_1.11.2/stm32cubeide/plugins/com.st.stm32cube.ide.mcu.externaltools.gnu-tools-for-stm32.10.3-2021.10.win32_1.0.100.202210260954/tools/bin/../lib/gcc/arm-none-eabi/10.3.1/../../../../arm-none-eabi/lib/thumb/v7-m/nofp\libc_nano.a(lib_a-init.o)
                0x0000000008004f10                __libc_init_array
 .text.__itoa   0x0000000008004f58       0x30 c:/st/stm32cubeide_1.11.2/stm32cubeide/plugins/com.st.stm32cube.ide.mcu.externaltools.gnu-tools-for-stm32.10.3-2021.10.win32_1.0.100.202210260954/tools/bin/../lib/gcc/arm-none-eabi/10.3.1/../../../../arm-none-eabi/lib/thumb/v7-m/nofp\libc_nano.a(lib_a-itoa.o)
                0x0000000008004f58                __itoa
 .text.itoa     0x0000000008004f88        0x4 c:/st/stm32cubeide_1.11.2/stm32cubeide/plugins/com.st.stm32cube.ide.mcu.externaltools.gnu-tools-for-stm32.10.3-2021.10.win32_1.0.100.202210260954/tools/bin/../lib/gcc/arm-none-eabi/10.3.1/../../../../arm-none-eabi/lib/thumb/v7-m/nofp\libc_nano.a(lib_a-itoa.o)
                0x0000000008004f88                itoa
 .text.memset   0x0000000008004f8c       0x10 c:/st/stm32cubeide_1.11.2/stm32cubeide/plugins/com.st.stm32cube.ide.mcu.externaltools.gnu-tools-for-stm32.10.3-2021.10.win32_1.0.100.202210260954/tools/bin/../lib/gcc/arm-none-eabi/10.3.1/../../../../arm-none-eabi/lib/thumb/v7-m/nofp\libc_nano.a(lib_a-memset.o)
                0x0000000008004f8c                memset
 .text.sprintf  0x0000000008004f9c       0x40 c:/st/stm32cubeide_1.11.2/stm32cubeide/plugins/com.st.stm32cube.ide.mcu.externaltools.gnu-tools-for-stm32.10.3-2021.10.win32_1.0.100.202210260954/tools/bin/../lib/gcc/arm-none-eabi/10.3.1/../../../../arm-none-eabi/lib/thumb/v7-m/nofp\libc_nano.a(lib_a-sprintf.o)
                0x0000000008004f9c                siprintf
                0x0000000008004f9c                sprintf
 .text.__utoa   0x0000000008004fdc       0x84 c:/st/stm32cubeide_1.11.2/stm32cubeide/plugins/com.st.stm32cube.ide.mcu.externaltools.gnu-tools-for-stm32.10.3-2021.10.win32_1.0.100.202210260954/tools/bin/../lib/gcc/arm-none-eabi/10.3.1/../../../../arm-none-eabi/lib/thumb/v7-m/nofp\libc_nano.a(lib_a-utoa.o)
                0x0000000008004fdc                __utoa
 .text.__ssputs_r
                0x0000000008005060       0xb6 c:/st/stm32cubeide_1.11.2/stm32cubeide/plugins/com.st.stm32cube.ide.mcu.externaltools.gnu-tools-for-stm32.10.3-2021.10.win32_1.0.100.202210260954/tools/bin/../lib/gcc/arm-none-eabi/10.3.1/../../../../arm-none-eabi/lib/thumb/v7-m/nofp\libc_nano.a(lib_a-nano-svfprintf.o)
                0x0000000008005060                __ssputs_r
 *fill*         0x0000000008005116        0x2 
 .text._svfprintf_r
                0x0000000008005118      0x200 c:/st/stm32cubeide_1.11.2/stm32cubeide/plugins/com.st.stm32cube.ide.mcu.externaltools.gnu-tools-for-stm32.10.3-2021.10.win32_1.0.100.202210260954/tools/bin/../lib/gcc/arm-none-eabi/10.3.1/../../../../arm-none-eabi/lib/thumb/v7-m/nofp\libc_nano.a(lib_a-nano-svfprintf.o)
                0x0000000008005118                _svfiprintf_r
                0x0000000008005118                _svfprintf_r
 .text._printf_common
                0x0000000008005318       0xde c:/st/stm32cubeide_1.11.2/stm32cubeide/plugins/com.st.stm32cube.ide.mcu.externaltools.gnu-tools-for-stm32.10.3-2021.10.win32_1.0.100.202210260954/tools/bin/../lib/gcc/arm-none-eabi/10.3.1/../../../../arm-none-eabi/lib/thumb/v7-m/nofp\libc_nano.a(lib_a-nano-vfprintf_i.o)
                0x0000000008005318                _printf_common
 *fill*         0x00000000080053f6        0x2 
 .text._printf_i
                0x00000000080053f8      0x24c c:/st/stm32cubeide_1.11.2/stm32cubeide/plugins/com.st.stm32cube.ide.mcu.externaltools.gnu-tools-for-stm32.10.3-2021.10.win32_1.0.100.202210260954/tools/bin/../lib/gcc/arm-none-eabi/10.3.1/../../../../arm-none-eabi/lib/thumb/v7-m/nofp\libc_nano.a(lib_a-nano-vfprintf_i.o)
                0x00000000080053f8                _printf_i
 .text.memchr   0x0000000008005644       0x1c c:/st/stm32cubeide_1.11.2/stm32cubeide/plugins/com.st.stm32cube.ide.mcu.externaltools.gnu-tools-for-stm32.10.3-2021.10.win32_1.0.100.202210260954/tools/bin/../lib/gcc/arm-none-eabi/10.3.1/../../../../arm-none-eabi/lib/thumb/v7-m/nofp\libc_nano.a(lib_a-memchr-stub.o)
                0x0000000008005644                memchr
 .text.memcpy   0x0000000008005660       0x1c c:/st/stm32cubeide_1.11.2/stm32cubeide/plugins/com.st.stm32cube.ide.mcu.externaltools.gnu-tools-for-stm32.10.3-2021.10.win32_1.0.100.202210260954/tools/bin/../lib/gcc/arm-none-eabi/10.3.1/../../../../arm-none-eabi/lib/thumb/v7-m/nofp\libc_nano.a(lib_a-memcpy-stub.o)
                0x0000000008005660                memcpy
 .text.memmove  0x000000000800567c       0x34 c:/st/stm32cubeide_1.11.2/stm32cubeide/plugins/com.st.stm32cube.ide.mcu.externaltools.gnu-tools-for-stm32.10.3-2021.10.win32_1.0.100.202210260954/tools/bin/../lib/gcc/arm-none-eabi/10.3.1/../../../../arm-none-eabi/lib/thumb/v7-m/nofp\libc_nano.a(lib_a-memmove.o)
                0x000000000800567c                memmove
 .text._free_r  0x00000000080056b0       0x90 c:/st/stm32cubeide_1.11.2/stm32cubeide/plugins/com.st.stm32cube.ide.mcu.externaltools.gnu-tools-for-stm32.10.3-2021.10.win32_1.0.100.202210260954/tools/bin/../lib/gcc/arm-none-eabi/10.3.1/../../../../arm-none-eabi/lib/thumb/v7-m/nofp\libc_nano.a(lib_a-nano-freer.o)
                0x00000000080056b0                _free_r
 .text.sbrk_aligned
                0x0000000008005740       0x40 c:/st/stm32cubeide_1.11.2/stm32cubeide/plugins/com.st.stm32cube.ide.mcu.externaltools.gnu-tools-for-stm32.10.3-2021.10.win32_1.0.100.202210260954/tools/bin/../lib/gcc/arm-none-eabi/10.3.1/../../../../arm-none-eabi/lib/thumb/v7-m/nofp\libc_nano.a(lib_a-nano-mallocr.o)
 .text._malloc_r
                0x0000000008005780       0xe8 c:/st/stm32cubeide_1.11.2/stm32cubeide/plugins/com.st.stm32cube.ide.mcu.externaltools.gnu-tools-for-stm32.10.3-2021.10.win32_1.0.100.202210260954/tools/bin/../lib/gcc/arm-none-eabi/10.3.1/../../../../arm-none-eabi/lib/thumb/v7-m/nofp\libc_nano.a(lib_a-nano-mallocr.o)
                0x0000000008005780                _malloc_r
 .text._realloc_r
                0x0000000008005868       0x5e c:/st/stm32cubeide_1.11.2/stm32cubeide/plugins/com.st.stm32cube.ide.mcu.externaltools.gnu-tools-for-stm32.10.3-2021.10.win32_1.0.100.202210260954/tools/bin/../lib/gcc/arm-none-eabi/10.3.1/../../../../arm-none-eabi/lib/thumb/v7-m/nofp\libc_nano.a(lib_a-nano-reallocr.o)
                0x0000000008005868                _realloc_r
 *fill*         0x00000000080058c6        0x2 
 .text._sbrk_r  0x00000000080058c8       0x20 c:/st/stm32cubeide_1.11.2/stm32cubeide/plugins/com.st.stm32cube.ide.mcu.externaltools.gnu-tools-for-stm32.10.3-2021.10.win32_1.0.100.202210260954/tools/bin/../lib/gcc/arm-none-eabi/10.3.1/../../../../arm-none-eabi/lib/thumb/v7-m/nofp\libc_nano.a(lib_a-sbrkr.o)
                0x00000000080058c8                _sbrk_r
 .text.__malloc_lock
                0x00000000080058e8        0xc c:/st/stm32cubeide_1.11.2/stm32cubeide/plugins/com.st.stm32cube.ide.mcu.externaltools.gnu-tools-for-stm32.10.3-2021.10.win32_1.0.100.202210260954/tools/bin/../lib/gcc/arm-none-eabi/10.3.1/../../../../arm-none-eabi/lib/thumb/v7-m/nofp\libc_nano.a(lib_a-mlock.o)
                0x00000000080058e8                __malloc_lock
 .text.__malloc_unlock
                0x00000000080058f4        0xc c:/st/stm32cubeide_1.11.2/stm32cubeide/plugins/com.st.stm32cube.ide.mcu.externaltools.gnu-tools-for-stm32.10.3-2021.10.win32_1.0.100.202210260954/tools/bin/../lib/gcc/arm-none-eabi/10.3.1/../../../../arm-none-eabi/lib/thumb/v7-m/nofp\libc_nano.a(lib_a-mlock.o)
                0x00000000080058f4                __malloc_unlock
 .text._malloc_usable_size_r
                0x0000000008005900       0x10 c:/st/stm32cubeide_1.11.2/stm32cubeide/plugins/com.st.stm32cube.ide.mcu.externaltools.gnu-tools-for-stm32.10.3-2021.10.win32_1.0.100.202210260954/tools/bin/../lib/gcc/arm-none-eabi/10.3.1/../../../../arm-none-eabi/lib/thumb/v7-m/nofp\libc_nano.a(lib_a-nano-msizer.o)
                0x0000000008005900                _malloc_usable_size_r
 .text.__retarget_lock_acquire_recursive
                0x0000000008005910        0x2 c:/st/stm32cubeide_1.11.2/stm32cubeide/plugins/com.st.stm32cube.ide.mcu.externaltools.gnu-tools-for-stm32.10.3-2021.10.win32_1.0.100.202210260954/tools/bin/../lib/gcc/arm-none-eabi/10.3.1/../../../../arm-none-eabi/lib/thumb/v7-m/nofp\libc_nano.a(lib_a-lock.o)
                0x0000000008005910                __retarget_lock_acquire_recursive
 .text.__retarget_lock_release_recursive
                0x0000000008005912        0x2 c:/st/stm32cubeide_1.11.2/stm32cubeide/plugins/com.st.stm32cube.ide.mcu.externaltools.gnu-tools-for-stm32.10.3-2021.10.win32_1.0.100.202210260954/tools/bin/../lib/gcc/arm-none-eabi/10.3.1/../../../../arm-none-eabi/lib/thumb/v7-m/nofp\libc_nano.a(lib_a-lock.o)
                0x0000000008005912                __retarget_lock_release_recursive
 *(.glue_7)
 .glue_7        0x0000000008005914        0x0 linker stubs
 *(.glue_7t)
 .glue_7t       0x0000000008005914        0x0 linker stubs
 *(.eh_frame)
 .eh_frame      0x0000000008005914        0x0 c:/st/stm32cubeide_1.11.2/stm32cubeide/plugins/com.st.stm32cube.ide.mcu.externaltools.gnu-tools-for-stm32.10.3-2021.10.win32_1.0.100.202210260954/tools/bin/../lib/gcc/arm-none-eabi/10.3.1/thumb/v7-m/nofp/crtbegin.o
 *(.init)
 .init          0x0000000008005914        0x4 c:/st/stm32cubeide_1.11.2/stm32cubeide/plugins/com.st.stm32cube.ide.mcu.externaltools.gnu-tools-for-stm32.10.3-2021.10.win32_1.0.100.202210260954/tools/bin/../lib/gcc/arm-none-eabi/10.3.1/thumb/v7-m/nofp/crti.o
                0x0000000008005914                _init
 .init          0x0000000008005918        0x8 c:/st/stm32cubeide_1.11.2/stm32cubeide/plugins/com.st.stm32cube.ide.mcu.externaltools.gnu-tools-for-stm32.10.3-2021.10.win32_1.0.100.202210260954/tools/bin/../lib/gcc/arm-none-eabi/10.3.1/thumb/v7-m/nofp/crtn.o
 *(.fini)
 .fini          0x0000000008005920        0x4 c:/st/stm32cubeide_1.11.2/stm32cubeide/plugins/com.st.stm32cube.ide.mcu.externaltools.gnu-tools-for-stm32.10.3-2021.10.win32_1.0.100.202210260954/tools/bin/../lib/gcc/arm-none-eabi/10.3.1/thumb/v7-m/nofp/crti.o
                0x0000000008005920                _fini
 .fini          0x0000000008005924        0x8 c:/st/stm32cubeide_1.11.2/stm32cubeide/plugins/com.st.stm32cube.ide.mcu.externaltools.gnu-tools-for-stm32.10.3-2021.10.win32_1.0.100.202210260954/tools/bin/../lib/gcc/arm-none-eabi/10.3.1/thumb/v7-m/nofp/crtn.o
                0x000000000800592c                . = ALIGN (0x4)
                0x000000000800592c                _etext = .

.vfp11_veneer   0x000000000800592c        0x0
 .vfp11_veneer  0x000000000800592c        0x0 linker stubs

.v4_bx          0x000000000800592c        0x0
 .v4_bx         0x000000000800592c        0x0 linker stubs

.iplt           0x000000000800592c        0x0
 .iplt          0x000000000800592c        0x0 c:/st/stm32cubeide_1.11.2/stm32cubeide/plugins/com.st.stm32cube.ide.mcu.externaltools.gnu-tools-for-stm32.10.3-2021.10.win32_1.0.100.202210260954/tools/bin/../lib/gcc/arm-none-eabi/10.3.1/thumb/v7-m/nofp/crtbegin.o

.rodata         0x000000000800592c      0xe08
                0x000000000800592c                . = ALIGN (0x4)
 *(.rodata)
 .rodata        0x000000000800592c       0x2c ./Core/Src/oledController.o
 .rodata        0x0000000008005958       0x10 ./Drivers/STM32F1xx_HAL_Driver/Src/stm32f1xx_hal_rcc.o
 *(.rodata*)
 .rodata.Font11x18
                0x0000000008005968      0xd5c ./Core/Lib/Src/fonts.o
                0x0000000008005968                Font11x18
 .rodata.AHBPrescTable
                0x00000000080066c4       0x10 ./Core/Src/system_stm32f1xx.o
                0x00000000080066c4                AHBPrescTable
 .rodata.APBPrescTable
                0x00000000080066d4        0x8 ./Core/Src/system_stm32f1xx.o
                0x00000000080066d4                APBPrescTable
 .rodata.__utoa.str1.1
                0x00000000080066dc       0x25 c:/st/stm32cubeide_1.11.2/stm32cubeide/plugins/com.st.stm32cube.ide.mcu.externaltools.gnu-tools-for-stm32.10.3-2021.10.win32_1.0.100.202210260954/tools/bin/../lib/gcc/arm-none-eabi/10.3.1/../../../../arm-none-eabi/lib/thumb/v7-m/nofp\libc_nano.a(lib_a-utoa.o)
 .rodata._svfprintf_r.str1.1
                0x0000000008006701       0x11 c:/st/stm32cubeide_1.11.2/stm32cubeide/plugins/com.st.stm32cube.ide.mcu.externaltools.gnu-tools-for-stm32.10.3-2021.10.win32_1.0.100.202210260954/tools/bin/../lib/gcc/arm-none-eabi/10.3.1/../../../../arm-none-eabi/lib/thumb/v7-m/nofp\libc_nano.a(lib_a-nano-svfprintf.o)
 .rodata._printf_i.str1.1
                0x0000000008006712       0x22 c:/st/stm32cubeide_1.11.2/stm32cubeide/plugins/com.st.stm32cube.ide.mcu.externaltools.gnu-tools-for-stm32.10.3-2021.10.win32_1.0.100.202210260954/tools/bin/../lib/gcc/arm-none-eabi/10.3.1/../../../../arm-none-eabi/lib/thumb/v7-m/nofp\libc_nano.a(lib_a-nano-vfprintf_i.o)
                0x0000000008006734                . = ALIGN (0x4)

.rel.dyn        0x0000000008006734        0x0
 .rel.iplt      0x0000000008006734        0x0 c:/st/stm32cubeide_1.11.2/stm32cubeide/plugins/com.st.stm32cube.ide.mcu.externaltools.gnu-tools-for-stm32.10.3-2021.10.win32_1.0.100.202210260954/tools/bin/../lib/gcc/arm-none-eabi/10.3.1/thumb/v7-m/nofp/crtbegin.o

.ARM.extab      0x0000000008006734        0x0
                0x0000000008006734                . = ALIGN (0x4)
 *(.ARM.extab* .gnu.linkonce.armextab.*)
                0x0000000008006734                . = ALIGN (0x4)

.ARM            0x0000000008006734        0x0
                0x0000000008006734                . = ALIGN (0x4)
                0x0000000008006734                __exidx_start = .
 *(.ARM.exidx*)
                0x0000000008006734                __exidx_end = .
                0x0000000008006734                . = ALIGN (0x4)

.preinit_array  0x0000000008006734        0x0
                0x0000000008006734                . = ALIGN (0x4)
                0x0000000008006734                PROVIDE (__preinit_array_start = .)
 *(.preinit_array*)
                0x0000000008006734                PROVIDE (__preinit_array_end = .)
                0x0000000008006734                . = ALIGN (0x4)

.init_array     0x0000000008006734        0x4
                0x0000000008006734                . = ALIGN (0x4)
                0x0000000008006734                PROVIDE (__init_array_start = .)
 *(SORT_BY_NAME(.init_array.*))
 *(.init_array*)
 .init_array    0x0000000008006734        0x4 c:/st/stm32cubeide_1.11.2/stm32cubeide/plugins/com.st.stm32cube.ide.mcu.externaltools.gnu-tools-for-stm32.10.3-2021.10.win32_1.0.100.202210260954/tools/bin/../lib/gcc/arm-none-eabi/10.3.1/thumb/v7-m/nofp/crtbegin.o
                0x0000000008006738                PROVIDE (__init_array_end = .)
                0x0000000008006738                . = ALIGN (0x4)

.fini_array     0x0000000008006738        0x4
                0x0000000008006738                . = ALIGN (0x4)
                [!provide]                        PROVIDE (__fini_array_start = .)
 *(SORT_BY_NAME(.fini_array.*))
 *(.fini_array*)
 .fini_array    0x0000000008006738        0x4 c:/st/stm32cubeide_1.11.2/stm32cubeide/plugins/com.st.stm32cube.ide.mcu.externaltools.gnu-tools-for-stm32.10.3-2021.10.win32_1.0.100.202210260954/tools/bin/../lib/gcc/arm-none-eabi/10.3.1/thumb/v7-m/nofp/crtbegin.o
                [!provide]                        PROVIDE (__fini_array_end = .)
                0x000000000800673c                . = ALIGN (0x4)
                0x000000000800673c                _sidata = LOADADDR (.data)

.data           0x0000000020000000       0x80 load address 0x000000000800673c
                0x0000000020000000                . = ALIGN (0x4)
                0x0000000020000000                _sdata = .
 *(.data)
 *(.data*)
 .data.Font_11x18
                0x0000000020000000        0x8 ./Core/Lib/Src/fonts.o
                0x0000000020000000                Font_11x18
 .data.m_desired_temper
                0x0000000020000008        0x4 ./Core/Src/heaterController.o
 .data.m_fixed_temper
                0x000000002000000c        0x4 ./Core/Src/heaterController.o
 .data.SystemCoreClock
                0x0000000020000010        0x4 ./Core/Src/system_stm32f1xx.o
                0x0000000020000010                SystemCoreClock
 .data.uwTickPrio
                0x0000000020000014        0x4 ./Drivers/STM32F1xx_HAL_Driver/Src/stm32f1xx_hal.o
                0x0000000020000014                uwTickPrio
 .data.uwTickFreq
                0x0000000020000018        0x1 ./Drivers/STM32F1xx_HAL_Driver/Src/stm32f1xx_hal.o
                0x0000000020000018                uwTickFreq
 *fill*         0x0000000020000019        0x3 
 .data._impure_ptr
                0x000000002000001c        0x4 c:/st/stm32cubeide_1.11.2/stm32cubeide/plugins/com.st.stm32cube.ide.mcu.externaltools.gnu-tools-for-stm32.10.3-2021.10.win32_1.0.100.202210260954/tools/bin/../lib/gcc/arm-none-eabi/10.3.1/../../../../arm-none-eabi/lib/thumb/v7-m/nofp\libc_nano.a(lib_a-impure.o)
                0x000000002000001c                _impure_ptr
 .data.impure_data
                0x0000000020000020       0x60 c:/st/stm32cubeide_1.11.2/stm32cubeide/plugins/com.st.stm32cube.ide.mcu.externaltools.gnu-tools-for-stm32.10.3-2021.10.win32_1.0.100.202210260954/tools/bin/../lib/gcc/arm-none-eabi/10.3.1/../../../../arm-none-eabi/lib/thumb/v7-m/nofp\libc_nano.a(lib_a-impure.o)
 *(.RamFunc)
 *(.RamFunc*)
                0x0000000020000080                . = ALIGN (0x4)
                0x0000000020000080                _edata = .

.igot.plt       0x0000000020000080        0x0 load address 0x00000000080067bc
 .igot.plt      0x0000000020000080        0x0 c:/st/stm32cubeide_1.11.2/stm32cubeide/plugins/com.st.stm32cube.ide.mcu.externaltools.gnu-tools-for-stm32.10.3-2021.10.win32_1.0.100.202210260954/tools/bin/../lib/gcc/arm-none-eabi/10.3.1/thumb/v7-m/nofp/crtbegin.o
                0x0000000020000080                . = ALIGN (0x4)

.bss            0x0000000020000080      0x628 load address 0x00000000080067bc
                0x0000000020000080                _sbss = .
                0x0000000020000080                __bss_start__ = _sbss
 *(.bss)
 .bss           0x0000000020000080       0x1c c:/st/stm32cubeide_1.11.2/stm32cubeide/plugins/com.st.stm32cube.ide.mcu.externaltools.gnu-tools-for-stm32.10.3-2021.10.win32_1.0.100.202210260954/tools/bin/../lib/gcc/arm-none-eabi/10.3.1/thumb/v7-m/nofp/crtbegin.o
 *(.bss*)
 .bss.temperSensor
                0x000000002000009c       0x10 ./Core/Lib/Src/ds18b20.o
                0x000000002000009c                temperSensor
 .bss.OneWire   0x00000000200000ac       0x14 ./Core/Lib/Src/ds18b20.o
                0x00000000200000ac                OneWire
 .bss.m_init    0x00000000200000c0        0x1 ./Core/Lib/Src/ds18b20.o
 .bss.m_busy    0x00000000200000c1        0x1 ./Core/Lib/Src/ds18b20.o
 .bss.m_isConverting
                0x00000000200000c2        0x1 ./Core/Lib/Src/ds18b20.o
 .bss.m_busy_line
                0x00000000200000c3        0x1 ./Core/Lib/Src/onewire.o
 .bss.i         0x00000000200000c4        0x1 ./Core/Lib/Src/onewire.o
                0x00000000200000c4                i
 *fill*         0x00000000200000c5        0x3 
 .bss.SSD1306_Buffer
                0x00000000200000c8      0x400 ./Core/Lib/Src/ssd1306.o
 .bss.SSD1306   0x00000000200004c8        0x6 ./Core/Lib/Src/ssd1306.o
 *fill*         0x00000000200004ce        0x2 
 .bss.count     0x00000000200004d0        0x4 ./Core/Src/buttonController.o
                0x00000000200004d0                count
 .bss._LED_0F   0x00000000200004d4       0x1d ./Core/Src/fnd_controller.o
                0x00000000200004d4                _LED_0F
 *fill*         0x00000000200004f1        0x3 
 .bss.m_hspi    0x00000000200004f4        0x4 ./Core/Src/fnd_controller.o
 .bss.m_tempercount
                0x00000000200004f8        0x1 ./Core/Src/fnd_controller.o
 .bss.m_state   0x00000000200004f9        0x1 ./Core/Src/heaterController.o
 .bss.g_f_sw_up
                0x00000000200004fa        0x1 ./Core/Src/main.o
                0x00000000200004fa                g_f_sw_up
 .bss.g_f_sw_down
                0x00000000200004fb        0x1 ./Core/Src/main.o
                0x00000000200004fb                g_f_sw_down
 .bss.g_f_sw_fix
                0x00000000200004fc        0x1 ./Core/Src/main.o
                0x00000000200004fc                g_f_sw_fix
 .bss.g_f_sw_on
                0x00000000200004fd        0x1 ./Core/Src/main.o
                0x00000000200004fd                g_f_sw_on
 *fill*         0x00000000200004fe        0x2 
 .bss.hi2c2     0x0000000020000500       0x54 ./Core/Src/main.o
                0x0000000020000500                hi2c2
 .bss.hspi2     0x0000000020000554       0x58 ./Core/Src/main.o
                0x0000000020000554                hspi2
 .bss.htim2     0x00000000200005ac       0x48 ./Core/Src/main.o
                0x00000000200005ac                htim2
 .bss.htim3     0x00000000200005f4       0x48 ./Core/Src/main.o
                0x00000000200005f4                htim3
 .bss.huart1    0x000000002000063c       0x44 ./Core/Src/main.o
                0x000000002000063c                huart1
 .bss.m_toggle  0x0000000020000680        0x1 ./Core/Src/oledController.o
 .bss.m_toggle_count
                0x0000000020000681        0x1 ./Core/Src/oledController.o
 *fill*         0x0000000020000682        0x2 
 .bss.m_button_before_time
                0x0000000020000684        0x4 ./Core/Src/stm32f1xx_it.o
 .bss.m_power_sw_timer
                0x0000000020000688        0x4 ./Core/Src/stm32f1xx_it.o
 .bss.m_toggle_timer
                0x000000002000068c        0x4 ./Core/Src/stm32f1xx_it.o
 .bss.__sbrk_heap_end
                0x0000000020000690        0x4 ./Core/Src/sysmem.o
 .bss.uwTick    0x0000000020000694        0x4 ./Drivers/STM32F1xx_HAL_Driver/Src/stm32f1xx_hal.o
                0x0000000020000694                uwTick
 .bss.__malloc_free_list
                0x0000000020000698        0x4 c:/st/stm32cubeide_1.11.2/stm32cubeide/plugins/com.st.stm32cube.ide.mcu.externaltools.gnu-tools-for-stm32.10.3-2021.10.win32_1.0.100.202210260954/tools/bin/../lib/gcc/arm-none-eabi/10.3.1/../../../../arm-none-eabi/lib/thumb/v7-m/nofp\libc_nano.a(lib_a-nano-mallocr.o)
                0x0000000020000698                __malloc_free_list
 .bss.__malloc_sbrk_start
                0x000000002000069c        0x4 c:/st/stm32cubeide_1.11.2/stm32cubeide/plugins/com.st.stm32cube.ide.mcu.externaltools.gnu-tools-for-stm32.10.3-2021.10.win32_1.0.100.202210260954/tools/bin/../lib/gcc/arm-none-eabi/10.3.1/../../../../arm-none-eabi/lib/thumb/v7-m/nofp\libc_nano.a(lib_a-nano-mallocr.o)
                0x000000002000069c                __malloc_sbrk_start
 .bss.errno     0x00000000200006a0        0x4 c:/st/stm32cubeide_1.11.2/stm32cubeide/plugins/com.st.stm32cube.ide.mcu.externaltools.gnu-tools-for-stm32.10.3-2021.10.win32_1.0.100.202210260954/tools/bin/../lib/gcc/arm-none-eabi/10.3.1/../../../../arm-none-eabi/lib/thumb/v7-m/nofp\libc_nano.a(lib_a-reent.o)
                0x00000000200006a0                errno
 .bss.__lock___malloc_recursive_mutex
                0x00000000200006a4        0x1 c:/st/stm32cubeide_1.11.2/stm32cubeide/plugins/com.st.stm32cube.ide.mcu.externaltools.gnu-tools-for-stm32.10.3-2021.10.win32_1.0.100.202210260954/tools/bin/../lib/gcc/arm-none-eabi/10.3.1/../../../../arm-none-eabi/lib/thumb/v7-m/nofp\libc_nano.a(lib_a-lock.o)
                0x00000000200006a4                __lock___malloc_recursive_mutex
 *(COMMON)
                0x00000000200006a8                . = ALIGN (0x4)
 *fill*         0x00000000200006a5        0x3 
                0x00000000200006a8                _ebss = .
                0x00000000200006a8                __bss_end__ = _ebss

._user_heap_stack
                0x00000000200006a8      0x600 load address 0x00000000080067bc
                0x00000000200006a8                . = ALIGN (0x8)
                [!provide]                        PROVIDE (end = .)
                0x00000000200006a8                PROVIDE (_end = .)
                0x00000000200008a8                . = (. + _Min_Heap_Size)
 *fill*         0x00000000200006a8      0x200 
                0x0000000020000ca8                . = (. + _Min_Stack_Size)
 *fill*         0x00000000200008a8      0x400 
                0x0000000020000ca8                . = ALIGN (0x8)

/DISCARD/
 libc.a(*)
 libm.a(*)
 libgcc.a(*)

.ARM.attributes
                0x0000000000000000       0x29
 *(.ARM.attributes)
 .ARM.attributes
                0x0000000000000000       0x1d c:/st/stm32cubeide_1.11.2/stm32cubeide/plugins/com.st.stm32cube.ide.mcu.externaltools.gnu-tools-for-stm32.10.3-2021.10.win32_1.0.100.202210260954/tools/bin/../lib/gcc/arm-none-eabi/10.3.1/thumb/v7-m/nofp/crti.o
 .ARM.attributes
                0x000000000000001d       0x2d c:/st/stm32cubeide_1.11.2/stm32cubeide/plugins/com.st.stm32cube.ide.mcu.externaltools.gnu-tools-for-stm32.10.3-2021.10.win32_1.0.100.202210260954/tools/bin/../lib/gcc/arm-none-eabi/10.3.1/thumb/v7-m/nofp/crtbegin.o
 .ARM.attributes
                0x000000000000004a       0x2d ./Core/Lib/Src/ds18b20.o
 .ARM.attributes
                0x0000000000000077       0x2d ./Core/Lib/Src/fonts.o
 .ARM.attributes
                0x00000000000000a4       0x2d ./Core/Lib/Src/onewire.o
 .ARM.attributes
                0x00000000000000d1       0x2d ./Core/Lib/Src/ssd1306.o
 .ARM.attributes
                0x00000000000000fe       0x2d ./Core/Src/buttonController.o
 .ARM.attributes
                0x000000000000012b       0x2d ./Core/Src/fnd_controller.o
 .ARM.attributes
                0x0000000000000158       0x2d ./Core/Src/heaterController.o
 .ARM.attributes
                0x0000000000000185       0x2d ./Core/Src/ledController.o
 .ARM.attributes
                0x00000000000001b2       0x2d ./Core/Src/main.o
 .ARM.attributes
                0x00000000000001df       0x2d ./Core/Src/oledController.o
 .ARM.attributes
                0x000000000000020c       0x2d ./Core/Src/stm32f1xx_hal_msp.o
 .ARM.attributes
                0x0000000000000239       0x2d ./Core/Src/stm32f1xx_it.o
 .ARM.attributes
                0x0000000000000266       0x2d ./Core/Src/sysmem.o
 .ARM.attributes
                0x0000000000000293       0x2d ./Core/Src/system_stm32f1xx.o
 .ARM.attributes
                0x00000000000002c0       0x21 ./Core/Startup/startup_stm32f103c8tx.o
 .ARM.attributes
                0x00000000000002e1       0x2d ./Drivers/STM32F1xx_HAL_Driver/Src/stm32f1xx_hal.o
 .ARM.attributes
                0x000000000000030e       0x2d ./Drivers/STM32F1xx_HAL_Driver/Src/stm32f1xx_hal_cortex.o
 .ARM.attributes
                0x000000000000033b       0x2d ./Drivers/STM32F1xx_HAL_Driver/Src/stm32f1xx_hal_gpio.o
 .ARM.attributes
                0x0000000000000368       0x2d ./Drivers/STM32F1xx_HAL_Driver/Src/stm32f1xx_hal_i2c.o
 .ARM.attributes
                0x0000000000000395       0x2d ./Drivers/STM32F1xx_HAL_Driver/Src/stm32f1xx_hal_rcc.o
 .ARM.attributes
                0x00000000000003c2       0x2d ./Drivers/STM32F1xx_HAL_Driver/Src/stm32f1xx_hal_spi.o
 .ARM.attributes
                0x00000000000003ef       0x2d ./Drivers/STM32F1xx_HAL_Driver/Src/stm32f1xx_hal_tim.o
 .ARM.attributes
                0x000000000000041c       0x2d ./Drivers/STM32F1xx_HAL_Driver/Src/stm32f1xx_hal_tim_ex.o
 .ARM.attributes
                0x0000000000000449       0x2d ./Drivers/STM32F1xx_HAL_Driver/Src/stm32f1xx_hal_uart.o
 .ARM.attributes
                0x0000000000000476       0x2d c:/st/stm32cubeide_1.11.2/stm32cubeide/plugins/com.st.stm32cube.ide.mcu.externaltools.gnu-tools-for-stm32.10.3-2021.10.win32_1.0.100.202210260954/tools/bin/../lib/gcc/arm-none-eabi/10.3.1/../../../../arm-none-eabi/lib/thumb/v7-m/nofp\libc_nano.a(lib_a-errno.o)
 .ARM.attributes
                0x00000000000004a3       0x2d c:/st/stm32cubeide_1.11.2/stm32cubeide/plugins/com.st.stm32cube.ide.mcu.externaltools.gnu-tools-for-stm32.10.3-2021.10.win32_1.0.100.202210260954/tools/bin/../lib/gcc/arm-none-eabi/10.3.1/../../../../arm-none-eabi/lib/thumb/v7-m/nofp\libc_nano.a(lib_a-impure.o)
 .ARM.attributes
                0x00000000000004d0       0x2d c:/st/stm32cubeide_1.11.2/stm32cubeide/plugins/com.st.stm32cube.ide.mcu.externaltools.gnu-tools-for-stm32.10.3-2021.10.win32_1.0.100.202210260954/tools/bin/../lib/gcc/arm-none-eabi/10.3.1/../../../../arm-none-eabi/lib/thumb/v7-m/nofp\libc_nano.a(lib_a-init.o)
 .ARM.attributes
                0x00000000000004fd       0x2d c:/st/stm32cubeide_1.11.2/stm32cubeide/plugins/com.st.stm32cube.ide.mcu.externaltools.gnu-tools-for-stm32.10.3-2021.10.win32_1.0.100.202210260954/tools/bin/../lib/gcc/arm-none-eabi/10.3.1/../../../../arm-none-eabi/lib/thumb/v7-m/nofp\libc_nano.a(lib_a-itoa.o)
 .ARM.attributes
                0x000000000000052a       0x2d c:/st/stm32cubeide_1.11.2/stm32cubeide/plugins/com.st.stm32cube.ide.mcu.externaltools.gnu-tools-for-stm32.10.3-2021.10.win32_1.0.100.202210260954/tools/bin/../lib/gcc/arm-none-eabi/10.3.1/../../../../arm-none-eabi/lib/thumb/v7-m/nofp\libc_nano.a(lib_a-memset.o)
 .ARM.attributes
                0x0000000000000557       0x2d c:/st/stm32cubeide_1.11.2/stm32cubeide/plugins/com.st.stm32cube.ide.mcu.externaltools.gnu-tools-for-stm32.10.3-2021.10.win32_1.0.100.202210260954/tools/bin/../lib/gcc/arm-none-eabi/10.3.1/../../../../arm-none-eabi/lib/thumb/v7-m/nofp\libc_nano.a(lib_a-sprintf.o)
 .ARM.attributes
                0x0000000000000584       0x17 c:/st/stm32cubeide_1.11.2/stm32cubeide/plugins/com.st.stm32cube.ide.mcu.externaltools.gnu-tools-for-stm32.10.3-2021.10.win32_1.0.100.202210260954/tools/bin/../lib/gcc/arm-none-eabi/10.3.1/../../../../arm-none-eabi/lib/thumb/v7-m/nofp\libc_nano.a(lib_a-strlen.o)
 .ARM.attributes
                0x000000000000059b       0x2d c:/st/stm32cubeide_1.11.2/stm32cubeide/plugins/com.st.stm32cube.ide.mcu.externaltools.gnu-tools-for-stm32.10.3-2021.10.win32_1.0.100.202210260954/tools/bin/../lib/gcc/arm-none-eabi/10.3.1/../../../../arm-none-eabi/lib/thumb/v7-m/nofp\libc_nano.a(lib_a-utoa.o)
 .ARM.attributes
                0x00000000000005c8       0x2d c:/st/stm32cubeide_1.11.2/stm32cubeide/plugins/com.st.stm32cube.ide.mcu.externaltools.gnu-tools-for-stm32.10.3-2021.10.win32_1.0.100.202210260954/tools/bin/../lib/gcc/arm-none-eabi/10.3.1/../../../../arm-none-eabi/lib/thumb/v7-m/nofp\libc_nano.a(lib_a-nano-svfprintf.o)
 .ARM.attributes
                0x00000000000005f5       0x2d c:/st/stm32cubeide_1.11.2/stm32cubeide/plugins/com.st.stm32cube.ide.mcu.externaltools.gnu-tools-for-stm32.10.3-2021.10.win32_1.0.100.202210260954/tools/bin/../lib/gcc/arm-none-eabi/10.3.1/../../../../arm-none-eabi/lib/thumb/v7-m/nofp\libc_nano.a(lib_a-nano-vfprintf_i.o)
 .ARM.attributes
                0x0000000000000622       0x2d c:/st/stm32cubeide_1.11.2/stm32cubeide/plugins/com.st.stm32cube.ide.mcu.externaltools.gnu-tools-for-stm32.10.3-2021.10.win32_1.0.100.202210260954/tools/bin/../lib/gcc/arm-none-eabi/10.3.1/../../../../arm-none-eabi/lib/thumb/v7-m/nofp\libc_nano.a(lib_a-memchr-stub.o)
 .ARM.attributes
                0x000000000000064f       0x2d c:/st/stm32cubeide_1.11.2/stm32cubeide/plugins/com.st.stm32cube.ide.mcu.externaltools.gnu-tools-for-stm32.10.3-2021.10.win32_1.0.100.202210260954/tools/bin/../lib/gcc/arm-none-eabi/10.3.1/../../../../arm-none-eabi/lib/thumb/v7-m/nofp\libc_nano.a(lib_a-memcpy-stub.o)
 .ARM.attributes
                0x000000000000067c       0x2d c:/st/stm32cubeide_1.11.2/stm32cubeide/plugins/com.st.stm32cube.ide.mcu.externaltools.gnu-tools-for-stm32.10.3-2021.10.win32_1.0.100.202210260954/tools/bin/../lib/gcc/arm-none-eabi/10.3.1/../../../../arm-none-eabi/lib/thumb/v7-m/nofp\libc_nano.a(lib_a-memmove.o)
 .ARM.attributes
                0x00000000000006a9       0x2d c:/st/stm32cubeide_1.11.2/stm32cubeide/plugins/com.st.stm32cube.ide.mcu.externaltools.gnu-tools-for-stm32.10.3-2021.10.win32_1.0.100.202210260954/tools/bin/../lib/gcc/arm-none-eabi/10.3.1/../../../../arm-none-eabi/lib/thumb/v7-m/nofp\libc_nano.a(lib_a-nano-freer.o)
 .ARM.attributes
                0x00000000000006d6       0x2d c:/st/stm32cubeide_1.11.2/stm32cubeide/plugins/com.st.stm32cube.ide.mcu.externaltools.gnu-tools-for-stm32.10.3-2021.10.win32_1.0.100.202210260954/tools/bin/../lib/gcc/arm-none-eabi/10.3.1/../../../../arm-none-eabi/lib/thumb/v7-m/nofp\libc_nano.a(lib_a-nano-mallocr.o)
 .ARM.attributes
                0x0000000000000703       0x2d c:/st/stm32cubeide_1.11.2/stm32cubeide/plugins/com.st.stm32cube.ide.mcu.externaltools.gnu-tools-for-stm32.10.3-2021.10.win32_1.0.100.202210260954/tools/bin/../lib/gcc/arm-none-eabi/10.3.1/../../../../arm-none-eabi/lib/thumb/v7-m/nofp\libc_nano.a(lib_a-nano-reallocr.o)
 .ARM.attributes
                0x0000000000000730       0x2d c:/st/stm32cubeide_1.11.2/stm32cubeide/plugins/com.st.stm32cube.ide.mcu.externaltools.gnu-tools-for-stm32.10.3-2021.10.win32_1.0.100.202210260954/tools/bin/../lib/gcc/arm-none-eabi/10.3.1/../../../../arm-none-eabi/lib/thumb/v7-m/nofp\libc_nano.a(lib_a-sbrkr.o)
 .ARM.attributes
                0x000000000000075d       0x2d c:/st/stm32cubeide_1.11.2/stm32cubeide/plugins/com.st.stm32cube.ide.mcu.externaltools.gnu-tools-for-stm32.10.3-2021.10.win32_1.0.100.202210260954/tools/bin/../lib/gcc/arm-none-eabi/10.3.1/../../../../arm-none-eabi/lib/thumb/v7-m/nofp\libc_nano.a(lib_a-mlock.o)
 .ARM.attributes
                0x000000000000078a       0x2d c:/st/stm32cubeide_1.11.2/stm32cubeide/plugins/com.st.stm32cube.ide.mcu.externaltools.gnu-tools-for-stm32.10.3-2021.10.win32_1.0.100.202210260954/tools/bin/../lib/gcc/arm-none-eabi/10.3.1/../../../../arm-none-eabi/lib/thumb/v7-m/nofp\libc_nano.a(lib_a-nano-msizer.o)
 .ARM.attributes
                0x00000000000007b7       0x2d c:/st/stm32cubeide_1.11.2/stm32cubeide/plugins/com.st.stm32cube.ide.mcu.externaltools.gnu-tools-for-stm32.10.3-2021.10.win32_1.0.100.202210260954/tools/bin/../lib/gcc/arm-none-eabi/10.3.1/../../../../arm-none-eabi/lib/thumb/v7-m/nofp\libc_nano.a(lib_a-reent.o)
 .ARM.attributes
                0x00000000000007e4       0x2d c:/st/stm32cubeide_1.11.2/stm32cubeide/plugins/com.st.stm32cube.ide.mcu.externaltools.gnu-tools-for-stm32.10.3-2021.10.win32_1.0.100.202210260954/tools/bin/../lib/gcc/arm-none-eabi/10.3.1/../../../../arm-none-eabi/lib/thumb/v7-m/nofp\libc_nano.a(lib_a-lock.o)
 .ARM.attributes
                0x0000000000000811       0x1d c:/st/stm32cubeide_1.11.2/stm32cubeide/plugins/com.st.stm32cube.ide.mcu.externaltools.gnu-tools-for-stm32.10.3-2021.10.win32_1.0.100.202210260954/tools/bin/../lib/gcc/arm-none-eabi/10.3.1/thumb/v7-m/nofp\libgcc.a(_arm_mulsf3.o)
 .ARM.attributes
                0x000000000000082e       0x1d c:/st/stm32cubeide_1.11.2/stm32cubeide/plugins/com.st.stm32cube.ide.mcu.externaltools.gnu-tools-for-stm32.10.3-2021.10.win32_1.0.100.202210260954/tools/bin/../lib/gcc/arm-none-eabi/10.3.1/thumb/v7-m/nofp\libgcc.a(_arm_addsubsf3.o)
 .ARM.attributes
                0x000000000000084b       0x1d c:/st/stm32cubeide_1.11.2/stm32cubeide/plugins/com.st.stm32cube.ide.mcu.externaltools.gnu-tools-for-stm32.10.3-2021.10.win32_1.0.100.202210260954/tools/bin/../lib/gcc/arm-none-eabi/10.3.1/thumb/v7-m/nofp\libgcc.a(_arm_fixsfsi.o)
 .ARM.attributes
                0x0000000000000868       0x1d c:/st/stm32cubeide_1.11.2/stm32cubeide/plugins/com.st.stm32cube.ide.mcu.externaltools.gnu-tools-for-stm32.10.3-2021.10.win32_1.0.100.202210260954/tools/bin/../lib/gcc/arm-none-eabi/10.3.1/thumb/v7-m/nofp/crtn.o
OUTPUT(4rd.elf elf32-littlearm)
LOAD linker stubs
LOAD c:/st/stm32cubeide_1.11.2/stm32cubeide/plugins/com.st.stm32cube.ide.mcu.externaltools.gnu-tools-for-stm32.10.3-2021.10.win32_1.0.100.202210260954/tools/bin/../lib/gcc/arm-none-eabi/10.3.1/../../../../arm-none-eabi/lib/thumb/v7-m/nofp\libc.a
LOAD c:/st/stm32cubeide_1.11.2/stm32cubeide/plugins/com.st.stm32cube.ide.mcu.externaltools.gnu-tools-for-stm32.10.3-2021.10.win32_1.0.100.202210260954/tools/bin/../lib/gcc/arm-none-eabi/10.3.1/../../../../arm-none-eabi/lib/thumb/v7-m/nofp\libm.a
LOAD c:/st/stm32cubeide_1.11.2/stm32cubeide/plugins/com.st.stm32cube.ide.mcu.externaltools.gnu-tools-for-stm32.10.3-2021.10.win32_1.0.100.202210260954/tools/bin/../lib/gcc/arm-none-eabi/10.3.1/thumb/v7-m/nofp\libgcc.a

.debug_info     0x0000000000000000    0x12b55
 .debug_info    0x0000000000000000      0x985 ./Core/Lib/Src/ds18b20.o
 .debug_info    0x0000000000000985      0x27a ./Core/Lib/Src/fonts.o
 .debug_info    0x0000000000000bff      0xe7f ./Core/Lib/Src/onewire.o
 .debug_info    0x0000000000001a7e     0x1112 ./Core/Lib/Src/ssd1306.o
 .debug_info    0x0000000000002b90      0x22c ./Core/Src/buttonController.o
 .debug_info    0x0000000000002dbc      0x99a ./Core/Src/fnd_controller.o
 .debug_info    0x0000000000003756      0x2e8 ./Core/Src/heaterController.o
 .debug_info    0x0000000000003a3e      0x1de ./Core/Src/ledController.o
 .debug_info    0x0000000000003c1c     0x1829 ./Core/Src/main.o
 .debug_info    0x0000000000005445      0x3a4 ./Core/Src/oledController.o
 .debug_info    0x00000000000057e9     0x13f1 ./Core/Src/stm32f1xx_hal_msp.o
 .debug_info    0x0000000000006bda      0x88d ./Core/Src/stm32f1xx_it.o
 .debug_info    0x0000000000007467      0x171 ./Core/Src/sysmem.o
 .debug_info    0x00000000000075d8      0x23d ./Core/Src/system_stm32f1xx.o
 .debug_info    0x0000000000007815       0x22 ./Core/Startup/startup_stm32f103c8tx.o
 .debug_info    0x0000000000007837      0x734 ./Drivers/STM32F1xx_HAL_Driver/Src/stm32f1xx_hal.o
 .debug_info    0x0000000000007f6b      0xb20 ./Drivers/STM32F1xx_HAL_Driver/Src/stm32f1xx_hal_cortex.o
 .debug_info    0x0000000000008a8b      0x615 ./Drivers/STM32F1xx_HAL_Driver/Src/stm32f1xx_hal_gpio.o
 .debug_info    0x00000000000090a0     0x2734 ./Drivers/STM32F1xx_HAL_Driver/Src/stm32f1xx_hal_i2c.o
 .debug_info    0x000000000000b7d4      0x860 ./Drivers/STM32F1xx_HAL_Driver/Src/stm32f1xx_hal_rcc.o
 .debug_info    0x000000000000c034     0x1658 ./Drivers/STM32F1xx_HAL_Driver/Src/stm32f1xx_hal_spi.o
 .debug_info    0x000000000000d68c     0x29de ./Drivers/STM32F1xx_HAL_Driver/Src/stm32f1xx_hal_tim.o
 .debug_info    0x000000000001006a     0x1513 ./Drivers/STM32F1xx_HAL_Driver/Src/stm32f1xx_hal_tim_ex.o
 .debug_info    0x000000000001157d     0x15d8 ./Drivers/STM32F1xx_HAL_Driver/Src/stm32f1xx_hal_uart.o

.debug_abbrev   0x0000000000000000     0x3087
 .debug_abbrev  0x0000000000000000      0x306 ./Core/Lib/Src/ds18b20.o
 .debug_abbrev  0x0000000000000306      0x111 ./Core/Lib/Src/fonts.o
 .debug_abbrev  0x0000000000000417      0x310 ./Core/Lib/Src/onewire.o
 .debug_abbrev  0x0000000000000727      0x2f8 ./Core/Lib/Src/ssd1306.o
 .debug_abbrev  0x0000000000000a1f      0x149 ./Core/Src/buttonController.o
 .debug_abbrev  0x0000000000000b68      0x1d5 ./Core/Src/fnd_controller.o
 .debug_abbrev  0x0000000000000d3d      0x184 ./Core/Src/heaterController.o
 .debug_abbrev  0x0000000000000ec1      0x10b ./Core/Src/ledController.o
 .debug_abbrev  0x0000000000000fcc      0x341 ./Core/Src/main.o
 .debug_abbrev  0x000000000000130d      0x1d9 ./Core/Src/oledController.o
 .debug_abbrev  0x00000000000014e6      0x203 ./Core/Src/stm32f1xx_hal_msp.o
 .debug_abbrev  0x00000000000016e9      0x21b ./Core/Src/stm32f1xx_it.o
 .debug_abbrev  0x0000000000001904       0xbb ./Core/Src/sysmem.o
 .debug_abbrev  0x00000000000019bf      0x13b ./Core/Src/system_stm32f1xx.o
 .debug_abbrev  0x0000000000001afa       0x12 ./Core/Startup/startup_stm32f103c8tx.o
 .debug_abbrev  0x0000000000001b0c      0x1fb ./Drivers/STM32F1xx_HAL_Driver/Src/stm32f1xx_hal.o
 .debug_abbrev  0x0000000000001d07      0x2ed ./Drivers/STM32F1xx_HAL_Driver/Src/stm32f1xx_hal_cortex.o
 .debug_abbrev  0x0000000000001ff4      0x1bb ./Drivers/STM32F1xx_HAL_Driver/Src/stm32f1xx_hal_gpio.o
 .debug_abbrev  0x00000000000021af      0x288 ./Drivers/STM32F1xx_HAL_Driver/Src/stm32f1xx_hal_i2c.o
 .debug_abbrev  0x0000000000002437      0x2a8 ./Drivers/STM32F1xx_HAL_Driver/Src/stm32f1xx_hal_rcc.o
 .debug_abbrev  0x00000000000026df      0x26e ./Drivers/STM32F1xx_HAL_Driver/Src/stm32f1xx_hal_spi.o
 .debug_abbrev  0x000000000000294d      0x25d ./Drivers/STM32F1xx_HAL_Driver/Src/stm32f1xx_hal_tim.o
 .debug_abbrev  0x0000000000002baa      0x265 ./Drivers/STM32F1xx_HAL_Driver/Src/stm32f1xx_hal_tim_ex.o
 .debug_abbrev  0x0000000000002e0f      0x278 ./Drivers/STM32F1xx_HAL_Driver/Src/stm32f1xx_hal_uart.o

.debug_aranges  0x0000000000000000     0x1448
 .debug_aranges
                0x0000000000000000       0xc0 ./Core/Lib/Src/ds18b20.o
 .debug_aranges
                0x00000000000000c0       0x20 ./Core/Lib/Src/fonts.o
 .debug_aranges
                0x00000000000000e0       0xd8 ./Core/Lib/Src/onewire.o
 .debug_aranges
                0x00000000000001b8       0xf8 ./Core/Lib/Src/ssd1306.o
 .debug_aranges
                0x00000000000002b0       0x28 ./Core/Src/buttonController.o
 .debug_aranges
                0x00000000000002d8       0x70 ./Core/Src/fnd_controller.o
 .debug_aranges
                0x0000000000000348       0x58 ./Core/Src/heaterController.o
 .debug_aranges
                0x00000000000003a0       0x28 ./Core/Src/ledController.o
 .debug_aranges
                0x00000000000003c8       0x60 ./Core/Src/main.o
 .debug_aranges
                0x0000000000000428       0x58 ./Core/Src/oledController.o
 .debug_aranges
                0x0000000000000480       0x60 ./Core/Src/stm32f1xx_hal_msp.o
 .debug_aranges
                0x00000000000004e0       0x88 ./Core/Src/stm32f1xx_it.o
 .debug_aranges
                0x0000000000000568       0x20 ./Core/Src/sysmem.o
 .debug_aranges
                0x0000000000000588       0x28 ./Core/Src/system_stm32f1xx.o
 .debug_aranges
                0x00000000000005b0       0x28 ./Core/Startup/startup_stm32f103c8tx.o
 .debug_aranges
                0x00000000000005d8       0xe0 ./Drivers/STM32F1xx_HAL_Driver/Src/stm32f1xx_hal.o
 .debug_aranges
                0x00000000000006b8      0x100 ./Drivers/STM32F1xx_HAL_Driver/Src/stm32f1xx_hal_cortex.o
 .debug_aranges
                0x00000000000007b8       0x58 ./Drivers/STM32F1xx_HAL_Driver/Src/stm32f1xx_hal_gpio.o
 .debug_aranges
                0x0000000000000810      0x2a0 ./Drivers/STM32F1xx_HAL_Driver/Src/stm32f1xx_hal_i2c.o
 .debug_aranges
                0x0000000000000ab0       0x90 ./Drivers/STM32F1xx_HAL_Driver/Src/stm32f1xx_hal_rcc.o
 .debug_aranges
                0x0000000000000b40      0x1d0 ./Drivers/STM32F1xx_HAL_Driver/Src/stm32f1xx_hal_spi.o
 .debug_aranges
                0x0000000000000d10      0x3d0 ./Drivers/STM32F1xx_HAL_Driver/Src/stm32f1xx_hal_tim.o
 .debug_aranges
                0x00000000000010e0      0x168 ./Drivers/STM32F1xx_HAL_Driver/Src/stm32f1xx_hal_tim_ex.o
 .debug_aranges
                0x0000000000001248      0x200 ./Drivers/STM32F1xx_HAL_Driver/Src/stm32f1xx_hal_uart.o

.debug_ranges   0x0000000000000000     0x1328
 .debug_ranges  0x0000000000000000       0xb0 ./Core/Lib/Src/ds18b20.o
 .debug_ranges  0x00000000000000b0       0x10 ./Core/Lib/Src/fonts.o
 .debug_ranges  0x00000000000000c0       0xc8 ./Core/Lib/Src/onewire.o
 .debug_ranges  0x0000000000000188       0xe8 ./Core/Lib/Src/ssd1306.o
 .debug_ranges  0x0000000000000270       0x18 ./Core/Src/buttonController.o
 .debug_ranges  0x0000000000000288       0x60 ./Core/Src/fnd_controller.o
 .debug_ranges  0x00000000000002e8       0x48 ./Core/Src/heaterController.o
 .debug_ranges  0x0000000000000330       0x18 ./Core/Src/ledController.o
 .debug_ranges  0x0000000000000348       0x50 ./Core/Src/main.o
 .debug_ranges  0x0000000000000398       0x48 ./Core/Src/oledController.o
 .debug_ranges  0x00000000000003e0       0x50 ./Core/Src/stm32f1xx_hal_msp.o
 .debug_ranges  0x0000000000000430       0x78 ./Core/Src/stm32f1xx_it.o
 .debug_ranges  0x00000000000004a8       0x10 ./Core/Src/sysmem.o
 .debug_ranges  0x00000000000004b8       0x18 ./Core/Src/system_stm32f1xx.o
 .debug_ranges  0x00000000000004d0       0x20 ./Core/Startup/startup_stm32f103c8tx.o
 .debug_ranges  0x00000000000004f0       0xd0 ./Drivers/STM32F1xx_HAL_Driver/Src/stm32f1xx_hal.o
 .debug_ranges  0x00000000000005c0       0xf0 ./Drivers/STM32F1xx_HAL_Driver/Src/stm32f1xx_hal_cortex.o
 .debug_ranges  0x00000000000006b0       0x48 ./Drivers/STM32F1xx_HAL_Driver/Src/stm32f1xx_hal_gpio.o
 .debug_ranges  0x00000000000006f8      0x2b8 ./Drivers/STM32F1xx_HAL_Driver/Src/stm32f1xx_hal_i2c.o
 .debug_ranges  0x00000000000009b0       0x80 ./Drivers/STM32F1xx_HAL_Driver/Src/stm32f1xx_hal_rcc.o
 .debug_ranges  0x0000000000000a30      0x1c0 ./Drivers/STM32F1xx_HAL_Driver/Src/stm32f1xx_hal_spi.o
 .debug_ranges  0x0000000000000bf0      0x3c0 ./Drivers/STM32F1xx_HAL_Driver/Src/stm32f1xx_hal_tim.o
 .debug_ranges  0x0000000000000fb0      0x158 ./Drivers/STM32F1xx_HAL_Driver/Src/stm32f1xx_hal_tim_ex.o
 .debug_ranges  0x0000000000001108      0x220 ./Drivers/STM32F1xx_HAL_Driver/Src/stm32f1xx_hal_uart.o

.debug_macro    0x0000000000000000    0x1a110
 .debug_macro   0x0000000000000000      0x1f6 ./Core/Lib/Src/ds18b20.o
 .debug_macro   0x00000000000001f6      0xa6c ./Core/Lib/Src/ds18b20.o
 .debug_macro   0x0000000000000c62      0x227 ./Core/Lib/Src/ds18b20.o
 .debug_macro   0x0000000000000e89       0x2e ./Core/Lib/Src/ds18b20.o
 .debug_macro   0x0000000000000eb7       0x22 ./Core/Lib/Src/ds18b20.o
 .debug_macro   0x0000000000000ed9       0x22 ./Core/Lib/Src/ds18b20.o
 .debug_macro   0x0000000000000efb       0x8e ./Core/Lib/Src/ds18b20.o
 .debug_macro   0x0000000000000f89       0x51 ./Core/Lib/Src/ds18b20.o
 .debug_macro   0x0000000000000fda      0x103 ./Core/Lib/Src/ds18b20.o
 .debug_macro   0x00000000000010dd       0x6a ./Core/Lib/Src/ds18b20.o
 .debug_macro   0x0000000000001147      0x1df ./Core/Lib/Src/ds18b20.o
 .debug_macro   0x0000000000001326       0x1c ./Core/Lib/Src/ds18b20.o
 .debug_macro   0x0000000000001342       0x22 ./Core/Lib/Src/ds18b20.o
 .debug_macro   0x0000000000001364       0xbd ./Core/Lib/Src/ds18b20.o
 .debug_macro   0x0000000000001421      0xd23 ./Core/Lib/Src/ds18b20.o
 .debug_macro   0x0000000000002144     0xe09e ./Core/Lib/Src/ds18b20.o
 .debug_macro   0x00000000000101e2       0x6d ./Core/Lib/Src/ds18b20.o
 .debug_macro   0x000000000001024f     0x3468 ./Core/Lib/Src/ds18b20.o
 .debug_macro   0x00000000000136b7      0x174 ./Core/Lib/Src/ds18b20.o
 .debug_macro   0x000000000001382b       0x5c ./Core/Lib/Src/ds18b20.o
 .debug_macro   0x0000000000013887      0x5be ./Core/Lib/Src/ds18b20.o
 .debug_macro   0x0000000000013e45      0x289 ./Core/Lib/Src/ds18b20.o
 .debug_macro   0x00000000000140ce      0x1cb ./Core/Lib/Src/ds18b20.o
 .debug_macro   0x0000000000014299      0x114 ./Core/Lib/Src/ds18b20.o
 .debug_macro   0x00000000000143ad      0x1b2 ./Core/Lib/Src/ds18b20.o
 .debug_macro   0x000000000001455f       0x27 ./Core/Lib/Src/ds18b20.o
 .debug_macro   0x0000000000014586      0x136 ./Core/Lib/Src/ds18b20.o
 .debug_macro   0x00000000000146bc      0x1bc ./Core/Lib/Src/ds18b20.o
 .debug_macro   0x0000000000014878       0x34 ./Core/Lib/Src/ds18b20.o
 .debug_macro   0x00000000000148ac       0x3c ./Core/Lib/Src/ds18b20.o
 .debug_macro   0x00000000000148e8       0x57 ./Core/Lib/Src/ds18b20.o
 .debug_macro   0x000000000001493f       0x88 ./Core/Lib/Src/ds18b20.o
 .debug_macro   0x00000000000149c7      0x241 ./Core/Lib/Src/ds18b20.o
 .debug_macro   0x0000000000014c08      0x287 ./Core/Lib/Src/ds18b20.o
 .debug_macro   0x0000000000014e8f      0x141 ./Core/Lib/Src/ds18b20.o
 .debug_macro   0x0000000000014fd0      0x217 ./Core/Lib/Src/ds18b20.o
 .debug_macro   0x00000000000151e7      0x8d1 ./Core/Lib/Src/ds18b20.o
 .debug_macro   0x0000000000015ab8      0x279 ./Core/Lib/Src/ds18b20.o
 .debug_macro   0x0000000000015d31       0x83 ./Core/Lib/Src/ds18b20.o
 .debug_macro   0x0000000000015db4       0x40 ./Core/Lib/Src/ds18b20.o
 .debug_macro   0x0000000000015df4       0xc4 ./Core/Lib/Src/ds18b20.o
 .debug_macro   0x0000000000015eb8       0x28 ./Core/Lib/Src/ds18b20.o
 .debug_macro   0x0000000000015ee0       0x22 ./Core/Lib/Src/ds18b20.o
 .debug_macro   0x0000000000015f02       0x46 ./Core/Lib/Src/ds18b20.o
 .debug_macro   0x0000000000015f48      0x28f ./Core/Lib/Src/fonts.o
 .debug_macro   0x00000000000161d7       0x52 ./Core/Lib/Src/fonts.o
 .debug_macro   0x0000000000016229       0x18 ./Core/Lib/Src/fonts.o
 .debug_macro   0x0000000000016241       0x3c ./Core/Lib/Src/fonts.o
 .debug_macro   0x000000000001627d       0x34 ./Core/Lib/Src/fonts.o
 .debug_macro   0x00000000000162b1       0x16 ./Core/Lib/Src/fonts.o
 .debug_macro   0x00000000000162c7       0x43 ./Core/Lib/Src/fonts.o
 .debug_macro   0x000000000001630a       0x34 ./Core/Lib/Src/fonts.o
 .debug_macro   0x000000000001633e       0x10 ./Core/Lib/Src/fonts.o
 .debug_macro   0x000000000001634e       0x58 ./Core/Lib/Src/fonts.o
 .debug_macro   0x00000000000163a6       0x71 ./Core/Lib/Src/fonts.o
 .debug_macro   0x0000000000016417       0x1c ./Core/Lib/Src/fonts.o
 .debug_macro   0x0000000000016433      0x12a ./Core/Lib/Src/fonts.o
 .debug_macro   0x000000000001655d      0x341 ./Core/Lib/Src/fonts.o
 .debug_macro   0x000000000001689e       0x10 ./Core/Lib/Src/fonts.o
 .debug_macro   0x00000000000168ae       0x35 ./Core/Lib/Src/fonts.o
 .debug_macro   0x00000000000168e3       0x20 ./Core/Lib/Src/fonts.o
 .debug_macro   0x0000000000016903      0x1de ./Core/Lib/Src/onewire.o
 .debug_macro   0x0000000000016ae1      0x31a ./Core/Lib/Src/ssd1306.o
 .debug_macro   0x0000000000016dfb       0x16 ./Core/Lib/Src/ssd1306.o
 .debug_macro   0x0000000000016e11       0x16 ./Core/Lib/Src/ssd1306.o
 .debug_macro   0x0000000000016e27       0x29 ./Core/Lib/Src/ssd1306.o
 .debug_macro   0x0000000000016e50       0x23 ./Core/Lib/Src/ssd1306.o
 .debug_macro   0x0000000000016e73      0x31c ./Core/Src/buttonController.o
 .debug_macro   0x000000000001718f       0xbe ./Core/Src/buttonController.o
 .debug_macro   0x000000000001724d       0x2e ./Core/Src/buttonController.o
 .debug_macro   0x000000000001727b      0x1d5 ./Core/Src/fnd_controller.o
 .debug_macro   0x0000000000017450       0x1c ./Core/Src/fnd_controller.o
 .debug_macro   0x000000000001746c      0x312 ./Core/Src/heaterController.o
 .debug_macro   0x000000000001777e      0x1da ./Core/Src/ledController.o
 .debug_macro   0x0000000000017958      0x446 ./Core/Src/main.o
 .debug_macro   0x0000000000017d9e       0x16 ./Core/Src/main.o
 .debug_macro   0x0000000000017db4       0x10 ./Core/Src/main.o
 .debug_macro   0x0000000000017dc4       0x10 ./Core/Src/main.o
 .debug_macro   0x0000000000017dd4       0x1c ./Core/Src/main.o
 .debug_macro   0x0000000000017df0       0x52 ./Core/Src/main.o
 .debug_macro   0x0000000000017e42       0x22 ./Core/Src/main.o
 .debug_macro   0x0000000000017e64       0x10 ./Core/Src/main.o
 .debug_macro   0x0000000000017e74       0x52 ./Core/Src/main.o
 .debug_macro   0x0000000000017ec6       0xd5 ./Core/Src/main.o
 .debug_macro   0x0000000000017f9b       0x1c ./Core/Src/main.o
 .debug_macro   0x0000000000017fb7       0x3d ./Core/Src/main.o
 .debug_macro   0x0000000000017ff4       0x16 ./Core/Src/main.o
 .debug_macro   0x000000000001800a      0x145 ./Core/Src/main.o
 .debug_macro   0x000000000001814f       0x46 ./Core/Src/main.o
 .debug_macro   0x0000000000018195       0x2e ./Core/Src/main.o
 .debug_macro   0x00000000000181c3       0x16 ./Core/Src/main.o
 .debug_macro   0x00000000000181d9      0x3cd ./Core/Src/oledController.o
 .debug_macro   0x00000000000185a6       0x1c ./Core/Src/oledController.o
 .debug_macro   0x00000000000185c2      0x1c6 ./Core/Src/stm32f1xx_hal_msp.o
 .debug_macro   0x0000000000018788      0x436 ./Core/Src/stm32f1xx_it.o
 .debug_macro   0x0000000000018bbe       0xff ./Core/Src/sysmem.o
 .debug_macro   0x0000000000018cbd      0x23b ./Core/Src/sysmem.o
 .debug_macro   0x0000000000018ef8      0x1b7 ./Core/Src/system_stm32f1xx.o
 .debug_macro   0x00000000000190af      0x1db ./Drivers/STM32F1xx_HAL_Driver/Src/stm32f1xx_hal.o
 .debug_macro   0x000000000001928a      0x1b7 ./Drivers/STM32F1xx_HAL_Driver/Src/stm32f1xx_hal_cortex.o
 .debug_macro   0x0000000000019441      0x222 ./Drivers/STM32F1xx_HAL_Driver/Src/stm32f1xx_hal_gpio.o
 .debug_macro   0x0000000000019663      0x1fe ./Drivers/STM32F1xx_HAL_Driver/Src/stm32f1xx_hal_i2c.o
 .debug_macro   0x0000000000019861      0x1c9 ./Drivers/STM32F1xx_HAL_Driver/Src/stm32f1xx_hal_rcc.o
 .debug_macro   0x0000000000019a2a      0x1bf ./Drivers/STM32F1xx_HAL_Driver/Src/stm32f1xx_hal_spi.o
 .debug_macro   0x0000000000019be9      0x1b8 ./Drivers/STM32F1xx_HAL_Driver/Src/stm32f1xx_hal_tim.o
 .debug_macro   0x0000000000019da1      0x1b7 ./Drivers/STM32F1xx_HAL_Driver/Src/stm32f1xx_hal_tim_ex.o
 .debug_macro   0x0000000000019f58      0x1b8 ./Drivers/STM32F1xx_HAL_Driver/Src/stm32f1xx_hal_uart.o

.debug_line     0x0000000000000000    0x17180
 .debug_line    0x0000000000000000      0xc08 ./Core/Lib/Src/ds18b20.o
 .debug_line    0x0000000000000c08      0x835 ./Core/Lib/Src/fonts.o
 .debug_line    0x000000000000143d      0xc2d ./Core/Lib/Src/onewire.o
 .debug_line    0x000000000000206a     0x1009 ./Core/Lib/Src/ssd1306.o
 .debug_line    0x0000000000003073      0x918 ./Core/Src/buttonController.o
 .debug_line    0x000000000000398b      0x8b4 ./Core/Src/fnd_controller.o
 .debug_line    0x000000000000423f      0x9ae ./Core/Src/heaterController.o
 .debug_line    0x0000000000004bed      0x6f3 ./Core/Src/ledController.o
 .debug_line    0x00000000000052e0      0xc7a ./Core/Src/main.o
 .debug_line    0x0000000000005f5a      0xa66 ./Core/Src/oledController.o
 .debug_line    0x00000000000069c0      0x7ec ./Core/Src/stm32f1xx_hal_msp.o
 .debug_line    0x00000000000071ac      0xb93 ./Core/Src/stm32f1xx_it.o
 .debug_line    0x0000000000007d3f      0x4f4 ./Core/Src/sysmem.o
 .debug_line    0x0000000000008233      0x726 ./Core/Src/system_stm32f1xx.o
 .debug_line    0x0000000000008959       0x87 ./Core/Startup/startup_stm32f103c8tx.o
 .debug_line    0x00000000000089e0      0x953 ./Drivers/STM32F1xx_HAL_Driver/Src/stm32f1xx_hal.o
 .debug_line    0x0000000000009333      0xb3b ./Drivers/STM32F1xx_HAL_Driver/Src/stm32f1xx_hal_cortex.o
 .debug_line    0x0000000000009e6e      0x9ea ./Drivers/STM32F1xx_HAL_Driver/Src/stm32f1xx_hal_gpio.o
 .debug_line    0x000000000000a858     0x3a3d ./Drivers/STM32F1xx_HAL_Driver/Src/stm32f1xx_hal_i2c.o
 .debug_line    0x000000000000e295      0xd61 ./Drivers/STM32F1xx_HAL_Driver/Src/stm32f1xx_hal_rcc.o
 .debug_line    0x000000000000eff6     0x1bd8 ./Drivers/STM32F1xx_HAL_Driver/Src/stm32f1xx_hal_spi.o
 .debug_line    0x0000000000010bce     0x3309 ./Drivers/STM32F1xx_HAL_Driver/Src/stm32f1xx_hal_tim.o
 .debug_line    0x0000000000013ed7     0x187b ./Drivers/STM32F1xx_HAL_Driver/Src/stm32f1xx_hal_tim_ex.o
 .debug_line    0x0000000000015752     0x1a2e ./Drivers/STM32F1xx_HAL_Driver/Src/stm32f1xx_hal_uart.o

.debug_str      0x0000000000000000    0x8fe51
 .debug_str     0x0000000000000000    0x86733 ./Core/Lib/Src/ds18b20.o
                                      0x86aa6 (size before relaxing)
 .debug_str     0x0000000000086733     0x2ec8 ./Core/Lib/Src/fonts.o
                                      0x88dff (size before relaxing)
 .debug_str     0x00000000000895fb      0x676 ./Core/Lib/Src/onewire.o
                                      0x86d18 (size before relaxing)
 .debug_str     0x0000000000089c71      0x8e0 ./Core/Lib/Src/ssd1306.o
                                      0x898d8 (size before relaxing)
 .debug_str     0x000000000008a551      0x187 ./Core/Src/buttonController.o
                                      0x8941f (size before relaxing)
 .debug_str     0x000000000008a6d8      0x2aa ./Core/Src/fnd_controller.o
                                      0x86824 (size before relaxing)
 .debug_str     0x000000000008a982       0xcd ./Core/Src/heaterController.o
                                      0x89471 (size before relaxing)
 .debug_str     0x000000000008aa4f       0x2d ./Core/Src/ledController.o
                                      0x86384 (size before relaxing)
 .debug_str     0x000000000008aa7c     0x178b ./Core/Src/main.o
                                      0x8b9b6 (size before relaxing)
 .debug_str     0x000000000008c207       0xcc ./Core/Src/oledController.o
                                      0x8a485 (size before relaxing)
 .debug_str     0x000000000008c2d3      0x127 ./Core/Src/stm32f1xx_hal_msp.o
                                      0x87216 (size before relaxing)
 .debug_str     0x000000000008c3fa      0x17d ./Core/Src/stm32f1xx_it.o
                                      0x8ad5c (size before relaxing)
 .debug_str     0x000000000008c577      0x4da ./Core/Src/sysmem.o
                                       0x5d39 (size before relaxing)
 .debug_str     0x000000000008ca51       0x7e ./Core/Src/system_stm32f1xx.o
                                      0x85fce (size before relaxing)
 .debug_str     0x000000000008cacf       0x36 ./Core/Startup/startup_stm32f103c8tx.o
                                         0x53 (size before relaxing)