../Core/Src/stm32f1xx_it.c:82:6:NMI_Handler	4	static
../Core/Src/stm32f1xx_it.c:96:6:HardFault_Handler	4	static
../Core/Src/stm32f1xx_it.c:111:6:MemManage_Handler	4	static
../Core/Src/stm32f1xx_it.c:126:6:BusFault_Handler	4	static
../Core/Src/stm32f1xx_it.c:141:6:UsageFault_Handler	4	static
../Core/Src/stm32f1xx_it.c:156:6:SVC_Handler	4	static
../Core/Src/stm32f1xx_it.c:169:6:DebugMon_Handler	4	static
../Core/Src/stm32f1xx_it.c:182:6:PendSV_Handler	4	static
../Core/Src/stm32f1xx_it.c:195:6:SysTick_Handler	8	static
../Core/Src/stm32f1xx_it.c:216:6:EXTI0_IRQHandler	8	static
../Core/Src/stm32f1xx_it.c:237:6:EXTI1_IRQHandler	8	static
../Core/Src/stm32f1xx_it.c:254:6:EXTI2_IRQHandler	8	static
../Core/Src/stm32f1xx_it.c:271:6:TIM2_IRQHandler	8	static
../Core/Src/stm32f1xx_it.c:285:6:TIM3_IRQHandler	8	static
