../Core/Lib/Src/ds18b20.c:34:9:isTemperSensorInit	4	static
../Core/Lib/Src/ds18b20.c:38:9:isBusy	8	static
../Core/Lib/Src/ds18b20.c:43:9:isConverting	4	static
../Core/Lib/Src/ds18b20.c:48:9:Ds18b20_Init_Simple	8	static
../Core/Lib/Src/ds18b20.c:73:6:Ds18b20_Init	16	static
../Core/Lib/Src/ds18b20.c:109:6:StartConverting	8	static
../Core/Lib/Src/ds18b20.c:118:6:checkConverting	8	static
../Core/Lib/Src/ds18b20.c:124:7:getTemper	8	static
../Core/Lib/Src/ds18b20.c:133:6:Ds18b20_ManualConvert	24	static
../Core/Lib/Src/ds18b20.c:242:9:DS18B20_Start	16	static
../Core/Lib/Src/ds18b20.c:261:6:DS18B20_StartAll	16	static
../Core/Lib/Src/ds18b20.c:271:6:DS18B20_Read	56	static
../Core/Lib/Src/ds18b20.c:376:9:DS18B20_GetResolution	24	static
../Core/Lib/Src/ds18b20.c:403:9:DS18B20_SetResolution	32	static
../Core/Lib/Src/ds18b20.c:468:9:DS18B20_Is	16	static
../Core/Lib/Src/ds18b20.c:477:9:DS18B20_SetAlarmLowTemperature	32	static
../Core/Lib/Src/ds18b20.c:528:9:DS18B20_SetAlarmHighTemperature	32	static
../Core/Lib/Src/ds18b20.c:579:9:DS18B20_DisableAlarmTemperature	24	static
../Core/Lib/Src/ds18b20.c:625:9:DS18B20_AlarmSearch	16	static
../Core/Lib/Src/ds18b20.c:631:9:DS18B20_AllDone	16	static
../Core/Lib/Src/ds18b20.c:637:7:getCurrentTemper	4	static
