../Core/Lib/Src/onewire.c:23:9:isBusyLine	4	static
../Core/Lib/Src/onewire.c:29:6:ONEWIRE_DELAY	16	static
../Core/Lib/Src/onewire.c:34:6:ONEWIRE_LOW	16	static
../Core/Lib/Src/onewire.c:38:6:ONEWIRE_HIGH	16	static
../Core/Lib/Src/onewire.c:42:6:ONEWIRE_INPUT	32	static
../Core/Lib/Src/onewire.c:51:6:ONEWIRE_OUTPUT	32	static
../Core/Lib/Src/onewire.c:61:6:OneWire_Init	24	static
../Core/Lib/Src/onewire.c:77:16:OneWire_Reset	24	static
../Core/Lib/Src/onewire.c:100:13:OneWire_WriteBit	16	static
../Core/Lib/Src/onewire.c:149:16:OneWire_ReadBit	24	static
../Core/Lib/Src/onewire.c:181:6:OneWire_WriteByte	24	static
../Core/Lib/Src/onewire.c:191:9:OneWire_ReadByte	24	static
../Core/Lib/Src/onewire.c:201:9:OneWire_First	16	static
../Core/Lib/Src/onewire.c:209:9:OneWire_Next	16	static
../Core/Lib/Src/onewire.c:214:6:OneWire_ResetSearch	16	static
../Core/Lib/Src/onewire.c:221:9:OneWire_Search	24	static
../Core/Lib/Src/onewire.c:334:5:OneWire_Verify	48	static
../Core/Lib/Src/onewire.c:374:6:OneWire_TargetSetup	24	static
../Core/Lib/Src/onewire.c:388:6:OneWire_FamilySkipSetup	16	static
../Core/Lib/Src/onewire.c:399:9:OneWire_GetROM	16	static
../Core/Lib/Src/onewire.c:403:6:OneWire_Select	24	static
../Core/Lib/Src/onewire.c:412:6:OneWire_SelectWithPointer	24	static
../Core/Lib/Src/onewire.c:422:6:OneWire_GetFullROM	16	static
../Core/Lib/Src/onewire.c:428:9:OneWire_CRC8	24	static
