17:23:38 **** Build of configuration Debug for project first ****
make -j8 all 
arm-none-eabi-gcc "../Drivers/STM32F1xx_HAL_Driver/Src/stm32f1xx_hal.c" -mcpu=cortex-m3 -std=gnu11 -g3 -DDEBUG -DUSE_HAL_DRIVER -DSTM32F103xB -c -I../Core/Inc -I../Drivers/STM32F1xx_HAL_Driver/Inc/Legacy -I../Drivers/STM32F1xx_HAL_Driver/Inc -I../Drivers/CMSIS/Device/ST/STM32F1xx/Include -I../Drivers/CMSIS/Include -O0 -ffunction-sections -fdata-sections -Wall -fstack-usage -MMD -MP -MF"Drivers/STM32F1xx_HAL_Driver/Src/stm32f1xx_hal.d" -MT"Drivers/STM32F1xx_HAL_Driver/Src/stm32f1xx_hal.o" --specs=nano.specs -mfloat-abi=soft -mthumb -o "Drivers/STM32F1xx_HAL_Driver/Src/stm32f1xx_hal.o"
arm-none-eabi-gcc "../Drivers/STM32F1xx_HAL_Driver/Src/stm32f1xx_hal_cortex.c" -mcpu=cortex-m3 -std=gnu11 -g3 -DDEBUG -DUSE_HAL_DRIVER -DSTM32F103xB -c -I../Core/Inc -I../Drivers/STM32F1xx_HAL_Driver/Inc/Legacy -I../Drivers/STM32F1xx_HAL_Driver/Inc -I../Drivers/CMSIS/Device/ST/STM32F1xx/Include -I../Drivers/CMSIS/Include -O0 -ffunction-sections -fdata-sections -Wall -fstack-usage -MMD -MP -MF"Drivers/STM32F1xx_HAL_Driver/Src/stm32f1xx_hal_cortex.d" -MT"Drivers/STM32F1xx_HAL_Driver/Src/stm32f1xx_hal_cortex.o" --specs=nano.specs -mfloat-abi=soft -mthumb -o "Drivers/STM32F1xx_HAL_Driver/Src/stm32f1xx_hal_cortex.o"
arm-none-eabi-gcc "../Drivers/STM32F1xx_HAL_Driver/Src/stm32f1xx_hal_dma.c" -mcpu=cortex-m3 -std=gnu11 -g3 -DDEBUG -DUSE_HAL_DRIVER -DSTM32F103xB -c -I../Core/Inc -I../Drivers/STM32F1xx_HAL_Driver/Inc/Legacy -I../Drivers/STM32F1xx_HAL_Driver/Inc -I../Drivers/CMSIS/Device/ST/STM32F1xx/Include -I../Drivers/CMSIS/Include -O0 -ffunction-sections -fdata-sections -Wall -fstack-usage -MMD -MP -MF"Drivers/STM32F1xx_HAL_Driver/Src/stm32f1xx_hal_dma.d" -MT"Drivers/STM32F1xx_HAL_Driver/Src/stm32f1xx_hal_dma.o" --specs=nano.specs -mfloat-abi=soft -mthumb -o "Drivers/STM32F1xx_HAL_Driver/Src/stm32f1xx_hal_dma.o"
arm-none-eabi-gcc "../Drivers/STM32F1xx_HAL_Driver/Src/stm32f1xx_hal_exti.c" -mcpu=cortex-m3 -std=gnu11 -g3 -DDEBUG -DUSE_HAL_DRIVER -DSTM32F103xB -c -I../Core/Inc -I../Drivers/STM32F1xx_HAL_Driver/Inc/Legacy -I../Drivers/STM32F1xx_HAL_Driver/Inc -I../Drivers/CMSIS/Device/ST/STM32F1xx/Include -I../Drivers/CMSIS/Include -O0 -ffunction-sections -fdata-sections -Wall -fstack-usage -MMD -MP -MF"Drivers/STM32F1xx_HAL_Driver/Src/stm32f1xx_hal_exti.d" -MT"Drivers/STM32F1xx_HAL_Driver/Src/stm32f1xx_hal_exti.o" --specs=nano.specs -mfloat-abi=soft -mthumb -o "Drivers/STM32F1xx_HAL_Driver/Src/stm32f1xx_hal_exti.o"
arm-none-eabi-gcc "../Drivers/STM32F1xx_HAL_Driver/Src/stm32f1xx_hal_flash.c" -mcpu=cortex-m3 -std=gnu11 -g3 -DDEBUG -DUSE_HAL_DRIVER -DSTM32F103xB -c -I../Core/Inc -I../Drivers/STM32F1xx_HAL_Driver/Inc/Legacy -I../Drivers/STM32F1xx_HAL_Driver/Inc -I../Drivers/CMSIS/Device/ST/STM32F1xx/Include -I../Drivers/CMSIS/Include -O0 -ffunction-sections -fdata-sections -Wall -fstack-usage -MMD -MP -MF"Drivers/STM32F1xx_HAL_Driver/Src/stm32f1xx_hal_flash.d" -MT"Drivers/STM32F1xx_HAL_Driver/Src/stm32f1xx_hal_flash.o" --specs=nano.specs -mfloat-abi=soft -mthumb -o "Drivers/STM32F1xx_HAL_Driver/Src/stm32f1xx_hal_flash.o"
arm-none-eabi-gcc "../Drivers/STM32F1xx_HAL_Driver/Src/stm32f1xx_hal_flash_ex.c" -mcpu=cortex-m3 -std=gnu11 -g3 -DDEBUG -DUSE_HAL_DRIVER -DSTM32F103xB -c -I../Core/Inc -I../Drivers/STM32F1xx_HAL_Driver/Inc/Legacy -I../Drivers/STM32F1xx_HAL_Driver/Inc -I../Drivers/CMSIS/Device/ST/STM32F1xx/Include -I../Drivers/CMSIS/Include -O0 -ffunction-sections -fdata-sections -Wall -fstack-usage -MMD -MP -MF"Drivers/STM32F1xx_HAL_Driver/Src/stm32f1xx_hal_flash_ex.d" -MT"Drivers/STM32F1xx_HAL_Driver/Src/stm32f1xx_hal_flash_ex.o" --specs=nano.specs -mfloat-abi=soft -mthumb -o "Drivers/STM32F1xx_HAL_Driver/Src/stm32f1xx_hal_flash_ex.o"
arm-none-eabi-gcc "../Drivers/STM32F1xx_HAL_Driver/Src/stm32f1xx_hal_gpio.c" -mcpu=cortex-m3 -std=gnu11 -g3 -DDEBUG -DUSE_HAL_DRIVER -DSTM32F103xB -c -I../Core/Inc -I../Drivers/STM32F1xx_HAL_Driver/Inc/Legacy -I../Drivers/STM32F1xx_HAL_Driver/Inc -I../Drivers/CMSIS/Device/ST/STM32F1xx/Include -I../Drivers/CMSIS/Include -O0 -ffunction-sections -fdata-sections -Wall -fstack-usage -MMD -MP -MF"Drivers/STM32F1xx_HAL_Driver/Src/stm32f1xx_hal_gpio.d" -MT"Drivers/STM32F1xx_HAL_Driver/Src/stm32f1xx_hal_gpio.o" --specs=nano.specs -mfloat-abi=soft -mthumb -o "Drivers/STM32F1xx_HAL_Driver/Src/stm32f1xx_hal_gpio.o"
arm-none-eabi-gcc "../Drivers/STM32F1xx_HAL_Driver/Src/stm32f1xx_hal_gpio_ex.c" -mcpu=cortex-m3 -std=gnu11 -g3 -DDEBUG -DUSE_HAL_DRIVER -DSTM32F103xB -c -I../Core/Inc -I../Drivers/STM32F1xx_HAL_Driver/Inc/Legacy -I../Drivers/STM32F1xx_HAL_Driver/Inc -I../Drivers/CMSIS/Device/ST/STM32F1xx/Include -I../Drivers/CMSIS/Include -O0 -ffunction-sections -fdata-sections -Wall -fstack-usage -MMD -MP -MF"Drivers/STM32F1xx_HAL_Driver/Src/stm32f1xx_hal_gpio_ex.d" -MT"Drivers/STM32F1xx_HAL_Driver/Src/stm32f1xx_hal_gpio_ex.o" --specs=nano.specs -mfloat-abi=soft -mthumb -o "Drivers/STM32F1xx_HAL_Driver/Src/stm32f1xx_hal_gpio_ex.o"
arm-none-eabi-gcc "../Drivers/STM32F1xx_HAL_Driver/Src/stm32f1xx_hal_pwr.c" -mcpu=cortex-m3 -std=gnu11 -g3 -DDEBUG -DUSE_HAL_DRIVER -DSTM32F103xB -c -I../Core/Inc -I../Drivers/STM32F1xx_HAL_Driver/Inc/Legacy -I../Drivers/STM32F1xx_HAL_Driver/Inc -I../Drivers/CMSIS/Device/ST/STM32F1xx/Include -I../Drivers/CMSIS/Include -O0 -ffunction-sections -fdata-sections -Wall -fstack-usage -MMD -MP -MF"Drivers/STM32F1xx_HAL_Driver/Src/stm32f1xx_hal_pwr.d" -MT"Drivers/STM32F1xx_HAL_Driver/Src/stm32f1xx_hal_pwr.o" --specs=nano.specs -mfloat-abi=soft -mthumb -o "Drivers/STM32F1xx_HAL_Driver/Src/stm32f1xx_hal_pwr.o"
arm-none-eabi-gcc "../Drivers/STM32F1xx_HAL_Driver/Src/stm32f1xx_hal_rcc.c" -mcpu=cortex-m3 -std=gnu11 -g3 -DDEBUG -DUSE_HAL_DRIVER -DSTM32F103xB -c -I../Core/Inc -I../Drivers/STM32F1xx_HAL_Driver/Inc/Legacy -I../Drivers/STM32F1xx_HAL_Driver/Inc -I../Drivers/CMSIS/Device/ST/STM32F1xx/Include -I../Drivers/CMSIS/Include -O0 -ffunction-sections -fdata-sections -Wall -fstack-usage -MMD -MP -MF"Drivers/STM32F1xx_HAL_Driver/Src/stm32f1xx_hal_rcc.d" -MT"Drivers/STM32F1xx_HAL_Driver/Src/stm32f1xx_hal_rcc.o" --specs=nano.specs -mfloat-abi=soft -mthumb -o "Drivers/STM32F1xx_HAL_Driver/Src/stm32f1xx_hal_rcc.o"
arm-none-eabi-gcc "../Drivers/STM32F1xx_HAL_Driver/Src/stm32f1xx_hal_rcc_ex.c" -mcpu=cortex-m3 -std=gnu11 -g3 -DDEBUG -DUSE_HAL_DRIVER -DSTM32F103xB -c -I../Core/Inc -I../Drivers/STM32F1xx_HAL_Driver/Inc/Legacy -I../Drivers/STM32F1xx_HAL_Driver/Inc -I../Drivers/CMSIS/Device/ST/STM32F1xx/Include -I../Drivers/CMSIS/Include -O0 -ffunction-sections -fdata-sections -Wall -fstack-usage -MMD -MP -MF"Drivers/STM32F1xx_HAL_Driver/Src/stm32f1xx_hal_rcc_ex.d" -MT"Drivers/STM32F1xx_HAL_Driver/Src/stm32f1xx_hal_rcc_ex.o" --specs=nano.specs -mfloat-abi=soft -mthumb -o "Drivers/STM32F1xx_HAL_Driver/Src/stm32f1xx_hal_rcc_ex.o"
arm-none-eabi-gcc "../Drivers/STM32F1xx_HAL_Driver/Src/stm32f1xx_hal_tim.c" -mcpu=cortex-m3 -std=gnu11 -g3 -DDEBUG -DUSE_HAL_DRIVER -DSTM32F103xB -c -I../Core/Inc -I../Drivers/STM32F1xx_HAL_Driver/Inc/Legacy -I../Drivers/STM32F1xx_HAL_Driver/Inc -I../Drivers/CMSIS/Device/ST/STM32F1xx/Include -I../Drivers/CMSIS/Include -O0 -ffunction-sections -fdata-sections -Wall -fstack-usage -MMD -MP -MF"Drivers/STM32F1xx_HAL_Driver/Src/stm32f1xx_hal_tim.d" -MT"Drivers/STM32F1xx_HAL_Driver/Src/stm32f1xx_hal_tim.o" --specs=nano.specs -mfloat-abi=soft -mthumb -o "Drivers/STM32F1xx_HAL_Driver/Src/stm32f1xx_hal_tim.o"
arm-none-eabi-gcc "../Drivers/STM32F1xx_HAL_Driver/Src/stm32f1xx_hal_tim_ex.c" -mcpu=cortex-m3 -std=gnu11 -g3 -DDEBUG -DUSE_HAL_DRIVER -DSTM32F103xB -c -I../Core/Inc -I../Drivers/STM32F1xx_HAL_Driver/Inc/Legacy -I../Drivers/STM32F1xx_HAL_Driver/Inc -I../Drivers/CMSIS/Device/ST/STM32F1xx/Include -I../Drivers/CMSIS/Include -O0 -ffunction-sections -fdata-sections -Wall -fstack-usage -MMD -MP -MF"Drivers/STM32F1xx_HAL_Driver/Src/stm32f1xx_hal_tim_ex.d" -MT"Drivers/STM32F1xx_HAL_Driver/Src/stm32f1xx_hal_tim_ex.o" --specs=nano.specs -mfloat-abi=soft -mthumb -o "Drivers/STM32F1xx_HAL_Driver/Src/stm32f1xx_hal_tim_ex.o"
arm-none-eabi-gcc "../Drivers/STM32F1xx_HAL_Driver/Src/stm32f1xx_hal_uart.c" -mcpu=cortex-m3 -std=gnu11 -g3 -DDEBUG -DUSE_HAL_DRIVER -DSTM32F103xB -c -I../Core/Inc -I../Drivers/STM32F1xx_HAL_Driver/Inc/Legacy -I../Drivers/STM32F1xx_HAL_Driver/Inc -I../Drivers/CMSIS/Device/ST/STM32F1xx/Include -I../Drivers/CMSIS/Include -O0 -ffunction-sections -fdata-sections -Wall -fstack-usage -MMD -MP -MF"Drivers/STM32F1xx_HAL_Driver/Src/stm32f1xx_hal_uart.d" -MT"Drivers/STM32F1xx_HAL_Driver/Src/stm32f1xx_hal_uart.o" --specs=nano.specs -mfloat-abi=soft -mthumb -o "Drivers/STM32F1xx_HAL_Driver/Src/stm32f1xx_hal_uart.o"
arm-none-eabi-gcc -mcpu=cortex-m3 -g3 -DDEBUG -c -x assembler-with-cpp -MMD -MP -MF"Core/Startup/startup_stm32f103c8tx.d" -MT"Core/Startup/startup_stm32f103c8tx.o" --specs=nano.specs -mfloat-abi=soft -mthumb -o "Core/Startup/startup_stm32f103c8tx.o" "../Core/Startup/startup_stm32f103c8tx.s"
arm-none-eabi-gcc "../Core/Src/fnd_controller.c" -mcpu=cortex-m3 -std=gnu11 -g3 -DDEBUG -DUSE_HAL_DRIVER -DSTM32F103xB -c -I../Core/Inc -I../Drivers/STM32F1xx_HAL_Driver/Inc/Legacy -I../Drivers/STM32F1xx_HAL_Driver/Inc -I../Drivers/CMSIS/Device/ST/STM32F1xx/Include -I../Drivers/CMSIS/Include -O0 -ffunction-sections -fdata-sections -Wall -fstack-usage -MMD -MP -MF"Core/Src/fnd_controller.d" -MT"Core/Src/fnd_controller.o" --specs=nano.specs -mfloat-abi=soft -mthumb -o "Core/Src/fnd_controller.o"
arm-none-eabi-gcc "../Core/Src/main.c" -mcpu=cortex-m3 -std=gnu11 -g3 -DDEBUG -DUSE_HAL_DRIVER -DSTM32F103xB -c -I../Core/Inc -I../Drivers/STM32F1xx_HAL_Driver/Inc/Legacy -I../Drivers/STM32F1xx_HAL_Driver/Inc -I../Drivers/CMSIS/Device/ST/STM32F1xx/Include -I../Drivers/CMSIS/Include -O0 -ffunction-sections -fdata-sections -Wall -fstack-usage -MMD -MP -MF"Core/Src/main.d" -MT"Core/Src/main.o" --specs=nano.specs -mfloat-abi=soft -mthumb -o "Core/Src/main.o"
arm-none-eabi-gcc "../Core/Src/stm32f1xx_hal_msp.c" -mcpu=cortex-m3 -std=gnu11 -g3 -DDEBUG -DUSE_HAL_DRIVER -DSTM32F103xB -c -I../Core/Inc -I../Drivers/STM32F1xx_HAL_Driver/Inc/Legacy -I../Drivers/STM32F1xx_HAL_Driver/Inc -I../Drivers/CMSIS/Device/ST/STM32F1xx/Include -I../Drivers/CMSIS/Include -O0 -ffunction-sections -fdata-sections -Wall -fstack-usage -MMD -MP -MF"Core/Src/stm32f1xx_hal_msp.d" -MT"Core/Src/stm32f1xx_hal_msp.o" --specs=nano.specs -mfloat-abi=soft -mthumb -o "Core/Src/stm32f1xx_hal_msp.o"
arm-none-eabi-gcc "../Core/Src/stm32f1xx_it.c" -mcpu=cortex-m3 -std=gnu11 -g3 -DDEBUG -DUSE_HAL_DRIVER -DSTM32F103xB -c -I../Core/Inc -I../Drivers/STM32F1xx_HAL_Driver/Inc/Legacy -I../Drivers/STM32F1xx_HAL_Driver/Inc -I../Drivers/CMSIS/Device/ST/STM32F1xx/Include -I../Drivers/CMSIS/Include -O0 -ffunction-sections -fdata-sections -Wall -fstack-usage -MMD -MP -MF"Core/Src/stm32f1xx_it.d" -MT"Core/Src/stm32f1xx_it.o" --specs=nano.specs -mfloat-abi=soft -mthumb -o "Core/Src/stm32f1xx_it.o"
arm-none-eabi-gcc "../Core/Src/syscalls.c" -mcpu=cortex-m3 -std=gnu11 -g3 -DDEBUG -DUSE_HAL_DRIVER -DSTM32F103xB -c -I../Core/Inc -I../Drivers/STM32F1xx_HAL_Driver/Inc/Legacy -I../Drivers/STM32F1xx_HAL_Driver/Inc -I../Drivers/CMSIS/Device/ST/STM32F1xx/Include -I../Drivers/CMSIS/Include -O0 -ffunction-sections -fdata-sections -Wall -fstack-usage -MMD -MP -MF"Core/Src/syscalls.d" -MT"Core/Src/syscalls.o" --specs=nano.specs -mfloat-abi=soft -mthumb -o "Core/Src/syscalls.o"
arm-none-eabi-gcc "../Core/Src/sysmem.c" -mcpu=cortex-m3 -std=gnu11 -g3 -DDEBUG -DUSE_HAL_DRIVER -DSTM32F103xB -c -I../Core/Inc -I../Drivers/STM32F1xx_HAL_Driver/Inc/Legacy -I../Drivers/STM32F1xx_HAL_Driver/Inc -I../Drivers/CMSIS/Device/ST/STM32F1xx/Include -I../Drivers/CMSIS/Include -O0 -ffunction-sections -fdata-sections -Wall -fstack-usage -MMD -MP -MF"Core/Src/sysmem.d" -MT"Core/Src/sysmem.o" --specs=nano.specs -mfloat-abi=soft -mthumb -o "Core/Src/sysmem.o"
arm-none-eabi-gcc "../Core/Src/system_stm32f1xx.c" -mcpu=cortex-m3 -std=gnu11 -g3 -DDEBUG -DUSE_HAL_DRIVER -DSTM32F103xB -c -I../Core/Inc -I../Drivers/STM32F1xx_HAL_Driver/Inc/Legacy -I../Drivers/STM32F1xx_HAL_Driver/Inc -I../Drivers/CMSIS/Device/ST/STM32F1xx/Include -I../Drivers/CMSIS/Include -O0 -ffunction-sections -fdata-sections -Wall -fstack-usage -MMD -MP -MF"Core/Src/system_stm32f1xx.d" -MT"Core/Src/system_stm32f1xx.o" --specs=nano.specs -mfloat-abi=soft -mthumb -o "Core/Src/system_stm32f1xx.o"
arm-none-eabi-gcc -o "first.elf" @"objects.list"   -mcpu=cortex-m3 -T"C:\projectWork\first\first\STM32F103C8TX_FLASH.ld" --specs=nosys.specs -Wl,-Map="first.map" -Wl,--gc-sections -static --specs=nano.specs -mfloat-abi=soft -mthumb -Wl,--start-group -lc -lm -Wl,--end-group
Finished building target: first.elf
 
arm-none-eabi-size   first.elf 
arm-none-eabi-objdump -h -S  first.elf  > "first.list"
   text	   data	    bss	    dec	    hex	filename
   5444	     20	   1636	   7100	   1bbc	first.elf
Finished building: default.size.stdout
 
Finished building: first.list
 
17:23:58 **** Incremental Build of configuration Debug for project first ****
make -j8 all 
arm-none-eabi-gcc "../Core/Src/fnd_controller.c" -mcpu=cortex-m3 -std=gnu11 -g3 -DDEBUG -DUSE_HAL_DRIVER -DSTM32F103xB -c -I../Core/Inc -I../Drivers/STM32F1xx_HAL_Driver/Inc/Legacy -I../Drivers/STM32F1xx_HAL_Driver/Inc -I../Drivers/CMSIS/Device/ST/STM32F1xx/Include -I../Drivers/CMSIS/Include -O0 -ffunction-sections -fdata-sections -Wall -fstack-usage -MMD -MP -MF"Core/Src/fnd_controller.d" -MT"Core/Src/fnd_controller.o" --specs=nano.specs -mfloat-abi=soft -mthumb -o "Core/Src/fnd_controller.o"
arm-none-eabi-gcc "../Core/Src/main.c" -mcpu=cortex-m3 -std=gnu11 -g3 -DDEBUG -DUSE_HAL_DRIVER -DSTM32F103xB -c -I../Core/Inc -I../Drivers/STM32F1xx_HAL_Driver/Inc/Legacy -I../Drivers/STM32F1xx_HAL_Driver/Inc -I../Drivers/CMSIS/Device/ST/STM32F1xx/Include -I../Drivers/CMSIS/Include -O0 -ffunction-sections -fdata-sections -Wall -fstack-usage -MMD -MP -MF"Core/Src/main.d" -MT"Core/Src/main.o" --specs=nano.specs -mfloat-abi=soft -mthumb -o "Core/Src/main.o"
../Core/Src/fnd_controller.c: In function 'digit4_show':
../Core/Src/fnd_controller.c:77:20: warning: suggest parentheses around comparison in operand of '|' [-Wparentheses]
   77 |     if(showZero | n>9)send_port(_LED_0F[n2], 0b0010);
      |                   ~^~
../Core/Src/fnd_controller.c:78:20: warning: suggest parentheses around comparison in operand of '|' [-Wparentheses]
   78 |     if(showZero | n>99)send_port(_LED_0F[n3], 0b0100);
      |                   ~^~~
../Core/Src/fnd_controller.c:79:20: warning: suggest parentheses around comparison in operand of '|' [-Wparentheses]
   79 |     if(showZero | n>999)send_port(_LED_0F[n4], 0b1000);
      |                   ~^~~~
arm-none-eabi-gcc -o "first.elf" @"objects.list"   -mcpu=cortex-m3 -T"C:\projectWork\first\first\STM32F103C8TX_FLASH.ld" --specs=nosys.specs -Wl,-Map="first.map" -Wl,--gc-sections -static --specs=nano.specs -mfloat-abi=soft -mthumb -Wl,--start-group -lc -lm -Wl,--end-group
Finished building target: first.elf
 
arm-none-eabi-size   first.elf 
arm-none-eabi-objdump -h -S  first.elf  > "first.list"
   text	   data	    bss	    dec	    hex	filename
   6156	     20	   1668	   7844	   1ea4	first.elf
Finished building: default.size.stdout
 
Finished building: first.list
 
20:50:46 **** Build of configuration Debug for project first ****
make -j8 all 
arm-none-eabi-size   first.elf 
   text	   data	    bss	    dec	    hex	filename
   6156	     20	   1668	   7844	   1ea4	first.elf
Finished building: default.size.stdout
 
16:50:47 **** Incremental Build of configuration Debug for project first ****
make -j8 all 
arm-none-eabi-size   first.elf 
   text	   data	    bss	    dec	    hex	filename
   6156	     20	   1668	   7844	   1ea4	first.elf
Finished building: default.size.stdout
 
16:57:35 **** Incremental Build of configuration Debug for project first ****
make -j8 all 
arm-none-eabi-gcc "../Core/Lib/Src/ds18b20.c" -mcpu=cortex-m3 -std=gnu11 -g3 -DDEBUG -DUSE_HAL_DRIVER -DSTM32F103xB -c -I../Core/Inc -I../Drivers/STM32F1xx_HAL_Driver/Inc/Legacy -I../Drivers/STM32F1xx_HAL_Driver/Inc -I../Drivers/CMSIS/Device/ST/STM32F1xx/Include -I../Drivers/CMSIS/Include -O0 -ffunction-sections -fdata-sections -Wall -fstack-usage -MMD -MP -MF"Core/Lib/Src/ds18b20.d" -MT"Core/Lib/Src/ds18b20.o" --specs=nano.specs -mfloat-abi=soft -mthumb -o "Core/Lib/Src/ds18b20.o"
arm-none-eabi-gcc "../Core/Lib/Src/onewire.c" -mcpu=cortex-m3 -std=gnu11 -g3 -DDEBUG -DUSE_HAL_DRIVER -DSTM32F103xB -c -I../Core/Inc -I../Drivers/STM32F1xx_HAL_Driver/Inc/Legacy -I../Drivers/STM32F1xx_HAL_Driver/Inc -I../Drivers/CMSIS/Device/ST/STM32F1xx/Include -I../Drivers/CMSIS/Include -O0 -ffunction-sections -fdata-sections -Wall -fstack-usage -MMD -MP -MF"Core/Lib/Src/onewire.d" -MT"Core/Lib/Src/onewire.o" --specs=nano.specs -mfloat-abi=soft -mthumb -o "Core/Lib/Src/onewire.o"
../Core/Lib/Src/ds18b20.c:3:10: fatal error: ds18b20.h: No such file or directory
    3 | #include "ds18b20.h"
      |          ^~~~~~~~~~~
../Core/Lib/Src/onewire.c:19:10: fatal error: onewire.h: No such file or directory
   19 | #include "onewire.h"
      |          ^~~~~~~~~~~
compilation terminated.
compilation terminated.
make: *** [Core/Lib/Src/subdir.mk:22: Core/Lib/Src/onewire.o] Error 1
make: *** Waiting for unfinished jobs....
make: *** [Core/Lib/Src/subdir.mk:22: Core/Lib/Src/ds18b20.o] Error 1
"make -j8 all" terminated with exit code 2. Build might be incomplete.
17:04:04 **** Incremental Build of configuration Debug for project first ****
make -j8 all 
arm-none-eabi-gcc -mcpu=cortex-m3 -g3 -DDEBUG -c -x assembler-with-cpp -MMD -MP -MF"Core/Startup/startup_stm32f103c8tx.d" -MT"Core/Startup/startup_stm32f103c8tx.o" --specs=nano.specs -mfloat-abi=soft -mthumb -o "Core/Startup/startup_stm32f103c8tx.o" "../Core/Startup/startup_stm32f103c8tx.s"
arm-none-eabi-gcc "../Core/Src/fnd_controller.c" -mcpu=cortex-m3 -std=gnu11 -g3 -DDEBUG -DUSE_HAL_DRIVER -DSTM32F103xB -c -I../Core/Inc -I../Drivers/STM32F1xx_HAL_Driver/Inc/Legacy -I../Drivers/STM32F1xx_HAL_Driver/Inc -I../Drivers/CMSIS/Device/ST/STM32F1xx/Include -I../Drivers/CMSIS/Include -I"C:/projectWork/first/first/Core/Lib/Inc" -O0 -ffunction-sections -fdata-sections -Wall -fstack-usage -MMD -MP -MF"Core/Src/fnd_controller.d" -MT"Core/Src/fnd_controller.o" --specs=nano.specs -mfloat-abi=soft -mthumb -o "Core/Src/fnd_controller.o"
arm-none-eabi-gcc "../Core/Src/main.c" -mcpu=cortex-m3 -std=gnu11 -g3 -DDEBUG -DUSE_HAL_DRIVER -DSTM32F103xB -c -I../Core/Inc -I../Drivers/STM32F1xx_HAL_Driver/Inc/Legacy -I../Drivers/STM32F1xx_HAL_Driver/Inc -I../Drivers/CMSIS/Device/ST/STM32F1xx/Include -I../Drivers/CMSIS/Include -I"C:/projectWork/first/first/Core/Lib/Inc" -O0 -ffunction-sections -fdata-sections -Wall -fstack-usage -MMD -MP -MF"Core/Src/main.d" -MT"Core/Src/main.o" --specs=nano.specs -mfloat-abi=soft -mthumb -o "Core/Src/main.o"
arm-none-eabi-gcc "../Core/Src/stm32f1xx_hal_msp.c" -mcpu=cortex-m3 -std=gnu11 -g3 -DDEBUG -DUSE_HAL_DRIVER -DSTM32F103xB -c -I../Core/Inc -I../Drivers/STM32F1xx_HAL_Driver/Inc/Legacy -I../Drivers/STM32F1xx_HAL_Driver/Inc -I../Drivers/CMSIS/Device/ST/STM32F1xx/Include -I../Drivers/CMSIS/Include -I"C:/projectWork/first/first/Core/Lib/Inc" -O0 -ffunction-sections -fdata-sections -Wall -fstack-usage -MMD -MP -MF"Core/Src/stm32f1xx_hal_msp.d" -MT"Core/Src/stm32f1xx_hal_msp.o" --specs=nano.specs -mfloat-abi=soft -mthumb -o "Core/Src/stm32f1xx_hal_msp.o"
arm-none-eabi-gcc "../Core/Src/stm32f1xx_it.c" -mcpu=cortex-m3 -std=gnu11 -g3 -DDEBUG -DUSE_HAL_DRIVER -DSTM32F103xB -c -I../Core/Inc -I../Drivers/STM32F1xx_HAL_Driver/Inc/Legacy -I../Drivers/STM32F1xx_HAL_Driver/Inc -I../Drivers/CMSIS/Device/ST/STM32F1xx/Include -I../Drivers/CMSIS/Include -I"C:/projectWork/first/first/Core/Lib/Inc" -O0 -ffunction-sections -fdata-sections -Wall -fstack-usage -MMD -MP -MF"Core/Src/stm32f1xx_it.d" -MT"Core/Src/stm32f1xx_it.o" --specs=nano.specs -mfloat-abi=soft -mthumb -o "Core/Src/stm32f1xx_it.o"
arm-none-eabi-gcc "../Core/Src/syscalls.c" -mcpu=cortex-m3 -std=gnu11 -g3 -DDEBUG -DUSE_HAL_DRIVER -DSTM32F103xB -c -I../Core/Inc -I../Drivers/STM32F1xx_HAL_Driver/Inc/Legacy -I../Drivers/STM32F1xx_HAL_Driver/Inc -I../Drivers/CMSIS/Device/ST/STM32F1xx/Include -I../Drivers/CMSIS/Include -I"C:/projectWork/first/first/Core/Lib/Inc" -O0 -ffunction-sections -fdata-sections -Wall -fstack-usage -MMD -MP -MF"Core/Src/syscalls.d" -MT"Core/Src/syscalls.o" --specs=nano.specs -mfloat-abi=soft -mthumb -o "Core/Src/syscalls.o"
arm-none-eabi-gcc "../Core/Src/sysmem.c" -mcpu=cortex-m3 -std=gnu11 -g3 -DDEBUG -DUSE_HAL_DRIVER -DSTM32F103xB -c -I../Core/Inc -I../Drivers/STM32F1xx_HAL_Driver/Inc/Legacy -I../Drivers/STM32F1xx_HAL_Driver/Inc -I../Drivers/CMSIS/Device/ST/STM32F1xx/Include -I../Drivers/CMSIS/Include -I"C:/projectWork/first/first/Core/Lib/Inc" -O0 -ffunction-sections -fdata-sections -Wall -fstack-usage -MMD -MP -MF"Core/Src/sysmem.d" -MT"Core/Src/sysmem.o" --specs=nano.specs -mfloat-abi=soft -mthumb -o "Core/Src/sysmem.o"
arm-none-eabi-gcc "../Core/Src/system_stm32f1xx.c" -mcpu=cortex-m3 -std=gnu11 -g3 -DDEBUG -DUSE_HAL_DRIVER -DSTM32F103xB -c -I../Core/Inc -I../Drivers/STM32F1xx_HAL_Driver/Inc/Legacy -I../Drivers/STM32F1xx_HAL_Driver/Inc -I../Drivers/CMSIS/Device/ST/STM32F1xx/Include -I../Drivers/CMSIS/Include -I"C:/projectWork/first/first/Core/Lib/Inc" -O0 -ffunction-sections -fdata-sections -Wall -fstack-usage -MMD -MP -MF"Core/Src/system_stm32f1xx.d" -MT"Core/Src/system_stm32f1xx.o" --specs=nano.specs -mfloat-abi=soft -mthumb -o "Core/Src/system_stm32f1xx.o"
../Core/Src/fnd_controller.c: In function 'digit4_show':
../Core/Src/fnd_controller.c:77:20: warning: suggest parentheses around comparison in operand of '|' [-Wparentheses]
   77 |     if(showZero | n>9)send_port(_LED_0F[n2], 0b0010);
      |                   ~^~
../Core/Src/fnd_controller.c:78:20: warning: suggest parentheses around comparison in operand of '|' [-Wparentheses]
   78 |     if(showZero | n>99)send_port(_LED_0F[n3], 0b0100);
      |                   ~^~~
../Core/Src/fnd_controller.c:79:20: warning: suggest parentheses around comparison in operand of '|' [-Wparentheses]
   79 |     if(showZero | n>999)send_port(_LED_0F[n4], 0b1000);
      |                   ~^~~~
arm-none-eabi-gcc "../Core/Lib/Src/ds18b20.c" -mcpu=cortex-m3 -std=gnu11 -g3 -DDEBUG -DUSE_HAL_DRIVER -DSTM32F103xB -c -I../Core/Inc -I../Drivers/STM32F1xx_HAL_Driver/Inc/Legacy -I../Drivers/STM32F1xx_HAL_Driver/Inc -I../Drivers/CMSIS/Device/ST/STM32F1xx/Include -I../Drivers/CMSIS/Include -I"C:/projectWork/first/first/Core/Lib/Inc" -O0 -ffunction-sections -fdata-sections -Wall -fstack-usage -MMD -MP -MF"Core/Lib/Src/ds18b20.d" -MT"Core/Lib/Src/ds18b20.o" --specs=nano.specs -mfloat-abi=soft -mthumb -o "Core/Lib/Src/ds18b20.o"
arm-none-eabi-gcc "../Core/Lib/Src/onewire.c" -mcpu=cortex-m3 -std=gnu11 -g3 -DDEBUG -DUSE_HAL_DRIVER -DSTM32F103xB -c -I../Core/Inc -I../Drivers/STM32F1xx_HAL_Driver/Inc/Legacy -I../Drivers/STM32F1xx_HAL_Driver/Inc -I../Drivers/CMSIS/Device/ST/STM32F1xx/Include -I../Drivers/CMSIS/Include -I"C:/projectWork/first/first/Core/Lib/Inc" -O0 -ffunction-sections -fdata-sections -Wall -fstack-usage -MMD -MP -MF"Core/Lib/Src/onewire.d" -MT"Core/Lib/Src/onewire.o" --specs=nano.specs -mfloat-abi=soft -mthumb -o "Core/Lib/Src/onewire.o"
In file included from C:/projectWork/first/first/Core/Lib/Inc/ds18b20.h:7,
                 from ../Core/Lib/Src/ds18b20.c:3:
C:/projectWork/first/first/Core/Lib/Inc/onewire.h:10:10: fatal error: gpio.h: No such file or directory
   10 | #include "gpio.h"
      |          ^~~~~~~~
compilation terminated.
In file included from ../Core/Lib/Src/onewire.c:19:
C:/projectWork/first/first/Core/Lib/Inc/onewire.h:10:10: fatal error: gpio.h: No such file or directory
   10 | #include "gpio.h"
      |          ^~~~~~~~
compilation terminated.
make: *** [Core/Lib/Src/subdir.mk:22: Core/Lib/Src/ds18b20.o] Error 1
make: *** Waiting for unfinished jobs....
make: *** [Core/Lib/Src/subdir.mk:22: Core/Lib/Src/onewire.o] Error 1
"make -j8 all" terminated with exit code 2. Build might be incomplete.
17:05:53 **** Incremental Build of configuration Debug for project first ****
make -j8 all 
arm-none-eabi-gcc "../Core/Lib/Src/ds18b20.c" -mcpu=cortex-m3 -std=gnu11 -g3 -DDEBUG -DUSE_HAL_DRIVER -DSTM32F103xB -c -I../Core/Inc -I../Drivers/STM32F1xx_HAL_Driver/Inc/Legacy -I../Drivers/STM32F1xx_HAL_Driver/Inc -I../Drivers/CMSIS/Device/ST/STM32F1xx/Include -I../Drivers/CMSIS/Include -I"C:/projectWork/first/first/Core/Lib/Inc" -O0 -ffunction-sections -fdata-sections -Wall -fstack-usage -MMD -MP -MF"Core/Lib/Src/ds18b20.d" -MT"Core/Lib/Src/ds18b20.o" --specs=nano.specs -mfloat-abi=soft -mthumb -o "Core/Lib/Src/ds18b20.o"
arm-none-eabi-gcc "../Core/Lib/Src/onewire.c" -mcpu=cortex-m3 -std=gnu11 -g3 -DDEBUG -DUSE_HAL_DRIVER -DSTM32F103xB -c -I../Core/Inc -I../Drivers/STM32F1xx_HAL_Driver/Inc/Legacy -I../Drivers/STM32F1xx_HAL_Driver/Inc -I../Drivers/CMSIS/Device/ST/STM32F1xx/Include -I../Drivers/CMSIS/Include -I"C:/projectWork/first/first/Core/Lib/Inc" -O0 -ffunction-sections -fdata-sections -Wall -fstack-usage -MMD -MP -MF"Core/Lib/Src/onewire.d" -MT"Core/Lib/Src/onewire.o" --specs=nano.specs -mfloat-abi=soft -mthumb -o "Core/Lib/Src/onewire.o"
In file included from C:/projectWork/first/first/Core/Lib/Inc/ds18b20.h:7,
                 from ../Core/Lib/Src/ds18b20.c:3:
C:/projectWork/first/first/Core/Lib/Inc/onewire.h:20:2: error: unknown type name 'GPIO_TypeDef'
   20 |  GPIO_TypeDef* GPIOx;           /*!< GPIOx port to be used for I/O functions */
      |  ^~~~~~~~~~~~
C:/projectWork/first/first/Core/Lib/Inc/onewire.h:21:2: error: unknown type name 'uint16_t'
   21 |  uint16_t GPIO_Pin;             /*!< GPIO Pin to be used for I/O functions */
      |  ^~~~~~~~
C:/projectWork/first/first/Core/Lib/Inc/onewire.h:22:2: error: unknown type name 'uint8_t'
   22 |  uint8_t LastDiscrepancy;       /*!< Search private */
      |  ^~~~~~~
C:/projectWork/first/first/Core/Lib/Inc/onewire.h:23:2: error: unknown type name 'uint8_t'
   23 |  uint8_t LastFamilyDiscrepancy; /*!< Search private */
      |  ^~~~~~~
C:/projectWork/first/first/Core/Lib/Inc/onewire.h:24:2: error: unknown type name 'uint8_t'
   24 |  uint8_t LastDeviceFlag;        /*!< Search private */
      |  ^~~~~~~
C:/projectWork/first/first/Core/Lib/Inc/onewire.h:25:2: error: unknown type name 'uint8_t'
   25 |  uint8_t ROM_NO[8];             /*!< 8-bytes address of last search device */
      |  ^~~~~~~
In file included from ../Core/Lib/Src/onewire.c:19:
C:/projectWork/first/first/Core/Lib/Inc/onewire.h:20:2: error: unknown type name 'GPIO_TypeDef'
   20 |  GPIO_TypeDef* GPIOx;           /*!< GPIOx port to be used for I/O functions */
      |  ^~~~~~~~~~~~
C:/projectWork/first/first/Core/Lib/Inc/onewire.h:21:2: error: unknown type name 'uint16_t'
   21 |  uint16_t GPIO_Pin;             /*!< GPIO Pin to be used for I/O functions */
      |  ^~~~~~~~
C:/projectWork/first/first/Core/Lib/Inc/onewire.h:22:2: error: unknown type name 'uint8_t'
   22 |  uint8_t LastDiscrepancy;       /*!< Search private */
      |  ^~~~~~~
C:/projectWork/first/first/Core/Lib/Inc/onewire.h:23:2: error: unknown type name 'uint8_t'
   23 |  uint8_t LastFamilyDiscrepancy; /*!< Search private */
      |  ^~~~~~~
C:/projectWork/first/first/Core/Lib/Inc/onewire.h:29:20: error: unknown type name 'uint16_t'
   29 | void ONEWIRE_DELAY(uint16_t time_us);
      |                    ^~~~~~~~
C:/projectWork/first/first/Core/Lib/Inc/onewire.h:24:2: error: unknown type name 'uint8_t'
   24 |  uint8_t LastDeviceFlag;        /*!< Search private */
      |  ^~~~~~~
C:/projectWork/first/first/Core/Lib/Inc/onewire.h:25:2: error: unknown type name 'uint8_t'
   25 |  uint8_t ROM_NO[8];             /*!< 8-bytes address of last search device */
      |  ^~~~~~~
C:/projectWork/first/first/Core/Lib/Inc/onewire.h:49:45: error: unknown type name 'GPIO_TypeDef'
   49 | void OneWire_Init(OneWire_t* OneWireStruct, GPIO_TypeDef* GPIOx, uint16_t GPIO_Pin);
      |                                             ^~~~~~~~~~~~
C:/projectWork/first/first/Core/Lib/Inc/onewire.h:49:66: error: unknown type name 'uint16_t'
   49 | void OneWire_Init(OneWire_t* OneWireStruct, GPIO_TypeDef* GPIOx, uint16_t GPIO_Pin);
      |                                                                  ^~~~~~~~
C:/projectWork/first/first/Core/Lib/Inc/onewire.h:29:20: error: unknown type name 'uint16_t'
   29 | void ONEWIRE_DELAY(uint16_t time_us);
      |                    ^~~~~~~~
C:/projectWork/first/first/Core/Lib/Inc/onewire.h:50:1: error: unknown type name 'uint8_t'
   50 | uint8_t OneWire_Reset(OneWire_t* OneWireStruct);
      | ^~~~~~~
C:/projectWork/first/first/Core/Lib/Inc/onewire.h:49:45: error: unknown type name 'GPIO_TypeDef'
   49 | void OneWire_Init(OneWire_t* OneWireStruct, GPIO_TypeDef* GPIOx, uint16_t GPIO_Pin);
      |                                             ^~~~~~~~~~~~
C:/projectWork/first/first/Core/Lib/Inc/onewire.h:51:1: error: unknown type name 'uint8_t'
   51 | uint8_t OneWire_ReadByte(OneWire_t* OneWireStruct);
      | ^~~~~~~
C:/projectWork/first/first/Core/Lib/Inc/onewire.h:49:66: error: unknown type name 'uint16_t'
   49 | void OneWire_Init(OneWire_t* OneWireStruct, GPIO_TypeDef* GPIOx, uint16_t GPIO_Pin);
      |                                                                  ^~~~~~~~
C:/projectWork/first/first/Core/Lib/Inc/onewire.h:50:1: error: unknown type name 'uint8_t'
   50 | uint8_t OneWire_Reset(OneWire_t* OneWireStruct);
      | ^~~~~~~
C:/projectWork/first/first/Core/Lib/Inc/onewire.h:52:50: error: unknown type name 'uint8_t'
   52 | void OneWire_WriteByte(OneWire_t* OneWireStruct, uint8_t byte);
      |                                                  ^~~~~~~
C:/projectWork/first/first/Core/Lib/Inc/onewire.h:51:1: error: unknown type name 'uint8_t'
   51 | uint8_t OneWire_ReadByte(OneWire_t* OneWireStruct);
      | ^~~~~~~
C:/projectWork/first/first/Core/Lib/Inc/onewire.h:53:49: error: unknown type name 'uint8_t'
   53 | void OneWire_WriteBit(OneWire_t* OneWireStruct, uint8_t bit);
      |                                                 ^~~~~~~
C:/projectWork/first/first/Core/Lib/Inc/onewire.h:52:50: error: unknown type name 'uint8_t'
   52 | void OneWire_WriteByte(OneWire_t* OneWireStruct, uint8_t byte);
      |                                                  ^~~~~~~
C:/projectWork/first/first/Core/Lib/Inc/onewire.h:54:1: error: unknown type name 'uint8_t'
   54 | uint8_t OneWire_ReadBit(OneWire_t* OneWireStruct);
      | ^~~~~~~
C:/projectWork/first/first/Core/Lib/Inc/onewire.h:53:49: error: unknown type name 'uint8_t'
   53 | void OneWire_WriteBit(OneWire_t* OneWireStruct, uint8_t bit);
      |                                                 ^~~~~~~
C:/projectWork/first/first/Core/Lib/Inc/onewire.h:55:1: error: unknown type name 'uint8_t'
   55 | uint8_t OneWire_Search(OneWire_t* OneWireStruct, uint8_t command);
      | ^~~~~~~
C:/projectWork/first/first/Core/Lib/Inc/onewire.h:54:1: error: unknown type name 'uint8_t'
   54 | uint8_t OneWire_ReadBit(OneWire_t* OneWireStruct);
      | ^~~~~~~
C:/projectWork/first/first/Core/Lib/Inc/onewire.h:55:50: error: unknown type name 'uint8_t'
   55 | uint8_t OneWire_Search(OneWire_t* OneWireStruct, uint8_t command);
      |                                                  ^~~~~~~
C:/projectWork/first/first/Core/Lib/Inc/onewire.h:57:1: error: unknown type name 'uint8_t'
   57 | uint8_t OneWire_First(OneWire_t* OneWireStruct);
      | ^~~~~~~
C:/projectWork/first/first/Core/Lib/Inc/onewire.h:55:1: error: unknown type name 'uint8_t'
   55 | uint8_t OneWire_Search(OneWire_t* OneWireStruct, uint8_t command);
      | ^~~~~~~
C:/projectWork/first/first/Core/Lib/Inc/onewire.h:58:1: error: unknown type name 'uint8_t'
   58 | uint8_t OneWire_Next(OneWire_t* OneWireStruct);
      | ^~~~~~~
C:/projectWork/first/first/Core/Lib/Inc/onewire.h:55:50: error: unknown type name 'uint8_t'
   55 | uint8_t OneWire_Search(OneWire_t* OneWireStruct, uint8_t command);
      |                                                  ^~~~~~~
C:/projectWork/first/first/Core/Lib/Inc/onewire.h:59:51: error: unknown type name 'uint8_t'
   59 | void OneWire_GetFullROM(OneWire_t* OneWireStruct, uint8_t *firstIndex);
      |                                                   ^~~~~~~
C:/projectWork/first/first/Core/Lib/Inc/onewire.h:57:1: error: unknown type name 'uint8_t'
   57 | uint8_t OneWire_First(OneWire_t* OneWireStruct);
      | ^~~~~~~
C:/projectWork/first/first/Core/Lib/Inc/onewire.h:60:47: error: unknown type name 'uint8_t'
   60 | void OneWire_Select(OneWire_t* OneWireStruct, uint8_t* addr);
      |                                               ^~~~~~~
C:/projectWork/first/first/Core/Lib/Inc/onewire.h:58:1: error: unknown type name 'uint8_t'
   58 | uint8_t OneWire_Next(OneWire_t* OneWireStruct);
      | ^~~~~~~
C:/projectWork/first/first/Core/Lib/Inc/onewire.h:61:58: error: unknown type name 'uint8_t'
   61 | void OneWire_SelectWithPointer(OneWire_t* OneWireStruct, uint8_t* ROM);
      |                                                          ^~~~~~~
C:/projectWork/first/first/Core/Lib/Inc/onewire.h:59:51: error: unknown type name 'uint8_t'
   59 | void OneWire_GetFullROM(OneWire_t* OneWireStruct, uint8_t *firstIndex);
      |                                                   ^~~~~~~
C:/projectWork/first/first/Core/Lib/Inc/onewire.h:60:47: error: unknown type name 'uint8_t'
   60 | void OneWire_Select(OneWire_t* OneWireStruct, uint8_t* addr);
      |                                               ^~~~~~~
C:/projectWork/first/first/Core/Lib/Inc/onewire.h:62:1: error: unknown type name 'uint8_t'
   62 | uint8_t OneWire_CRC8(uint8_t* addr, uint8_t len);
      | ^~~~~~~
C:/projectWork/first/first/Core/Lib/Inc/onewire.h:61:58: error: unknown type name 'uint8_t'
   61 | void OneWire_SelectWithPointer(OneWire_t* OneWireStruct, uint8_t* ROM);
      |                                                          ^~~~~~~
C:/projectWork/first/first/Core/Lib/Inc/onewire.h:62:22: error: unknown type name 'uint8_t'
   62 | uint8_t OneWire_CRC8(uint8_t* addr, uint8_t len);
      |                      ^~~~~~~
C:/projectWork/first/first/Core/Lib/Inc/onewire.h:62:37: error: unknown type name 'uint8_t'
   62 | uint8_t OneWire_CRC8(uint8_t* addr, uint8_t len);
      |                                     ^~~~~~~
C:/projectWork/first/first/Core/Lib/Inc/onewire.h:62:1: error: unknown type name 'uint8_t'
   62 | uint8_t OneWire_CRC8(uint8_t* addr, uint8_t len);
      | ^~~~~~~
C:/projectWork/first/first/Core/Lib/Inc/onewire.h:62:22: error: unknown type name 'uint8_t'
   62 | uint8_t OneWire_CRC8(uint8_t* addr, uint8_t len);
      |                      ^~~~~~~
C:/projectWork/first/first/Core/Lib/Inc/onewire.h:62:37: error: unknown type name 'uint8_t'
   62 | uint8_t OneWire_CRC8(uint8_t* addr, uint8_t len);
      |                                     ^~~~~~~
In file included from ../Core/Lib/Src/ds18b20.c:3:
C:/projectWork/first/first/Core/Lib/Inc/ds18b20.h:12:10: fatal error: cmsis_os.h: No such file or directory
   12 | #include "cmsis_os.h"
      |          ^~~~~~~~~~~~
compilation terminated.
../Core/Lib/Src/onewire.c:21:10: fatal error: tim.h: No such file or directory
   21 | #include "tim.h"
      |          ^~~~~~~
compilation terminated.
make: *** [Core/Lib/Src/subdir.mk:22: Core/Lib/Src/ds18b20.o] Error 1
make: *** Waiting for unfinished jobs....
make: *** [Core/Lib/Src/subdir.mk:22: Core/Lib/Src/onewire.o] Error 1
"make -j8 all" terminated with exit code 2. Build might be incomplete.
17:13:22 **** Incremental Build of configuration Debug for project first ****
make -j8 all 
arm-none-eabi-gcc "../Core/Lib/Src/ds18b20.c" -mcpu=cortex-m3 -std=gnu11 -g3 -DDEBUG -DUSE_HAL_DRIVER -DSTM32F103xB -c -I../Core/Inc -I../Drivers/STM32F1xx_HAL_Driver/Inc/Legacy -I../Drivers/STM32F1xx_HAL_Driver/Inc -I../Drivers/CMSIS/Device/ST/STM32F1xx/Include -I../Drivers/CMSIS/Include -I"C:/projectWork/first/first/Core/Lib/Inc" -O0 -ffunction-sections -fdata-sections -Wall -fstack-usage -MMD -MP -MF"Core/Lib/Src/ds18b20.d" -MT"Core/Lib/Src/ds18b20.o" --specs=nano.specs -mfloat-abi=soft -mthumb -o "Core/Lib/Src/ds18b20.o"
arm-none-eabi-gcc "../Core/Lib/Src/onewire.c" -mcpu=cortex-m3 -std=gnu11 -g3 -DDEBUG -DUSE_HAL_DRIVER -DSTM32F103xB -c -I../Core/Inc -I../Drivers/STM32F1xx_HAL_Driver/Inc/Legacy -I../Drivers/STM32F1xx_HAL_Driver/Inc -I../Drivers/CMSIS/Device/ST/STM32F1xx/Include -I../Drivers/CMSIS/Include -I"C:/projectWork/first/first/Core/Lib/Inc" -O0 -ffunction-sections -fdata-sections -Wall -fstack-usage -MMD -MP -MF"Core/Lib/Src/onewire.d" -MT"Core/Lib/Src/onewire.o" --specs=nano.specs -mfloat-abi=soft -mthumb -o "Core/Lib/Src/onewire.o"
In file included from ../Core/Lib/Src/ds18b20.c:3:
C:/projectWork/first/first/Core/Lib/Inc/ds18b20.h:12:10: fatal error: cmsis_os.h: No such file or directory
   12 | #include "cmsis_os.h"
      |          ^~~~~~~~~~~~
compilation terminated.
../Core/Lib/Src/onewire.c:21:10: fatal error: tim.h: No such file or directory
   21 | #include "tim.h"
      |          ^~~~~~~
compilation terminated.
make: *** [Core/Lib/Src/subdir.mk:22: Core/Lib/Src/ds18b20.o] Error 1
make: *** Waiting for unfinished jobs....
make: *** [Core/Lib/Src/subdir.mk:22: Core/Lib/Src/onewire.o] Error 1
"make -j8 all" terminated with exit code 2. Build might be incomplete.
17:22:02 **** Incremental Build of configuration Debug for project first ****
make -j8 all 
arm-none-eabi-gcc "../Core/Lib/Src/ds18b20.c" -mcpu=cortex-m3 -std=gnu11 -g3 -DDEBUG -DUSE_HAL_DRIVER -DSTM32F103xB -c -I../Core/Inc -I../Drivers/STM32F1xx_HAL_Driver/Inc/Legacy -I../Drivers/STM32F1xx_HAL_Driver/Inc -I../Drivers/CMSIS/Device/ST/STM32F1xx/Include -I../Drivers/CMSIS/Include -I"C:/projectWork/first/first/Core/Lib/Inc" -O0 -ffunction-sections -fdata-sections -Wall -fstack-usage -MMD -MP -MF"Core/Lib/Src/ds18b20.d" -MT"Core/Lib/Src/ds18b20.o" --specs=nano.specs -mfloat-abi=soft -mthumb -o "Core/Lib/Src/ds18b20.o"
arm-none-eabi-gcc "../Core/Lib/Src/onewire.c" -mcpu=cortex-m3 -std=gnu11 -g3 -DDEBUG -DUSE_HAL_DRIVER -DSTM32F103xB -c -I../Core/Inc -I../Drivers/STM32F1xx_HAL_Driver/Inc/Legacy -I../Drivers/STM32F1xx_HAL_Driver/Inc -I../Drivers/CMSIS/Device/ST/STM32F1xx/Include -I../Drivers/CMSIS/Include -I"C:/projectWork/first/first/Core/Lib/Inc" -O0 -ffunction-sections -fdata-sections -Wall -fstack-usage -MMD -MP -MF"Core/Lib/Src/onewire.d" -MT"Core/Lib/Src/onewire.o" --specs=nano.specs -mfloat-abi=soft -mthumb -o "Core/Lib/Src/onewire.o"
../Core/Lib/Src/onewire.c:21:10: fatal error: tim.h: No such file or directory
   21 | #include "tim.h"
      |          ^~~~~~~
compilation terminated.
In file included from C:/projectWork/first/first/Core/Lib/Inc/ds18b20.h:8,
                 from ../Core/Lib/Src/ds18b20.c:3:
../Core/Lib/Src/ds18b20.c: In function 'Ds18b20_Init':
C:/projectWork/first/first/Core/Lib/Inc/ds18b20Config.h:9:34: error: 'DS18B20_GPIO_Port' undeclared (first use in this function)
    9 | #define _DS18B20_GPIO            DS18B20_GPIO_Port
      |                                  ^~~~~~~~~~~~~~~~~
../Core/Lib/Src/ds18b20.c:32:25: note: in expansion of macro '_DS18B20_GPIO'
   32 |   OneWire_Init(&OneWire,_DS18B20_GPIO ,_DS18B20_PIN);
      |                         ^~~~~~~~~~~~~
C:/projectWork/first/first/Core/Lib/Inc/ds18b20Config.h:9:34: note: each undeclared identifier is reported only once for each function it appears in
    9 | #define _DS18B20_GPIO            DS18B20_GPIO_Port
      |                                  ^~~~~~~~~~~~~~~~~
../Core/Lib/Src/ds18b20.c:32:25: note: in expansion of macro '_DS18B20_GPIO'
   32 |   OneWire_Init(&OneWire,_DS18B20_GPIO ,_DS18B20_PIN);
      |                         ^~~~~~~~~~~~~
C:/projectWork/first/first/Core/Lib/Inc/ds18b20Config.h:10:33: error: 'DS18B20_Pin' undeclared (first use in this function); did you mean 'DS18B20_Is'?
   10 | #define _DS18B20_PIN            DS18B20_Pin
      |                                 ^~~~~~~~~~~
../Core/Lib/Src/ds18b20.c:32:40: note: in expansion of macro '_DS18B20_PIN'
   32 |   OneWire_Init(&OneWire,_DS18B20_GPIO ,_DS18B20_PIN);
      |                                        ^~~~~~~~~~~~
make: *** [Core/Lib/Src/subdir.mk:22: Core/Lib/Src/onewire.o] Error 1
make: *** Waiting for unfinished jobs....
make: *** [Core/Lib/Src/subdir.mk:22: Core/Lib/Src/ds18b20.o] Error 1
"make -j8 all" terminated with exit code 2. Build might be incomplete.
17:23:31 **** Incremental Build of configuration Debug for project first ****
make -j8 all 
arm-none-eabi-gcc "../Core/Lib/Src/ds18b20.c" -mcpu=cortex-m3 -std=gnu11 -g3 -DDEBUG -DUSE_HAL_DRIVER -DSTM32F103xB -c -I../Core/Inc -I../Drivers/STM32F1xx_HAL_Driver/Inc/Legacy -I../Drivers/STM32F1xx_HAL_Driver/Inc -I../Drivers/CMSIS/Device/ST/STM32F1xx/Include -I../Drivers/CMSIS/Include -I"C:/projectWork/first/first/Core/Lib/Inc" -O0 -ffunction-sections -fdata-sections -Wall -fstack-usage -MMD -MP -MF"Core/Lib/Src/ds18b20.d" -MT"Core/Lib/Src/ds18b20.o" --specs=nano.specs -mfloat-abi=soft -mthumb -o "Core/Lib/Src/ds18b20.o"
arm-none-eabi-gcc "../Core/Lib/Src/onewire.c" -mcpu=cortex-m3 -std=gnu11 -g3 -DDEBUG -DUSE_HAL_DRIVER -DSTM32F103xB -c -I../Core/Inc -I../Drivers/STM32F1xx_HAL_Driver/Inc/Legacy -I../Drivers/STM32F1xx_HAL_Driver/Inc -I../Drivers/CMSIS/Device/ST/STM32F1xx/Include -I../Drivers/CMSIS/Include -I"C:/projectWork/first/first/Core/Lib/Inc" -O0 -ffunction-sections -fdata-sections -Wall -fstack-usage -MMD -MP -MF"Core/Lib/Src/onewire.d" -MT"Core/Lib/Src/onewire.o" --specs=nano.specs -mfloat-abi=soft -mthumb -o "Core/Lib/Src/onewire.o"
In file included from ../Core/Lib/Src/onewire.c:20:
../Core/Lib/Src/onewire.c: In function 'ONEWIRE_DELAY':
C:/projectWork/first/first/Core/Lib/Inc/ds18b20Config.h:18:34: error: 'htim13' undeclared (first use in this function)
   18 | #define _DS18B20_TIMER           htim13
      |                                  ^~~~~~
../Core/Lib/Src/onewire.c:25:2: note: in expansion of macro '_DS18B20_TIMER'
   25 |  _DS18B20_TIMER.Instance->CNT = 0;
      |  ^~~~~~~~~~~~~~
C:/projectWork/first/first/Core/Lib/Inc/ds18b20Config.h:18:34: note: each undeclared identifier is reported only once for each function it appears in
   18 | #define _DS18B20_TIMER           htim13
      |                                  ^~~~~~
../Core/Lib/Src/onewire.c:25:2: note: in expansion of macro '_DS18B20_TIMER'
   25 |  _DS18B20_TIMER.Instance->CNT = 0;
      |  ^~~~~~~~~~~~~~
In file included from C:/projectWork/first/first/Core/Lib/Inc/ds18b20.h:8,
                 from ../Core/Lib/Src/ds18b20.c:3:
../Core/Lib/Src/ds18b20.c: In function 'Ds18b20_Init':
C:/projectWork/first/first/Core/Lib/Inc/ds18b20Config.h:9:34: error: 'DS18B20_GPIO_Port' undeclared (first use in this function)
    9 | #define _DS18B20_GPIO            DS18B20_GPIO_Port
      |                                  ^~~~~~~~~~~~~~~~~
../Core/Lib/Src/ds18b20.c:32:25: note: in expansion of macro '_DS18B20_GPIO'
   32 |   OneWire_Init(&OneWire,_DS18B20_GPIO ,_DS18B20_PIN);
      |                         ^~~~~~~~~~~~~
C:/projectWork/first/first/Core/Lib/Inc/ds18b20Config.h:9:34: note: each undeclared identifier is reported only once for each function it appears in
    9 | #define _DS18B20_GPIO            DS18B20_GPIO_Port
      |                                  ^~~~~~~~~~~~~~~~~
../Core/Lib/Src/ds18b20.c:32:25: note: in expansion of macro '_DS18B20_GPIO'
   32 |   OneWire_Init(&OneWire,_DS18B20_GPIO ,_DS18B20_PIN);
      |                         ^~~~~~~~~~~~~
C:/projectWork/first/first/Core/Lib/Inc/ds18b20Config.h:10:33: error: 'DS18B20_Pin' undeclared (first use in this function); did you mean 'DS18B20_Is'?
   10 | #define _DS18B20_PIN            DS18B20_Pin
      |                                 ^~~~~~~~~~~
../Core/Lib/Src/ds18b20.c:32:40: note: in expansion of macro '_DS18B20_PIN'
   32 |   OneWire_Init(&OneWire,_DS18B20_GPIO ,_DS18B20_PIN);
      |                                        ^~~~~~~~~~~~
../Core/Lib/Src/onewire.c: In function 'OneWire_Init':
../Core/Lib/Src/onewire.c:57:2: warning: implicit declaration of function 'HAL_TIM_Base_Start' [-Wimplicit-function-declaration]
   57 |  HAL_TIM_Base_Start(&_DS18B20_TIMER);
      |  ^~~~~~~~~~~~~~~~~~
In file included from ../Core/Lib/Src/onewire.c:20:
C:/projectWork/first/first/Core/Lib/Inc/ds18b20Config.h:18:34: error: 'htim13' undeclared (first use in this function)
   18 | #define _DS18B20_TIMER           htim13
      |                                  ^~~~~~
../Core/Lib/Src/onewire.c:57:22: note: in expansion of macro '_DS18B20_TIMER'
   57 |  HAL_TIM_Base_Start(&_DS18B20_TIMER);
      |                      ^~~~~~~~~~~~~~
make: *** [Core/Lib/Src/subdir.mk:22: Core/Lib/Src/ds18b20.o] Error 1
make: *** Waiting for unfinished jobs....
make: *** [Core/Lib/Src/subdir.mk:22: Core/Lib/Src/onewire.o] Error 1
"make -j8 all" terminated with exit code 2. Build might be incomplete.
17:35:53 **** Incremental Build of configuration Debug for project first ****
make -j8 all 
arm-none-eabi-gcc "../Core/Src/fnd_controller.c" -mcpu=cortex-m3 -std=gnu11 -g3 -DDEBUG -DUSE_HAL_DRIVER -DSTM32F103xB -c -I../Core/Inc -I../Drivers/STM32F1xx_HAL_Driver/Inc/Legacy -I../Drivers/STM32F1xx_HAL_Driver/Inc -I../Drivers/CMSIS/Device/ST/STM32F1xx/Include -I../Drivers/CMSIS/Include -I"C:/projectWork/first/first/Core/Lib/Inc" -O0 -ffunction-sections -fdata-sections -Wall -fstack-usage -MMD -MP -MF"Core/Src/fnd_controller.d" -MT"Core/Src/fnd_controller.o" --specs=nano.specs -mfloat-abi=soft -mthumb -o "Core/Src/fnd_controller.o"
arm-none-eabi-gcc "../Core/Src/main.c" -mcpu=cortex-m3 -std=gnu11 -g3 -DDEBUG -DUSE_HAL_DRIVER -DSTM32F103xB -c -I../Core/Inc -I../Drivers/STM32F1xx_HAL_Driver/Inc/Legacy -I../Drivers/STM32F1xx_HAL_Driver/Inc -I../Drivers/CMSIS/Device/ST/STM32F1xx/Include -I../Drivers/CMSIS/Include -I"C:/projectWork/first/first/Core/Lib/Inc" -O0 -ffunction-sections -fdata-sections -Wall -fstack-usage -MMD -MP -MF"Core/Src/main.d" -MT"Core/Src/main.o" --specs=nano.specs -mfloat-abi=soft -mthumb -o "Core/Src/main.o"
arm-none-eabi-gcc "../Core/Src/stm32f1xx_hal_msp.c" -mcpu=cortex-m3 -std=gnu11 -g3 -DDEBUG -DUSE_HAL_DRIVER -DSTM32F103xB -c -I../Core/Inc -I../Drivers/STM32F1xx_HAL_Driver/Inc/Legacy -I../Drivers/STM32F1xx_HAL_Driver/Inc -I../Drivers/CMSIS/Device/ST/STM32F1xx/Include -I../Drivers/CMSIS/Include -I"C:/projectWork/first/first/Core/Lib/Inc" -O0 -ffunction-sections -fdata-sections -Wall -fstack-usage -MMD -MP -MF"Core/Src/stm32f1xx_hal_msp.d" -MT"Core/Src/stm32f1xx_hal_msp.o" --specs=nano.specs -mfloat-abi=soft -mthumb -o "Core/Src/stm32f1xx_hal_msp.o"
arm-none-eabi-gcc "../Core/Src/stm32f1xx_it.c" -mcpu=cortex-m3 -std=gnu11 -g3 -DDEBUG -DUSE_HAL_DRIVER -DSTM32F103xB -c -I../Core/Inc -I../Drivers/STM32F1xx_HAL_Driver/Inc/Legacy -I../Drivers/STM32F1xx_HAL_Driver/Inc -I../Drivers/CMSIS/Device/ST/STM32F1xx/Include -I../Drivers/CMSIS/Include -I"C:/projectWork/first/first/Core/Lib/Inc" -O0 -ffunction-sections -fdata-sections -Wall -fstack-usage -MMD -MP -MF"Core/Src/stm32f1xx_it.d" -MT"Core/Src/stm32f1xx_it.o" --specs=nano.specs -mfloat-abi=soft -mthumb -o "Core/Src/stm32f1xx_it.o"
arm-none-eabi-gcc "../Core/Lib/Src/ds18b20.c" -mcpu=cortex-m3 -std=gnu11 -g3 -DDEBUG -DUSE_HAL_DRIVER -DSTM32F103xB -c -I../Core/Inc -I../Drivers/STM32F1xx_HAL_Driver/Inc/Legacy -I../Drivers/STM32F1xx_HAL_Driver/Inc -I../Drivers/CMSIS/Device/ST/STM32F1xx/Include -I../Drivers/CMSIS/Include -I"C:/projectWork/first/first/Core/Lib/Inc" -O0 -ffunction-sections -fdata-sections -Wall -fstack-usage -MMD -MP -MF"Core/Lib/Src/ds18b20.d" -MT"Core/Lib/Src/ds18b20.o" --specs=nano.specs -mfloat-abi=soft -mthumb -o "Core/Lib/Src/ds18b20.o"
arm-none-eabi-gcc "../Core/Lib/Src/onewire.c" -mcpu=cortex-m3 -std=gnu11 -g3 -DDEBUG -DUSE_HAL_DRIVER -DSTM32F103xB -c -I../Core/Inc -I../Drivers/STM32F1xx_HAL_Driver/Inc/Legacy -I../Drivers/STM32F1xx_HAL_Driver/Inc -I../Drivers/CMSIS/Device/ST/STM32F1xx/Include -I../Drivers/CMSIS/Include -I"C:/projectWork/first/first/Core/Lib/Inc" -O0 -ffunction-sections -fdata-sections -Wall -fstack-usage -MMD -MP -MF"Core/Lib/Src/onewire.d" -MT"Core/Lib/Src/onewire.o" --specs=nano.specs -mfloat-abi=soft -mthumb -o "Core/Lib/Src/onewire.o"
../Core/Src/fnd_controller.c: In function 'digit4_show':
../Core/Src/fnd_controller.c:77:20: warning: suggest parentheses around comparison in operand of '|' [-Wparentheses]
   77 |     if(showZero | n>9)send_port(_LED_0F[n2], 0b0010);
      |                   ~^~
../Core/Src/fnd_controller.c:78:20: warning: suggest parentheses around comparison in operand of '|' [-Wparentheses]
   78 |     if(showZero | n>99)send_port(_LED_0F[n3], 0b0100);
      |                   ~^~~
../Core/Src/fnd_controller.c:79:20: warning: suggest parentheses around comparison in operand of '|' [-Wparentheses]
   79 |     if(showZero | n>999)send_port(_LED_0F[n4], 0b1000);
      |                   ~^~~~
In file included from ../Core/Lib/Src/onewire.c:20:
../Core/Lib/Src/onewire.c: In function 'ONEWIRE_DELAY':
C:/projectWork/first/first/Core/Lib/Inc/ds18b20Config.h:19:34: error: 'htim13' undeclared (first use in this function)
   19 | #define _DS18B20_TIMER           htim13
      |                                  ^~~~~~
../Core/Lib/Src/onewire.c:25:2: note: in expansion of macro '_DS18B20_TIMER'
   25 |  _DS18B20_TIMER.Instance->CNT = 0;
      |  ^~~~~~~~~~~~~~
C:/projectWork/first/first/Core/Lib/Inc/ds18b20Config.h:19:34: note: each undeclared identifier is reported only once for each function it appears in
   19 | #define _DS18B20_TIMER           htim13
      |                                  ^~~~~~
../Core/Lib/Src/onewire.c:25:2: note: in expansion of macro '_DS18B20_TIMER'
   25 |  _DS18B20_TIMER.Instance->CNT = 0;
      |  ^~~~~~~~~~~~~~
../Core/Lib/Src/onewire.c: In function 'OneWire_Init':
../Core/Lib/Src/onewire.c:57:2: warning: implicit declaration of function 'HAL_TIM_Base_Start' [-Wimplicit-function-declaration]
   57 |  HAL_TIM_Base_Start(&_DS18B20_TIMER);
      |  ^~~~~~~~~~~~~~~~~~
In file included from ../Core/Lib/Src/onewire.c:20:
C:/projectWork/first/first/Core/Lib/Inc/ds18b20Config.h:19:34: error: 'htim13' undeclared (first use in this function)
   19 | #define _DS18B20_TIMER           htim13
      |                                  ^~~~~~
../Core/Lib/Src/onewire.c:57:22: note: in expansion of macro '_DS18B20_TIMER'
   57 |  HAL_TIM_Base_Start(&_DS18B20_TIMER);
      |                      ^~~~~~~~~~~~~~
make: *** [Core/Lib/Src/subdir.mk:22: Core/Lib/Src/onewire.o] Error 1
make: *** Waiting for unfinished jobs....
"make -j8 all" terminated with exit code 2. Build might be incomplete.
17:44:45 **** Incremental Build of configuration Debug for project first ****
make -j8 all 
arm-none-eabi-gcc "../Drivers/STM32F1xx_HAL_Driver/Src/stm32f1xx_hal.c" -mcpu=cortex-m3 -std=gnu11 -g3 -DDEBUG -DUSE_HAL_DRIVER -DSTM32F103xB -c -I../Core/Inc -I../Drivers/STM32F1xx_HAL_Driver/Inc/Legacy -I../Drivers/STM32F1xx_HAL_Driver/Inc -I../Drivers/CMSIS/Device/ST/STM32F1xx/Include -I../Drivers/CMSIS/Include -O0 -ffunction-sections -fdata-sections -Wall -fstack-usage -MMD -MP -MF"Drivers/STM32F1xx_HAL_Driver/Src/stm32f1xx_hal.d" -MT"Drivers/STM32F1xx_HAL_Driver/Src/stm32f1xx_hal.o" --specs=nano.specs -mfloat-abi=soft -mthumb -o "Drivers/STM32F1xx_HAL_Driver/Src/stm32f1xx_hal.o"
arm-none-eabi-gcc "../Drivers/STM32F1xx_HAL_Driver/Src/stm32f1xx_hal_cortex.c" -mcpu=cortex-m3 -std=gnu11 -g3 -DDEBUG -DUSE_HAL_DRIVER -DSTM32F103xB -c -I../Core/Inc -I../Drivers/STM32F1xx_HAL_Driver/Inc/Legacy -I../Drivers/STM32F1xx_HAL_Driver/Inc -I../Drivers/CMSIS/Device/ST/STM32F1xx/Include -I../Drivers/CMSIS/Include -O0 -ffunction-sections -fdata-sections -Wall -fstack-usage -MMD -MP -MF"Drivers/STM32F1xx_HAL_Driver/Src/stm32f1xx_hal_cortex.d" -MT"Drivers/STM32F1xx_HAL_Driver/Src/stm32f1xx_hal_cortex.o" --specs=nano.specs -mfloat-abi=soft -mthumb -o "Drivers/STM32F1xx_HAL_Driver/Src/stm32f1xx_hal_cortex.o"
arm-none-eabi-gcc "../Drivers/STM32F1xx_HAL_Driver/Src/stm32f1xx_hal_dma.c" -mcpu=cortex-m3 -std=gnu11 -g3 -DDEBUG -DUSE_HAL_DRIVER -DSTM32F103xB -c -I../Core/Inc -I../Drivers/STM32F1xx_HAL_Driver/Inc/Legacy -I../Drivers/STM32F1xx_HAL_Driver/Inc -I../Drivers/CMSIS/Device/ST/STM32F1xx/Include -I../Drivers/CMSIS/Include -O0 -ffunction-sections -fdata-sections -Wall -fstack-usage -MMD -MP -MF"Drivers/STM32F1xx_HAL_Driver/Src/stm32f1xx_hal_dma.d" -MT"Drivers/STM32F1xx_HAL_Driver/Src/stm32f1xx_hal_dma.o" --specs=nano.specs -mfloat-abi=soft -mthumb -o "Drivers/STM32F1xx_HAL_Driver/Src/stm32f1xx_hal_dma.o"
arm-none-eabi-gcc "../Drivers/STM32F1xx_HAL_Driver/Src/stm32f1xx_hal_exti.c" -mcpu=cortex-m3 -std=gnu11 -g3 -DDEBUG -DUSE_HAL_DRIVER -DSTM32F103xB -c -I../Core/Inc -I../Drivers/STM32F1xx_HAL_Driver/Inc/Legacy -I../Drivers/STM32F1xx_HAL_Driver/Inc -I../Drivers/CMSIS/Device/ST/STM32F1xx/Include -I../Drivers/CMSIS/Include -O0 -ffunction-sections -fdata-sections -Wall -fstack-usage -MMD -MP -MF"Drivers/STM32F1xx_HAL_Driver/Src/stm32f1xx_hal_exti.d" -MT"Drivers/STM32F1xx_HAL_Driver/Src/stm32f1xx_hal_exti.o" --specs=nano.specs -mfloat-abi=soft -mthumb -o "Drivers/STM32F1xx_HAL_Driver/Src/stm32f1xx_hal_exti.o"
arm-none-eabi-gcc "../Drivers/STM32F1xx_HAL_Driver/Src/stm32f1xx_hal_flash.c" -mcpu=cortex-m3 -std=gnu11 -g3 -DDEBUG -DUSE_HAL_DRIVER -DSTM32F103xB -c -I../Core/Inc -I../Drivers/STM32F1xx_HAL_Driver/Inc/Legacy -I../Drivers/STM32F1xx_HAL_Driver/Inc -I../Drivers/CMSIS/Device/ST/STM32F1xx/Include -I../Drivers/CMSIS/Include -O0 -ffunction-sections -fdata-sections -Wall -fstack-usage -MMD -MP -MF"Drivers/STM32F1xx_HAL_Driver/Src/stm32f1xx_hal_flash.d" -MT"Drivers/STM32F1xx_HAL_Driver/Src/stm32f1xx_hal_flash.o" --specs=nano.specs -mfloat-abi=soft -mthumb -o "Drivers/STM32F1xx_HAL_Driver/Src/stm32f1xx_hal_flash.o"
arm-none-eabi-gcc "../Drivers/STM32F1xx_HAL_Driver/Src/stm32f1xx_hal_flash_ex.c" -mcpu=cortex-m3 -std=gnu11 -g3 -DDEBUG -DUSE_HAL_DRIVER -DSTM32F103xB -c -I../Core/Inc -I../Drivers/STM32F1xx_HAL_Driver/Inc/Legacy -I../Drivers/STM32F1xx_HAL_Driver/Inc -I../Drivers/CMSIS/Device/ST/STM32F1xx/Include -I../Drivers/CMSIS/Include -O0 -ffunction-sections -fdata-sections -Wall -fstack-usage -MMD -MP -MF"Drivers/STM32F1xx_HAL_Driver/Src/stm32f1xx_hal_flash_ex.d" -MT"Drivers/STM32F1xx_HAL_Driver/Src/stm32f1xx_hal_flash_ex.o" --specs=nano.specs -mfloat-abi=soft -mthumb -o "Drivers/STM32F1xx_HAL_Driver/Src/stm32f1xx_hal_flash_ex.o"
arm-none-eabi-gcc "../Drivers/STM32F1xx_HAL_Driver/Src/stm32f1xx_hal_gpio.c" -mcpu=cortex-m3 -std=gnu11 -g3 -DDEBUG -DUSE_HAL_DRIVER -DSTM32F103xB -c -I../Core/Inc -I../Drivers/STM32F1xx_HAL_Driver/Inc/Legacy -I../Drivers/STM32F1xx_HAL_Driver/Inc -I../Drivers/CMSIS/Device/ST/STM32F1xx/Include -I../Drivers/CMSIS/Include -O0 -ffunction-sections -fdata-sections -Wall -fstack-usage -MMD -MP -MF"Drivers/STM32F1xx_HAL_Driver/Src/stm32f1xx_hal_gpio.d" -MT"Drivers/STM32F1xx_HAL_Driver/Src/stm32f1xx_hal_gpio.o" --specs=nano.specs -mfloat-abi=soft -mthumb -o "Drivers/STM32F1xx_HAL_Driver/Src/stm32f1xx_hal_gpio.o"
arm-none-eabi-gcc "../Drivers/STM32F1xx_HAL_Driver/Src/stm32f1xx_hal_gpio_ex.c" -mcpu=cortex-m3 -std=gnu11 -g3 -DDEBUG -DUSE_HAL_DRIVER -DSTM32F103xB -c -I../Core/Inc -I../Drivers/STM32F1xx_HAL_Driver/Inc/Legacy -I../Drivers/STM32F1xx_HAL_Driver/Inc -I../Drivers/CMSIS/Device/ST/STM32F1xx/Include -I../Drivers/CMSIS/Include -O0 -ffunction-sections -fdata-sections -Wall -fstack-usage -MMD -MP -MF"Drivers/STM32F1xx_HAL_Driver/Src/stm32f1xx_hal_gpio_ex.d" -MT"Drivers/STM32F1xx_HAL_Driver/Src/stm32f1xx_hal_gpio_ex.o" --specs=nano.specs -mfloat-abi=soft -mthumb -o "Drivers/STM32F1xx_HAL_Driver/Src/stm32f1xx_hal_gpio_ex.o"
arm-none-eabi-gcc "../Drivers/STM32F1xx_HAL_Driver/Src/stm32f1xx_hal_pwr.c" -mcpu=cortex-m3 -std=gnu11 -g3 -DDEBUG -DUSE_HAL_DRIVER -DSTM32F103xB -c -I../Core/Inc -I../Drivers/STM32F1xx_HAL_Driver/Inc/Legacy -I../Drivers/STM32F1xx_HAL_Driver/Inc -I../Drivers/CMSIS/Device/ST/STM32F1xx/Include -I../Drivers/CMSIS/Include -O0 -ffunction-sections -fdata-sections -Wall -fstack-usage -MMD -MP -MF"Drivers/STM32F1xx_HAL_Driver/Src/stm32f1xx_hal_pwr.d" -MT"Drivers/STM32F1xx_HAL_Driver/Src/stm32f1xx_hal_pwr.o" --specs=nano.specs -mfloat-abi=soft -mthumb -o "Drivers/STM32F1xx_HAL_Driver/Src/stm32f1xx_hal_pwr.o"
arm-none-eabi-gcc "../Drivers/STM32F1xx_HAL_Driver/Src/stm32f1xx_hal_rcc.c" -mcpu=cortex-m3 -std=gnu11 -g3 -DDEBUG -DUSE_HAL_DRIVER -DSTM32F103xB -c -I../Core/Inc -I../Drivers/STM32F1xx_HAL_Driver/Inc/Legacy -I../Drivers/STM32F1xx_HAL_Driver/Inc -I../Drivers/CMSIS/Device/ST/STM32F1xx/Include -I../Drivers/CMSIS/Include -O0 -ffunction-sections -fdata-sections -Wall -fstack-usage -MMD -MP -MF"Drivers/STM32F1xx_HAL_Driver/Src/stm32f1xx_hal_rcc.d" -MT"Drivers/STM32F1xx_HAL_Driver/Src/stm32f1xx_hal_rcc.o" --specs=nano.specs -mfloat-abi=soft -mthumb -o "Drivers/STM32F1xx_HAL_Driver/Src/stm32f1xx_hal_rcc.o"
arm-none-eabi-gcc "../Drivers/STM32F1xx_HAL_Driver/Src/stm32f1xx_hal_rcc_ex.c" -mcpu=cortex-m3 -std=gnu11 -g3 -DDEBUG -DUSE_HAL_DRIVER -DSTM32F103xB -c -I../Core/Inc -I../Drivers/STM32F1xx_HAL_Driver/Inc/Legacy -I../Drivers/STM32F1xx_HAL_Driver/Inc -I../Drivers/CMSIS/Device/ST/STM32F1xx/Include -I../Drivers/CMSIS/Include -O0 -ffunction-sections -fdata-sections -Wall -fstack-usage -MMD -MP -MF"Drivers/STM32F1xx_HAL_Driver/Src/stm32f1xx_hal_rcc_ex.d" -MT"Drivers/STM32F1xx_HAL_Driver/Src/stm32f1xx_hal_rcc_ex.o" --specs=nano.specs -mfloat-abi=soft -mthumb -o "Drivers/STM32F1xx_HAL_Driver/Src/stm32f1xx_hal_rcc_ex.o"
arm-none-eabi-gcc "../Drivers/STM32F1xx_HAL_Driver/Src/stm32f1xx_hal_tim.c" -mcpu=cortex-m3 -std=gnu11 -g3 -DDEBUG -DUSE_HAL_DRIVER -DSTM32F103xB -c -I../Core/Inc -I../Drivers/STM32F1xx_HAL_Driver/Inc/Legacy -I../Drivers/STM32F1xx_HAL_Driver/Inc -I../Drivers/CMSIS/Device/ST/STM32F1xx/Include -I../Drivers/CMSIS/Include -O0 -ffunction-sections -fdata-sections -Wall -fstack-usage -MMD -MP -MF"Drivers/STM32F1xx_HAL_Driver/Src/stm32f1xx_hal_tim.d" -MT"Drivers/STM32F1xx_HAL_Driver/Src/stm32f1xx_hal_tim.o" --specs=nano.specs -mfloat-abi=soft -mthumb -o "Drivers/STM32F1xx_HAL_Driver/Src/stm32f1xx_hal_tim.o"
arm-none-eabi-gcc "../Drivers/STM32F1xx_HAL_Driver/Src/stm32f1xx_hal_tim_ex.c" -mcpu=cortex-m3 -std=gnu11 -g3 -DDEBUG -DUSE_HAL_DRIVER -DSTM32F103xB -c -I../Core/Inc -I../Drivers/STM32F1xx_HAL_Driver/Inc/Legacy -I../Drivers/STM32F1xx_HAL_Driver/Inc -I../Drivers/CMSIS/Device/ST/STM32F1xx/Include -I../Drivers/CMSIS/Include -O0 -ffunction-sections -fdata-sections -Wall -fstack-usage -MMD -MP -MF"Drivers/STM32F1xx_HAL_Driver/Src/stm32f1xx_hal_tim_ex.d" -MT"Drivers/STM32F1xx_HAL_Driver/Src/stm32f1xx_hal_tim_ex.o" --specs=nano.specs -mfloat-abi=soft -mthumb -o "Drivers/STM32F1xx_HAL_Driver/Src/stm32f1xx_hal_tim_ex.o"
arm-none-eabi-gcc "../Drivers/STM32F1xx_HAL_Driver/Src/stm32f1xx_hal_uart.c" -mcpu=cortex-m3 -std=gnu11 -g3 -DDEBUG -DUSE_HAL_DRIVER -DSTM32F103xB -c -I../Core/Inc -I../Drivers/STM32F1xx_HAL_Driver/Inc/Legacy -I../Drivers/STM32F1xx_HAL_Driver/Inc -I../Drivers/CMSIS/Device/ST/STM32F1xx/Include -I../Drivers/CMSIS/Include -O0 -ffunction-sections -fdata-sections -Wall -fstack-usage -MMD -MP -MF"Drivers/STM32F1xx_HAL_Driver/Src/stm32f1xx_hal_uart.d" -MT"Drivers/STM32F1xx_HAL_Driver/Src/stm32f1xx_hal_uart.o" --specs=nano.specs -mfloat-abi=soft -mthumb -o "Drivers/STM32F1xx_HAL_Driver/Src/stm32f1xx_hal_uart.o"
arm-none-eabi-gcc "../Core/Src/fnd_controller.c" -mcpu=cortex-m3 -std=gnu11 -g3 -DDEBUG -DUSE_HAL_DRIVER -DSTM32F103xB -c -I../Core/Inc -I../Drivers/STM32F1xx_HAL_Driver/Inc/Legacy -I../Drivers/STM32F1xx_HAL_Driver/Inc -I../Drivers/CMSIS/Device/ST/STM32F1xx/Include -I../Drivers/CMSIS/Include -I"C:/projectWork/first/first/Core/Lib/Inc" -O0 -ffunction-sections -fdata-sections -Wall -fstack-usage -MMD -MP -MF"Core/Src/fnd_controller.d" -MT"Core/Src/fnd_controller.o" --specs=nano.specs -mfloat-abi=soft -mthumb -o "Core/Src/fnd_controller.o"
arm-none-eabi-gcc "../Core/Src/main.c" -mcpu=cortex-m3 -std=gnu11 -g3 -DDEBUG -DUSE_HAL_DRIVER -DSTM32F103xB -c -I../Core/Inc -I../Drivers/STM32F1xx_HAL_Driver/Inc/Legacy -I../Drivers/STM32F1xx_HAL_Driver/Inc -I../Drivers/CMSIS/Device/ST/STM32F1xx/Include -I../Drivers/CMSIS/Include -I"C:/projectWork/first/first/Core/Lib/Inc" -O0 -ffunction-sections -fdata-sections -Wall -fstack-usage -MMD -MP -MF"Core/Src/main.d" -MT"Core/Src/main.o" --specs=nano.specs -mfloat-abi=soft -mthumb -o "Core/Src/main.o"
../Core/Src/fnd_controller.c: In function 'digit4_show':
../Core/Src/fnd_controller.c:77:20: warning: suggest parentheses around comparison in operand of '|' [-Wparentheses]
   77 |     if(showZero | n>9)send_port(_LED_0F[n2], 0b0010);
      |                   ~^~
../Core/Src/fnd_controller.c:78:20: warning: suggest parentheses around comparison in operand of '|' [-Wparentheses]
   78 |     if(showZero | n>99)send_port(_LED_0F[n3], 0b0100);
      |                   ~^~~
../Core/Src/fnd_controller.c:79:20: warning: suggest parentheses around comparison in operand of '|' [-Wparentheses]
   79 |     if(showZero | n>999)send_port(_LED_0F[n4], 0b1000);
      |                   ~^~~~
arm-none-eabi-gcc "../Core/Src/stm32f1xx_hal_msp.c" -mcpu=cortex-m3 -std=gnu11 -g3 -DDEBUG -DUSE_HAL_DRIVER -DSTM32F103xB -c -I../Core/Inc -I../Drivers/STM32F1xx_HAL_Driver/Inc/Legacy -I../Drivers/STM32F1xx_HAL_Driver/Inc -I../Drivers/CMSIS/Device/ST/STM32F1xx/Include -I../Drivers/CMSIS/Include -I"C:/projectWork/first/first/Core/Lib/Inc" -O0 -ffunction-sections -fdata-sections -Wall -fstack-usage -MMD -MP -MF"Core/Src/stm32f1xx_hal_msp.d" -MT"Core/Src/stm32f1xx_hal_msp.o" --specs=nano.specs -mfloat-abi=soft -mthumb -o "Core/Src/stm32f1xx_hal_msp.o"
arm-none-eabi-gcc "../Core/Src/stm32f1xx_it.c" -mcpu=cortex-m3 -std=gnu11 -g3 -DDEBUG -DUSE_HAL_DRIVER -DSTM32F103xB -c -I../Core/Inc -I../Drivers/STM32F1xx_HAL_Driver/Inc/Legacy -I../Drivers/STM32F1xx_HAL_Driver/Inc -I../Drivers/CMSIS/Device/ST/STM32F1xx/Include -I../Drivers/CMSIS/Include -I"C:/projectWork/first/first/Core/Lib/Inc" -O0 -ffunction-sections -fdata-sections -Wall -fstack-usage -MMD -MP -MF"Core/Src/stm32f1xx_it.d" -MT"Core/Src/stm32f1xx_it.o" --specs=nano.specs -mfloat-abi=soft -mthumb -o "Core/Src/stm32f1xx_it.o"
arm-none-eabi-gcc "../Core/Src/system_stm32f1xx.c" -mcpu=cortex-m3 -std=gnu11 -g3 -DDEBUG -DUSE_HAL_DRIVER -DSTM32F103xB -c -I../Core/Inc -I../Drivers/STM32F1xx_HAL_Driver/Inc/Legacy -I../Drivers/STM32F1xx_HAL_Driver/Inc -I../Drivers/CMSIS/Device/ST/STM32F1xx/Include -I../Drivers/CMSIS/Include -I"C:/projectWork/first/first/Core/Lib/Inc" -O0 -ffunction-sections -fdata-sections -Wall -fstack-usage -MMD -MP -MF"Core/Src/system_stm32f1xx.d" -MT"Core/Src/system_stm32f1xx.o" --specs=nano.specs -mfloat-abi=soft -mthumb -o "Core/Src/system_stm32f1xx.o"
arm-none-eabi-gcc "../Core/Lib/Src/ds18b20.c" -mcpu=cortex-m3 -std=gnu11 -g3 -DDEBUG -DUSE_HAL_DRIVER -DSTM32F103xB -c -I../Core/Inc -I../Drivers/STM32F1xx_HAL_Driver/Inc/Legacy -I../Drivers/STM32F1xx_HAL_Driver/Inc -I../Drivers/CMSIS/Device/ST/STM32F1xx/Include -I../Drivers/CMSIS/Include -I"C:/projectWork/first/first/Core/Lib/Inc" -O0 -ffunction-sections -fdata-sections -Wall -fstack-usage -MMD -MP -MF"Core/Lib/Src/ds18b20.d" -MT"Core/Lib/Src/ds18b20.o" --specs=nano.specs -mfloat-abi=soft -mthumb -o "Core/Lib/Src/ds18b20.o"
arm-none-eabi-gcc "../Core/Lib/Src/onewire.c" -mcpu=cortex-m3 -std=gnu11 -g3 -DDEBUG -DUSE_HAL_DRIVER -DSTM32F103xB -c -I../Core/Inc -I../Drivers/STM32F1xx_HAL_Driver/Inc/Legacy -I../Drivers/STM32F1xx_HAL_Driver/Inc -I../Drivers/CMSIS/Device/ST/STM32F1xx/Include -I../Drivers/CMSIS/Include -I"C:/projectWork/first/first/Core/Lib/Inc" -O0 -ffunction-sections -fdata-sections -Wall -fstack-usage -MMD -MP -MF"Core/Lib/Src/onewire.d" -MT"Core/Lib/Src/onewire.o" --specs=nano.specs -mfloat-abi=soft -mthumb -o "Core/Lib/Src/onewire.o"
In file included from ../Core/Lib/Src/onewire.c:20:
../Core/Lib/Src/onewire.c: In function 'ONEWIRE_DELAY':
C:/projectWork/first/first/Core/Lib/Inc/ds18b20Config.h:19:34: error: 'htim2' undeclared (first use in this function)
   19 | #define _DS18B20_TIMER           htim2
      |                                  ^~~~~
../Core/Lib/Src/onewire.c:25:2: note: in expansion of macro '_DS18B20_TIMER'
   25 |  _DS18B20_TIMER.Instance->CNT = 0;
      |  ^~~~~~~~~~~~~~
C:/projectWork/first/first/Core/Lib/Inc/ds18b20Config.h:19:34: note: each undeclared identifier is reported only once for each function it appears in
   19 | #define _DS18B20_TIMER           htim2
      |                                  ^~~~~
../Core/Lib/Src/onewire.c:25:2: note: in expansion of macro '_DS18B20_TIMER'
   25 |  _DS18B20_TIMER.Instance->CNT = 0;
      |  ^~~~~~~~~~~~~~
../Core/Lib/Src/onewire.c: In function 'OneWire_Init':
C:/projectWork/first/first/Core/Lib/Inc/ds18b20Config.h:19:34: error: 'htim2' undeclared (first use in this function)
   19 | #define _DS18B20_TIMER           htim2
      |                                  ^~~~~
../Core/Lib/Src/onewire.c:57:22: note: in expansion of macro '_DS18B20_TIMER'
   57 |  HAL_TIM_Base_Start(&_DS18B20_TIMER);
      |                      ^~~~~~~~~~~~~~
make: *** [Core/Lib/Src/subdir.mk:22: Core/Lib/Src/onewire.o] Error 1
make: *** Waiting for unfinished jobs....
"make -j8 all" terminated with exit code 2. Build might be incomplete.
17:46:37 **** Incremental Build of configuration Debug for project first ****
make -j8 all 
arm-none-eabi-gcc "../Core/Lib/Src/ds18b20.c" -mcpu=cortex-m3 -std=gnu11 -g3 -DDEBUG -DUSE_HAL_DRIVER -DSTM32F103xB -c -I../Core/Inc -I../Drivers/STM32F1xx_HAL_Driver/Inc/Legacy -I../Drivers/STM32F1xx_HAL_Driver/Inc -I../Drivers/CMSIS/Device/ST/STM32F1xx/Include -I../Drivers/CMSIS/Include -I"C:/projectWork/first/first/Core/Lib/Inc" -O0 -ffunction-sections -fdata-sections -Wall -fstack-usage -MMD -MP -MF"Core/Lib/Src/ds18b20.d" -MT"Core/Lib/Src/ds18b20.o" --specs=nano.specs -mfloat-abi=soft -mthumb -o "Core/Lib/Src/ds18b20.o"
arm-none-eabi-gcc "../Core/Lib/Src/onewire.c" -mcpu=cortex-m3 -std=gnu11 -g3 -DDEBUG -DUSE_HAL_DRIVER -DSTM32F103xB -c -I../Core/Inc -I../Drivers/STM32F1xx_HAL_Driver/Inc/Legacy -I../Drivers/STM32F1xx_HAL_Driver/Inc -I../Drivers/CMSIS/Device/ST/STM32F1xx/Include -I../Drivers/CMSIS/Include -I"C:/projectWork/first/first/Core/Lib/Inc" -O0 -ffunction-sections -fdata-sections -Wall -fstack-usage -MMD -MP -MF"Core/Lib/Src/onewire.d" -MT"Core/Lib/Src/onewire.o" --specs=nano.specs -mfloat-abi=soft -mthumb -o "Core/Lib/Src/onewire.o"
arm-none-eabi-gcc -o "first.elf" @"objects.list"   -mcpu=cortex-m3 -T"C:\projectWork\first\first\STM32F103C8TX_FLASH.ld" --specs=nosys.specs -Wl,-Map="first.map" -Wl,--gc-sections -static --specs=nano.specs -mfloat-abi=soft -mthumb -Wl,--start-group -lc -lm -Wl,--end-group
Finished building target: first.elf
 
arm-none-eabi-size   first.elf 
arm-none-eabi-objdump -h -S  first.elf  > "first.list"
   text	   data	    bss	    dec	    hex	filename
   8376	     20	   1740	  10136	   2798	first.elf
Finished building: default.size.stdout
 
Finished building: first.list
 
17:47:24 **** Incremental Build of configuration Debug for project first ****
make -j8 all 
arm-none-eabi-size   first.elf 
   text	   data	    bss	    dec	    hex	filename
   8376	     20	   1740	  10136	   2798	first.elf
Finished building: default.size.stdout
 
18:20:28 **** Incremental Build of configuration Debug for project first ****
make -j8 all 
arm-none-eabi-gcc "../Core/Src/main.c" -mcpu=cortex-m3 -std=gnu11 -g3 -DDEBUG -DUSE_HAL_DRIVER -DSTM32F103xB -c -I../Core/Inc -I../Drivers/STM32F1xx_HAL_Driver/Inc/Legacy -I../Drivers/STM32F1xx_HAL_Driver/Inc -I../Drivers/CMSIS/Device/ST/STM32F1xx/Include -I../Drivers/CMSIS/Include -I"C:/projectWork/first/first/Core/Lib/Inc" -O0 -ffunction-sections -fdata-sections -Wall -fstack-usage -MMD -MP -MF"Core/Src/main.d" -MT"Core/Src/main.o" --specs=nano.specs -mfloat-abi=soft -mthumb -o "Core/Src/main.o"
arm-none-eabi-gcc "../Core/Src/stm32f1xx_it.c" -mcpu=cortex-m3 -std=gnu11 -g3 -DDEBUG -DUSE_HAL_DRIVER -DSTM32F103xB -c -I../Core/Inc -I../Drivers/STM32F1xx_HAL_Driver/Inc/Legacy -I../Drivers/STM32F1xx_HAL_Driver/Inc -I../Drivers/CMSIS/Device/ST/STM32F1xx/Include -I../Drivers/CMSIS/Include -I"C:/projectWork/first/first/Core/Lib/Inc" -O0 -ffunction-sections -fdata-sections -Wall -fstack-usage -MMD -MP -MF"Core/Src/stm32f1xx_it.d" -MT"Core/Src/stm32f1xx_it.o" --specs=nano.specs -mfloat-abi=soft -mthumb -o "Core/Src/stm32f1xx_it.o"
arm-none-eabi-gcc -o "first.elf" @"objects.list"   -mcpu=cortex-m3 -T"C:\projectWork\first\first\STM32F103C8TX_FLASH.ld" --specs=nosys.specs -Wl,-Map="first.map" -Wl,--gc-sections -static --specs=nano.specs -mfloat-abi=soft -mthumb -Wl,--start-group -lc -lm -Wl,--end-group
Finished building target: first.elf
 
arm-none-eabi-size   first.elf 
arm-none-eabi-objdump -h -S  first.elf  > "first.list"
   text	   data	    bss	    dec	    hex	filename
   8576	     20	   1748	  10344	   2868	first.elf
Finished building: default.size.stdout
 
Finished building: first.list
 
18:22:02 **** Incremental Build of configuration Debug for project first ****
make -j8 all 
arm-none-eabi-gcc "../Core/Src/stm32f1xx_it.c" -mcpu=cortex-m3 -std=gnu11 -g3 -DDEBUG -DUSE_HAL_DRIVER -DSTM32F103xB -c -I../Core/Inc -I../Drivers/STM32F1xx_HAL_Driver/Inc/Legacy -I../Drivers/STM32F1xx_HAL_Driver/Inc -I../Drivers/CMSIS/Device/ST/STM32F1xx/Include -I../Drivers/CMSIS/Include -I"C:/projectWork/first/first/Core/Lib/Inc" -O0 -ffunction-sections -fdata-sections -Wall -fstack-usage -MMD -MP -MF"Core/Src/stm32f1xx_it.d" -MT"Core/Src/stm32f1xx_it.o" --specs=nano.specs -mfloat-abi=soft -mthumb -o "Core/Src/stm32f1xx_it.o"
arm-none-eabi-gcc -o "first.elf" @"objects.list"   -mcpu=cortex-m3 -T"C:\projectWork\first\first\STM32F103C8TX_FLASH.ld" --specs=nosys.specs -Wl,-Map="first.map" -Wl,--gc-sections -static --specs=nano.specs -mfloat-abi=soft -mthumb -Wl,--start-group -lc -lm -Wl,--end-group
Finished building target: first.elf
 
arm-none-eabi-size   first.elf 
arm-none-eabi-objdump -h -S  first.elf  > "first.list"
   text	   data	    bss	    dec	    hex	filename
   8572	     20	   1748	  10340	   2864	first.elf
Finished building: default.size.stdout
 
Finished building: first.list
 
19:40:52 **** Incremental Build of configuration Debug for project first ****
make -j8 all 
arm-none-eabi-size   first.elf 
   text	   data	    bss	    dec	    hex	filename
   8572	     20	   1748	  10340	   2864	first.elf
Finished building: default.size.stdout
 
19:48:05 **** Incremental Build of configuration Debug for project first ****
make -j8 all 
arm-none-eabi-gcc "../Core/Src/main.c" -mcpu=cortex-m3 -std=gnu11 -g3 -DDEBUG -DUSE_HAL_DRIVER -DSTM32F103xB -c -I../Core/Inc -I../Drivers/STM32F1xx_HAL_Driver/Inc/Legacy -I../Drivers/STM32F1xx_HAL_Driver/Inc -I../Drivers/CMSIS/Device/ST/STM32F1xx/Include -I../Drivers/CMSIS/Include -I"C:/projectWork/first/first/Core/Lib/Inc" -O0 -ffunction-sections -fdata-sections -Wall -fstack-usage -MMD -MP -MF"Core/Src/main.d" -MT"Core/Src/main.o" --specs=nano.specs -mfloat-abi=soft -mthumb -o "Core/Src/main.o"
arm-none-eabi-gcc -o "first.elf" @"objects.list"   -mcpu=cortex-m3 -T"C:\projectWork\first\first\STM32F103C8TX_FLASH.ld" --specs=nosys.specs -Wl,-Map="first.map" -Wl,--gc-sections -static --specs=nano.specs -mfloat-abi=soft -mthumb -Wl,--start-group -lc -lm -Wl,--end-group
Finished building target: first.elf
 
arm-none-eabi-size   first.elf 
arm-none-eabi-objdump -h -S  first.elf  > "first.list"
   text	   data	    bss	    dec	    hex	filename
   8568	     20	   1748	  10336	   2860	first.elf
Finished building: default.size.stdout
 
Finished building: first.list
 
19:49:54 **** Incremental Build of configuration Debug for project first ****
make -j8 all 
arm-none-eabi-size   first.elf 
   text	   data	    bss	    dec	    hex	filename
   8568	     20	   1748	  10336	   2860	first.elf
Finished building: default.size.stdout
 
19:50:12 **** Incremental Build of configuration Debug for project first ****
make -j8 all 
arm-none-eabi-size   first.elf 
   text	   data	    bss	    dec	    hex	filename
   8568	     20	   1748	  10336	   2860	first.elf
Finished building: default.size.stdout
 
20:16:35 **** Incremental Build of configuration Debug for project first ****
make -j8 all 
arm-none-eabi-gcc "../Core/Src/main.c" -mcpu=cortex-m3 -std=gnu11 -g3 -DDEBUG -DUSE_HAL_DRIVER -DSTM32F103xB -c -I../Core/Inc -I../Drivers/STM32F1xx_HAL_Driver/Inc/Legacy -I../Drivers/STM32F1xx_HAL_Driver/Inc -I../Drivers/CMSIS/Device/ST/STM32F1xx/Include -I../Drivers/CMSIS/Include -I"C:/projectWork/first/first/Core/Lib/Inc" -O0 -ffunction-sections -fdata-sections -Wall -fstack-usage -MMD -MP -MF"Core/Src/main.d" -MT"Core/Src/main.o" --specs=nano.specs -mfloat-abi=soft -mthumb -o "Core/Src/main.o"
arm-none-eabi-gcc -o "first.elf" @"objects.list"   -mcpu=cortex-m3 -T"C:\projectWork\first\first\STM32F103C8TX_FLASH.ld" --specs=nosys.specs -Wl,-Map="first.map" -Wl,--gc-sections -static --specs=nano.specs -mfloat-abi=soft -mthumb -Wl,--start-group -lc -lm -Wl,--end-group
Finished building target: first.elf
 
arm-none-eabi-size   first.elf 
arm-none-eabi-objdump -h -S  first.elf  > "first.list"
   text	   data	    bss	    dec	    hex	filename
   8612	     20	   1748	  10380	   288c	first.elf
Finished building: default.size.stdout
 
Finished building: first.list
 
20:22:34 **** Incremental Build of configuration Debug for project first ****
make -j8 all 
arm-none-eabi-gcc "../Core/Src/main.c" -mcpu=cortex-m3 -std=gnu11 -g3 -DDEBUG -DUSE_HAL_DRIVER -DSTM32F103xB -c -I../Core/Inc -I../Drivers/STM32F1xx_HAL_Driver/Inc/Legacy -I../Drivers/STM32F1xx_HAL_Driver/Inc -I../Drivers/CMSIS/Device/ST/STM32F1xx/Include -I../Drivers/CMSIS/Include -I"C:/projectWork/first/first/Core/Lib/Inc" -O0 -ffunction-sections -fdata-sections -Wall -fstack-usage -MMD -MP -MF"Core/Src/main.d" -MT"Core/Src/main.o" --specs=nano.specs -mfloat-abi=soft -mthumb -o "Core/Src/main.o"
../Core/Src/main.c: In function 'main':
../Core/Src/main.c:104:3: warning: implicit declaration of function 'Ds18b20_Init' [-Wimplicit-function-declaration]
  104 |   Ds18b20_Init();
      |   ^~~~~~~~~~~~
arm-none-eabi-gcc -o "first.elf" @"objects.list"   -mcpu=cortex-m3 -T"C:\projectWork\first\first\STM32F103C8TX_FLASH.ld" --specs=nosys.specs -Wl,-Map="first.map" -Wl,--gc-sections -static --specs=nano.specs -mfloat-abi=soft -mthumb -Wl,--start-group -lc -lm -Wl,--end-group
Finished building target: first.elf
 
arm-none-eabi-size   first.elf 
arm-none-eabi-objdump -h -S  first.elf  > "first.list"
   text	   data	    bss	    dec	    hex	filename
  10932	     20	   1788	  12740	   31c4	first.elf
Finished building: default.size.stdout
 
Finished building: first.list
 
20:38:04 **** Incremental Build of configuration Debug for project first ****
make -j8 all 
arm-none-eabi-gcc "../Core/Src/main.c" -mcpu=cortex-m3 -std=gnu11 -g3 -DDEBUG -DUSE_HAL_DRIVER -DSTM32F103xB -c -I../Core/Inc -I../Drivers/STM32F1xx_HAL_Driver/Inc/Legacy -I../Drivers/STM32F1xx_HAL_Driver/Inc -I../Drivers/CMSIS/Device/ST/STM32F1xx/Include -I../Drivers/CMSIS/Include -I"C:/projectWork/first/first/Core/Lib/Inc" -O0 -ffunction-sections -fdata-sections -Wall -fstack-usage -MMD -MP -MF"Core/Src/main.d" -MT"Core/Src/main.o" --specs=nano.specs -mfloat-abi=soft -mthumb -o "Core/Src/main.o"
../Core/Src/main.c: In function 'main':
../Core/Src/main.c:105:3: warning: implicit declaration of function 'Ds18b20_Init' [-Wimplicit-function-declaration]
  105 |   Ds18b20_Init();
      |   ^~~~~~~~~~~~
arm-none-eabi-gcc -o "first.elf" @"objects.list"   -mcpu=cortex-m3 -T"C:\projectWork\first\first\STM32F103C8TX_FLASH.ld" --specs=nosys.specs -Wl,-Map="first.map" -Wl,--gc-sections -static --specs=nano.specs -mfloat-abi=soft -mthumb -Wl,--start-group -lc -lm -Wl,--end-group
Finished building target: first.elf
 
arm-none-eabi-size   first.elf 
arm-none-eabi-objdump -h -S  first.elf  > "first.list"
   text	   data	    bss	    dec	    hex	filename
  10932	     20	   1788	  12740	   31c4	first.elf
Finished building: default.size.stdout
 
Finished building: first.list
 
20:39:46 **** Incremental Build of configuration Debug for project first ****
make -j8 all 
arm-none-eabi-gcc "../Core/Src/main.c" -mcpu=cortex-m3 -std=gnu11 -g3 -DDEBUG -DUSE_HAL_DRIVER -DSTM32F103xB -c -I../Core/Inc -I../Drivers/STM32F1xx_HAL_Driver/Inc/Legacy -I../Drivers/STM32F1xx_HAL_Driver/Inc -I../Drivers/CMSIS/Device/ST/STM32F1xx/Include -I../Drivers/CMSIS/Include -I"C:/projectWork/first/first/Core/Lib/Inc" -O0 -ffunction-sections -fdata-sections -Wall -fstack-usage -MMD -MP -MF"Core/Src/main.d" -MT"Core/Src/main.o" --specs=nano.specs -mfloat-abi=soft -mthumb -o "Core/Src/main.o"
arm-none-eabi-gcc -o "first.elf" @"objects.list"   -mcpu=cortex-m3 -T"C:\projectWork\first\first\STM32F103C8TX_FLASH.ld" --specs=nosys.specs -Wl,-Map="first.map" -Wl,--gc-sections -static --specs=nano.specs -mfloat-abi=soft -mthumb -Wl,--start-group -lc -lm -Wl,--end-group
Finished building target: first.elf
 
arm-none-eabi-size   first.elf 
arm-none-eabi-objdump -h -S  first.elf  > "first.list"
   text	   data	    bss	    dec	    hex	filename
  10932	     20	   1788	  12740	   31c4	first.elf
Finished building: default.size.stdout
 
Finished building: first.list
 
20:44:50 **** Incremental Build of configuration Debug for project first ****
make -j8 all 
arm-none-eabi-gcc "../Core/Src/main.c" -mcpu=cortex-m3 -std=gnu11 -g3 -DDEBUG -DUSE_HAL_DRIVER -DSTM32F103xB -c -I../Core/Inc -I../Drivers/STM32F1xx_HAL_Driver/Inc/Legacy -I../Drivers/STM32F1xx_HAL_Driver/Inc -I../Drivers/CMSIS/Device/ST/STM32F1xx/Include -I../Drivers/CMSIS/Include -I"C:/projectWork/first/first/Core/Lib/Inc" -O0 -ffunction-sections -fdata-sections -Wall -fstack-usage -MMD -MP -MF"Core/Src/main.d" -MT"Core/Src/main.o" --specs=nano.specs -mfloat-abi=soft -mthumb -o "Core/Src/main.o"
arm-none-eabi-gcc -o "first.elf" @"objects.list"   -mcpu=cortex-m3 -T"C:\projectWork\first\first\STM32F103C8TX_FLASH.ld" --specs=nosys.specs -Wl,-Map="first.map" -Wl,--gc-sections -static --specs=nano.specs -mfloat-abi=soft -mthumb -Wl,--start-group -lc -lm -Wl,--end-group
Finished building target: first.elf
 
arm-none-eabi-size   first.elf 
arm-none-eabi-objdump -h -S  first.elf  > "first.list"
   text	   data	    bss	    dec	    hex	filename
  10936	     20	   1788	  12744	   31c8	first.elf
Finished building: default.size.stdout
 
Finished building: first.list
 
15:24:04 **** Build of configuration Debug for project first ****
make -j8 all 
arm-none-eabi-size   first.elf 
   text	   data	    bss	    dec	    hex	filename
  10936	     20	   1788	  12744	   31c8	first.elf
Finished building: default.size.stdout
 
15:30:11 **** Incremental Build of configuration Debug for project first ****
make -j8 all 
arm-none-eabi-size   first.elf 
   text	   data	    bss	    dec	    hex	filename
  10936	     20	   1788	  12744	   31c8	first.elf
Finished building: default.size.stdout
 
15:32:46 **** Incremental Build of configuration Debug for project first ****
make -j8 all 
arm-none-eabi-size   first.elf 
   text	   data	    bss	    dec	    hex	filename
  10936	     20	   1788	  12744	   31c8	first.elf
Finished building: default.size.stdout
 
15:37:57 **** Incremental Build of configuration Debug for project first ****
make -j8 all 
arm-none-eabi-size   first.elf 
   text	   data	    bss	    dec	    hex	filename
  10936	     20	   1788	  12744	   31c8	first.elf
Finished building: default.size.stdout
 
15:44:11 **** Incremental Build of configuration Debug for project first ****
make -j8 all 
arm-none-eabi-gcc "../Core/Src/main.c" -mcpu=cortex-m3 -std=gnu11 -g3 -DDEBUG -DUSE_HAL_DRIVER -DSTM32F103xB -c -I../Core/Inc -I../Drivers/STM32F1xx_HAL_Driver/Inc/Legacy -I../Drivers/STM32F1xx_HAL_Driver/Inc -I../Drivers/CMSIS/Device/ST/STM32F1xx/Include -I../Drivers/CMSIS/Include -I"C:/projectWork/first/first/Core/Lib/Inc" -O0 -ffunction-sections -fdata-sections -Wall -fstack-usage -MMD -MP -MF"Core/Src/main.d" -MT"Core/Src/main.o" --specs=nano.specs -mfloat-abi=soft -mthumb -o "Core/Src/main.o"
[...]
Finished building target: 4rd.elf
 
arm-none-eabi-size   4rd.elf 
arm-none-eabi-objdump -h -S  4rd.elf  > "4rd.list"
   text	   data	    bss	    dec	    hex	filename
  26184	    136	   3112	  29432	   72f8	4rd.elf
Finished building: default.size.stdout
 
Finished building: 4rd.list
 
16:43:16 **** Incremental Build of configuration Debug for project 4rd ****
make -j8 all 
arm-none-eabi-gcc "../Core/Src/main.c" -mcpu=cortex-m3 -std=gnu11 -g3 -DDEBUG -DUSE_HAL_DRIVER -DSTM32F103xB -c -I../Core/Inc -I../Drivers/STM32F1xx_HAL_Driver/Inc/Legacy -I../Drivers/STM32F1xx_HAL_Driver/Inc -I../Drivers/CMSIS/Device/ST/STM32F1xx/Include -I../Drivers/CMSIS/Include -I"C:/projectWork/4rd/4rd/Core/Lib/Inc" -O0 -ffunction-sections -fdata-sections -Wall -fstack-usage -MMD -MP -MF"Core/Src/main.d" -MT"Core/Src/main.o" --specs=nano.specs -mfloat-abi=soft -mthumb -o "Core/Src/main.o"
../Core/Src/main.c: In function 'main':
../Core/Src/main.c:96:8: warning: variable 'temper' set but not used [-Wunused-but-set-variable]
   96 |  float temper = 0.0;
      |        ^~~~~~
arm-none-eabi-gcc -o "4rd.elf" @"objects.list"   -mcpu=cortex-m3 -T"C:\projectWork\4rd\4rd\STM32F103C8TX_FLASH.ld" --specs=nosys.specs -Wl,-Map="4rd.map" -Wl,--gc-sections -static --specs=nano.specs -mfloat-abi=soft -mthumb -Wl,--start-group -lc -lm -Wl,--end-group
Finished building target: 4rd.elf
 
arm-none-eabi-size   4rd.elf 
arm-none-eabi-objdump -h -S  4rd.elf  > "4rd.list"
   text	   data	    bss	    dec	    hex	filename
  26920	    136	   3136	  30192	   75f0	4rd.elf
Finished building: default.size.stdout
 
Finished building: 4rd.list
 
17:07:34 **** Incremental Build of configuration Debug for project 4rd ****
make -j8 all 
arm-none-eabi-gcc "../Core/Lib/Src/ds18b20.c" -mcpu=cortex-m3 -std=gnu11 -g3 -DDEBUG -DUSE_HAL_DRIVER -DSTM32F103xB -c -I../Core/Inc -I../Drivers/STM32F1xx_HAL_Driver/Inc/Legacy -I../Drivers/STM32F1xx_HAL_Driver/Inc -I../Drivers/CMSIS/Device/ST/STM32F1xx/Include -I../Drivers/CMSIS/Include -I"C:/projectWork/4rd/4rd/Core/Lib/Inc" -O0 -ffunction-sections -fdata-sections -Wall -fstack-usage -MMD -MP -MF"Core/Lib/Src/ds18b20.d" -MT"Core/Lib/Src/ds18b20.o" --specs=nano.specs -mfloat-abi=soft -mthumb -o "Core/Lib/Src/ds18b20.o"
arm-none-eabi-gcc -o "4rd.elf" @"objects.list"   -mcpu=cortex-m3 -T"C:\projectWork\4rd\4rd\STM32F103C8TX_FLASH.ld" --specs=nosys.specs -Wl,-Map="4rd.map" -Wl,--gc-sections -static --specs=nano.specs -mfloat-abi=soft -mthumb -Wl,--start-group -lc -lm -Wl,--end-group
Finished building target: 4rd.elf
 
arm-none-eabi-size   4rd.elf 
arm-none-eabi-objdump -h -S  4rd.elf  > "4rd.list"
   text	   data	    bss	    dec	    hex	filename
  26904	    136	   3136	  30176	   75e0	4rd.elf
Finished building: default.size.stdout
 
Finished building: 4rd.list
 
17:10:00 **** Incremental Build of configuration Debug for project 4rd ****
make -j8 all 
arm-none-eabi-gcc "../Core/Src/main.c" -mcpu=cortex-m3 -std=gnu11 -g3 -DDEBUG -DUSE_HAL_DRIVER -DSTM32F103xB -c -I../Core/Inc -I../Drivers/STM32F1xx_HAL_Driver/Inc/Legacy -I../Drivers/STM32F1xx_HAL_Driver/Inc -I../Drivers/CMSIS/Device/ST/STM32F1xx/Include -I../Drivers/CMSIS/Include -I"C:/projectWork/4rd/4rd/Core/Lib/Inc" -O0 -ffunction-sections -fdata-sections -Wall -fstack-usage -MMD -MP -MF"Core/Src/main.d" -MT"Core/Src/main.o" --specs=nano.specs -mfloat-abi=soft -mthumb -o "Core/Src/main.o"
../Core/Src/main.c: In function 'main':
../Core/Src/main.c:96:8: warning: variable 'temper' set but not used [-Wunused-but-set-variable]
   96 |  float temper = 0.0;
      |        ^~~~~~
arm-none-eabi-gcc -o "4rd.elf" @"objects.list"   -mcpu=cortex-m3 -T"C:\projectWork\4rd\4rd\STM32F103C8TX_FLASH.ld" --specs=nosys.specs -Wl,-Map="4rd.map" -Wl,--gc-sections -static --specs=nano.specs -mfloat-abi=soft -mthumb -Wl,--start-group -lc -lm -Wl,--end-group
Finished building target: 4rd.elf
 
arm-none-eabi-size   4rd.elf 
arm-none-eabi-objdump -h -S  4rd.elf  > "4rd.list"
   text	   data	    bss	    dec	    hex	filename
  25820	    132	   3108	  29060	   7184	4rd.elf
Finished building: default.size.stdout
 
Finished building: 4rd.list
 
17:21:19 **** Incremental Build of configuration Debug for project 4rd ****
make -j8 all 
arm-none-eabi-gcc "../Core/Lib/Src/ds18b20.c" -mcpu=cortex-m3 -std=gnu11 -g3 -DDEBUG -DUSE_HAL_DRIVER -DSTM32F103xB -c -I../Core/Inc -I../Drivers/STM32F1xx_HAL_Driver/Inc/Legacy -I../Drivers/STM32F1xx_HAL_Driver/Inc -I../Drivers/CMSIS/Device/ST/STM32F1xx/Include -I../Drivers/CMSIS/Include -I"C:/projectWork/4rd/4rd/Core/Lib/Inc" -O0 -ffunction-sections -fdata-sections -Wall -fstack-usage -MMD -MP -MF"Core/Lib/Src/ds18b20.d" -MT"Core/Lib/Src/ds18b20.o" --specs=nano.specs -mfloat-abi=soft -mthumb -o "Core/Lib/Src/ds18b20.o"
arm-none-eabi-gcc "../Core/Lib/Src/onewire.c" -mcpu=cortex-m3 -std=gnu11 -g3 -DDEBUG -DUSE_HAL_DRIVER -DSTM32F103xB -c -I../Core/Inc -I../Drivers/STM32F1xx_HAL_Driver/Inc/Legacy -I../Drivers/STM32F1xx_HAL_Driver/Inc -I../Drivers/CMSIS/Device/ST/STM32F1xx/Include -I../Drivers/CMSIS/Include -I"C:/projectWork/4rd/4rd/Core/Lib/Inc" -O0 -ffunction-sections -fdata-sections -Wall -fstack-usage -MMD -MP -MF"Core/Lib/Src/onewire.d" -MT"Core/Lib/Src/onewire.o" --specs=nano.specs -mfloat-abi=soft -mthumb -o "Core/Lib/Src/onewire.o"
arm-none-eabi-gcc -o "4rd.elf" @"objects.list"   -mcpu=cortex-m3 -T"C:\projectWork\4rd\4rd\STM32F103C8TX_FLASH.ld" --specs=nosys.specs -Wl,-Map="4rd.map" -Wl,--gc-sections -static --specs=nano.specs -mfloat-abi=soft -mthumb -Wl,--start-group -lc -lm -Wl,--end-group
Finished building target: 4rd.elf
 
arm-none-eabi-size   4rd.elf 
arm-none-eabi-objdump -h -S  4rd.elf  > "4rd.list"
   text	   data	    bss	    dec	    hex	filename
  25760	    132	   3108	  29000	   7148	4rd.elf
Finished building: default.size.stdout
 
Finished building: 4rd.list
 
17:21:24 **** Incremental Build of configuration Debug for project 4rd ****
make -j8 all 
arm-none-eabi-size   4rd.elf 
   text	   data	    bss	    dec	    hex	filename
  25760	    132	   3108	  29000	   7148	4rd.elf
Finished building: default.size.stdout
 
17:25:20 **** Incremental Build of configuration Debug for project 4rd ****
make -j8 all 
arm-none-eabi-gcc "../Core/Lib/Src/onewire.c" -mcpu=cortex-m3 -std=gnu11 -g3 -DDEBUG -DUSE_HAL_DRIVER -DSTM32F103xB -c -I../Core/Inc -I../Drivers/STM32F1xx_HAL_Driver/Inc/Legacy -I../Drivers/STM32F1xx_HAL_Driver/Inc -I../Drivers/CMSIS/Device/ST/STM32F1xx/Include -I../Drivers/CMSIS/Include -I"C:/projectWork/4rd/4rd/Core/Lib/Inc" -O0 -ffunction-sections -fdata-sections -Wall -fstack-usage -MMD -MP -MF"Core/Lib/Src/onewire.d" -MT"Core/Lib/Src/onewire.o" --specs=nano.specs -mfloat-abi=soft -mthumb -o "Core/Lib/Src/onewire.o"
arm-none-eabi-gcc -o "4rd.elf" @"objects.list"   -mcpu=cortex-m3 -T"C:\projectWork\4rd\4rd\STM32F103C8TX_FLASH.ld" --specs=nosys.specs -Wl,-Map="4rd.map" -Wl,--gc-sections -static --specs=nano.specs -mfloat-abi=soft -mthumb -Wl,--start-group -lc -lm -Wl,--end-group
Finished building target: 4rd.elf
 
arm-none-eabi-size   4rd.elf 
arm-none-eabi-objdump -h -S  4rd.elf  > "4rd.list"
   text	   data	    bss	    dec	    hex	filename
  25836	    132	   3108	  29076	   7194	4rd.elf
Finished building: default.size.stdout
 
Finished building: 4rd.list
 
17:27:10 **** Incremental Build of configuration Debug for project 4rd ****
make -j8 all 
arm-none-eabi-gcc "../Core/Lib/Src/onewire.c" -mcpu=cortex-m3 -std=gnu11 -g3 -DDEBUG -DUSE_HAL_DRIVER -DSTM32F103xB -c -I../Core/Inc -I../Drivers/STM32F1xx_HAL_Driver/Inc/Legacy -I../Drivers/STM32F1xx_HAL_Driver/Inc -I../Drivers/CMSIS/Device/ST/STM32F1xx/Include -I../Drivers/CMSIS/Include -I"C:/projectWork/4rd/4rd/Core/Lib/Inc" -O0 -ffunction-sections -fdata-sections -Wall -fstack-usage -MMD -MP -MF"Core/Lib/Src/onewire.d" -MT"Core/Lib/Src/onewire.o" --specs=nano.specs -mfloat-abi=soft -mthumb -o "Core/Lib/Src/onewire.o"
arm-none-eabi-gcc -o "4rd.elf" @"objects.list"   -mcpu=cortex-m3 -T"C:\projectWork\4rd\4rd\STM32F103C8TX_FLASH.ld" --specs=nosys.specs -Wl,-Map="4rd.map" -Wl,--gc-sections -static --specs=nano.specs -mfloat-abi=soft -mthumb -Wl,--start-group -lc -lm -Wl,--end-group
Finished building target: 4rd.elf
 
arm-none-eabi-size   4rd.elf 
arm-none-eabi-objdump -h -S  4rd.elf  > "4rd.list"
   text	   data	    bss	    dec	    hex	filename
  25848	    132	   3108	  29088	   71a0	4rd.elf
Finished building: default.size.stdout
 
Finished building: 4rd.list
 
17:28:35 **** Incremental Build of configuration Debug for project 4rd ****
make -j8 all 
arm-none-eabi-gcc "../Core/Lib/Src/onewire.c" -mcpu=cortex-m3 -std=gnu11 -g3 -DDEBUG -DUSE_HAL_DRIVER -DSTM32F103xB -c -I../Core/Inc -I../Drivers/STM32F1xx_HAL_Driver/Inc/Legacy -I../Drivers/STM32F1xx_HAL_Driver/Inc -I../Drivers/CMSIS/Device/ST/STM32F1xx/Include -I../Drivers/CMSIS/Include -I"C:/projectWork/4rd/4rd/Core/Lib/Inc" -O0 -ffunction-sections -fdata-sections -Wall -fstack-usage -MMD -MP -MF"Core/Lib/Src/onewire.d" -MT"Core/Lib/Src/onewire.o" --specs=nano.specs -mfloat-abi=soft -mthumb -o "Core/Lib/Src/onewire.o"
arm-none-eabi-gcc -o "4rd.elf" @"objects.list"   -mcpu=cortex-m3 -T"C:\projectWork\4rd\4rd\STM32F103C8TX_FLASH.ld" --specs=nosys.specs -Wl,-Map="4rd.map" -Wl,--gc-sections -static --specs=nano.specs -mfloat-abi=soft -mthumb -Wl,--start-group -lc -lm -Wl,--end-group
Finished building target: 4rd.elf
 
arm-none-eabi-size   4rd.elf 
arm-none-eabi-objdump -h -S  4rd.elf  > "4rd.list"
   text	   data	    bss	    dec	    hex	filename
  25748	    132	   3108	  28988	   713c	4rd.elf
Finished building: default.size.stdout
 
Finished building: 4rd.list
 
17:31:38 **** Incremental Build of configuration Debug for project 4rd ****
make -j8 all 
arm-none-eabi-gcc "../Core/Src/main.c" -mcpu=cortex-m3 -std=gnu11 -g3 -DDEBUG -DUSE_HAL_DRIVER -DSTM32F103xB -c -I../Core/Inc -I../Drivers/STM32F1xx_HAL_Driver/Inc/Legacy -I../Drivers/STM32F1xx_HAL_Driver/Inc -I../Drivers/CMSIS/Device/ST/STM32F1xx/Include -I../Drivers/CMSIS/Include -I"C:/projectWork/4rd/4rd/Core/Lib/Inc" -O0 -ffunction-sections -fdata-sections -Wall -fstack-usage -MMD -MP -MF"Core/Src/main.d" -MT"Core/Src/main.o" --specs=nano.specs -mfloat-abi=soft -mthumb -o "Core/Src/main.o"
arm-none-eabi-gcc -o "4rd.elf" @"objects.list"   -mcpu=cortex-m3 -T"C:\projectWork\4rd\4rd\STM32F103C8TX_FLASH.ld" --specs=nosys.specs -Wl,-Map="4rd.map" -Wl,--gc-sections -static --specs=nano.specs -mfloat-abi=soft -mthumb -Wl,--start-group -lc -lm -Wl,--end-group
Finished building target: 4rd.elf
 
arm-none-eabi-size   4rd.elf 
arm-none-eabi-objdump -h -S  4rd.elf  > "4rd.list"
   text	   data	    bss	    dec	    hex	filename
  26380	    136	   3112	  29628	   73bc	4rd.elf
Finished building: default.size.stdout
 
Finished building: 4rd.list
 
17:32:43 **** Incremental Build of configuration Debug for project 4rd ****
make -j8 all 
arm-none-eabi-gcc -o "4rd.elf" @"objects.list"   -mcpu=cortex-m3 -T"C:\projectWork\4rd\4rd\STM32F103C8TX_FLASH.ld" --specs=nosys.specs -Wl,-Map="4rd.map" -Wl,--gc-sections -static --specs=nano.specs -mfloat-abi=soft -mthumb -Wl,--start-group -lc -lm -Wl,--end-group
Finished building target: 4rd.elf
 
arm-none-eabi-size   4rd.elf 
arm-none-eabi-objdump -h -S  4rd.elf  > "4rd.list"
   text	   data	    bss	    dec	    hex	filename
  26380	    136	   3112	  29628	   73bc	4rd.elf
Finished building: default.size.stdout
 
Finished building: 4rd.list
 
17:35:07 **** Incremental Build of configuration Debug for project 4rd ****
make -j8 all 
arm-none-eabi-gcc "../Core/Lib/Src/onewire.c" -mcpu=cortex-m3 -std=gnu11 -g3 -DDEBUG -DUSE_HAL_DRIVER -DSTM32F103xB -c -I../Core/Inc -I../Drivers/STM32F1xx_HAL_Driver/Inc/Legacy -I../Drivers/STM32F1xx_HAL_Driver/Inc -I../Drivers/CMSIS/Device/ST/STM32F1xx/Include -I../Drivers/CMSIS/Include -I"C:/projectWork/4rd/4rd/Core/Lib/Inc" -O0 -ffunction-sections -fdata-sections -Wall -fstack-usage -MMD -MP -MF"Core/Lib/Src/onewire.d" -MT"Core/Lib/Src/onewire.o" --specs=nano.specs -mfloat-abi=soft -mthumb -o "Core/Lib/Src/onewire.o"
arm-none-eabi-gcc -o "4rd.elf" @"objects.list"   -mcpu=cortex-m3 -T"C:\projectWork\4rd\4rd\STM32F103C8TX_FLASH.ld" --specs=nosys.specs -Wl,-Map="4rd.map" -Wl,--gc-sections -static --specs=nano.specs -mfloat-abi=soft -mthumb -Wl,--start-group -lc -lm -Wl,--end-group
Finished building target: 4rd.elf
 
arm-none-eabi-size   4rd.elf 
arm-none-eabi-objdump -h -S  4rd.elf  > "4rd.list"
   text	   data	    bss	    dec	    hex	filename
  26396	    136	   3112	  29644	   73cc	4rd.elf
Finished building: default.size.stdout
 
Finished building: 4rd.list
 
17:37:30 **** Incremental Build of configuration Debug for project 4rd ****
make -j8 all 
arm-none-eabi-gcc "../Core/Lib/Src/onewire.c" -mcpu=cortex-m3 -std=gnu11 -g3 -DDEBUG -DUSE_HAL_DRIVER -DSTM32F103xB -c -I../Core/Inc -I../Drivers/STM32F1xx_HAL_Driver/Inc/Legacy -I../Drivers/STM32F1xx_HAL_Driver/Inc -I../Drivers/CMSIS/Device/ST/STM32F1xx/Include -I../Drivers/CMSIS/Include -I"C:/projectWork/4rd/4rd/Core/Lib/Inc" -O0 -ffunction-sections -fdata-sections -Wall -fstack-usage -MMD -MP -MF"Core/Lib/Src/onewire.d" -MT"Core/Lib/Src/onewire.o" --specs=nano.specs -mfloat-abi=soft -mthumb -o "Core/Lib/Src/onewire.o"
arm-none-eabi-gcc -o "4rd.elf" @"objects.list"   -mcpu=cortex-m3 -T"C:\projectWork\4rd\4rd\STM32F103C8TX_FLASH.ld" --specs=nosys.specs -Wl,-Map="4rd.map" -Wl,--gc-sections -static --specs=nano.specs -mfloat-abi=soft -mthumb -Wl,--start-group -lc -lm -Wl,--end-group
Finished building target: 4rd.elf
 
arm-none-eabi-size   4rd.elf 
arm-none-eabi-objdump -h -S  4rd.elf  > "4rd.list"
   text	   data	    bss	    dec	    hex	filename
  26468	    136	   3112	  29716	   7414	4rd.elf
Finished building: default.size.stdout
 
Finished building: 4rd.list
 
17:37:59 **** Incremental Build of configuration Debug for project 4rd ****
make -j8 all 
arm-none-eabi-gcc "../Core/Lib/Src/onewire.c" -mcpu=cortex-m3 -std=gnu11 -g3 -DDEBUG -DUSE_HAL_DRIVER -DSTM32F103xB -c -I../Core/Inc -I../Drivers/STM32F1xx_HAL_Driver/Inc/Legacy -I../Drivers/STM32F1xx_HAL_Driver/Inc -I../Drivers/CMSIS/Device/ST/STM32F1xx/Include -I../Drivers/CMSIS/Include -I"C:/projectWork/4rd/4rd/Core/Lib/Inc" -O0 -ffunction-sections -fdata-sections -Wall -fstack-usage -MMD -MP -MF"Core/Lib/Src/onewire.d" -MT"Core/Lib/Src/onewire.o" --specs=nano.specs -mfloat-abi=soft -mthumb -o "Core/Lib/Src/onewire.o"
arm-none-eabi-gcc -o "4rd.elf" @"objects.list"   -mcpu=cortex-m3 -T"C:\projectWork\4rd\4rd\STM32F103C8TX_FLASH.ld" --specs=nosys.specs -Wl,-Map="4rd.map" -Wl,--gc-sections -static --specs=nano.specs -mfloat-abi=soft -mthumb -Wl,--start-group -lc -lm -Wl,--end-group
Finished building target: 4rd.elf
 
arm-none-eabi-size   4rd.elf 
arm-none-eabi-objdump -h -S  4rd.elf  > "4rd.list"
   text	   data	    bss	    dec	    hex	filename
  26456	    136	   3112	  29704	   7408	4rd.elf
Finished building: default.size.stdout
 
Finished building: 4rd.list
 
17:39:18 **** Incremental Build of configuration Debug for project 4rd ****
make -j8 all 
arm-none-eabi-gcc "../Core/Lib/Src/onewire.c" -mcpu=cortex-m3 -std=gnu11 -g3 -DDEBUG -DUSE_HAL_DRIVER -DSTM32F103xB -c -I../Core/Inc -I../Drivers/STM32F1xx_HAL_Driver/Inc/Legacy -I../Drivers/STM32F1xx_HAL_Driver/Inc -I../Drivers/CMSIS/Device/ST/STM32F1xx/Include -I../Drivers/CMSIS/Include -I"C:/projectWork/4rd/4rd/Core/Lib/Inc" -O0 -ffunction-sections -fdata-sections -Wall -fstack-usage -MMD -MP -MF"Core/Lib/Src/onewire.d" -MT"Core/Lib/Src/onewire.o" --specs=nano.specs -mfloat-abi=soft -mthumb -o "Core/Lib/Src/onewire.o"
arm-none-eabi-gcc -o "4rd.elf" @"objects.list"   -mcpu=cortex-m3 -T"C:\projectWork\4rd\4rd\STM32F103C8TX_FLASH.ld" --specs=nosys.specs -Wl,-Map="4rd.map" -Wl,--gc-sections -static --specs=nano.specs -mfloat-abi=soft -mthumb -Wl,--start-group -lc -lm -Wl,--end-group
Finished building target: 4rd.elf
 
arm-none-eabi-size   4rd.elf 
arm-none-eabi-objdump -h -S  4rd.elf  > "4rd.list"
   text	   data	    bss	    dec	    hex	filename
  26420	    136	   3112	  29668	   73e4	4rd.elf
Finished building: default.size.stdout
 
Finished building: 4rd.list
 
17:41:38 **** Incremental Build of configuration Debug for project 4rd ****
make -j8 all 
arm-none-eabi-gcc "../Core/Src/buttonController.c" -mcpu=cortex-m3 -std=gnu11 -g3 -DDEBUG -DUSE_HAL_DRIVER -DSTM32F103xB -c -I../Core/Inc -I../Drivers/STM32F1xx_HAL_Driver/Inc/Legacy -I../Drivers/STM32F1xx_HAL_Driver/Inc -I../Drivers/CMSIS/Device/ST/STM32F1xx/Include -I../Drivers/CMSIS/Include -I"C:/projectWork/4rd/4rd/Core/Lib/Inc" -O0 -ffunction-sections -fdata-sections -Wall -fstack-usage -MMD -MP -MF"Core/Src/buttonController.d" -MT"Core/Src/buttonController.o" --specs=nano.specs -mfloat-abi=soft -mthumb -o "Core/Src/buttonController.o"
arm-none-eabi-gcc "../Core/Src/heaterController.c" -mcpu=cortex-m3 -std=gnu11 -g3 -DDEBUG -DUSE_HAL_DRIVER -DSTM32F103xB -c -I../Core/Inc -I../Drivers/STM32F1xx_HAL_Driver/Inc/Legacy -I../Drivers/STM32F1xx_HAL_Driver/Inc -I../Drivers/CMSIS/Device/ST/STM32F1xx/Include -I../Drivers/CMSIS/Include -I"C:/projectWork/4rd/4rd/Core/Lib/Inc" -O0 -ffunction-sections -fdata-sections -Wall -fstack-usage -MMD -MP -MF"Core/Src/heaterController.d" -MT"Core/Src/heaterController.o" --specs=nano.specs -mfloat-abi=soft -mthumb -o "Core/Src/heaterController.o"
arm-none-eabi-gcc "../Core/Src/main.c" -mcpu=cortex-m3 -std=gnu11 -g3 -DDEBUG -DUSE_HAL_DRIVER -DSTM32F103xB -c -I../Core/Inc -I../Drivers/STM32F1xx_HAL_Driver/Inc/Legacy -I../Drivers/STM32F1xx_HAL_Driver/Inc -I../Drivers/CMSIS/Device/ST/STM32F1xx/Include -I../Drivers/CMSIS/Include -I"C:/projectWork/4rd/4rd/Core/Lib/Inc" -O0 -ffunction-sections -fdata-sections -Wall -fstack-usage -MMD -MP -MF"Core/Src/main.d" -MT"Core/Src/main.o" --specs=nano.specs -mfloat-abi=soft -mthumb -o "Core/Src/main.o"
arm-none-eabi-gcc "../Core/Src/oledController.c" -mcpu=cortex-m3 -std=gnu11 -g3 -DDEBUG -DUSE_HAL_DRIVER -DSTM32F103xB -c -I../Core/Inc -I../Drivers/STM32F1xx_HAL_Driver/Inc/Legacy -I../Drivers/STM32F1xx_HAL_Driver/Inc -I../Drivers/CMSIS/Device/ST/STM32F1xx/Include -I../Drivers/CMSIS/Include -I"C:/projectWork/4rd/4rd/Core/Lib/Inc" -O0 -ffunction-sections -fdata-sections -Wall -fstack-usage -MMD -MP -MF"Core/Src/oledController.d" -MT"Core/Src/oledController.o" --specs=nano.specs -mfloat-abi=soft -mthumb -o "Core/Src/oledController.o"
arm-none-eabi-gcc "../Core/Src/stm32f1xx_it.c" -mcpu=cortex-m3 -std=gnu11 -g3 -DDEBUG -DUSE_HAL_DRIVER -DSTM32F103xB -c -I../Core/Inc -I../Drivers/STM32F1xx_HAL_Driver/Inc/Legacy -I../Drivers/STM32F1xx_HAL_Driver/Inc -I../Drivers/CMSIS/Device/ST/STM32F1xx/Include -I../Drivers/CMSIS/Include -I"C:/projectWork/4rd/4rd/Core/Lib/Inc" -O0 -ffunction-sections -fdata-sections -Wall -fstack-usage -MMD -MP -MF"Core/Src/stm32f1xx_it.d" -MT"Core/Src/stm32f1xx_it.o" --specs=nano.specs -mfloat-abi=soft -mthumb -o "Core/Src/stm32f1xx_it.o"
arm-none-eabi-gcc "../Core/Lib/Src/onewire.c" -mcpu=cortex-m3 -std=gnu11 -g3 -DDEBUG -DUSE_HAL_DRIVER -DSTM32F103xB -c -I../Core/Inc -I../Drivers/STM32F1xx_HAL_Driver/Inc/Legacy -I../Drivers/STM32F1xx_HAL_Driver/Inc -I../Drivers/CMSIS/Device/ST/STM32F1xx/Include -I../Drivers/CMSIS/Include -I"C:/projectWork/4rd/4rd/Core/Lib/Inc" -O0 -ffunction-sections -fdata-sections -Wall -fstack-usage -MMD -MP -MF"Core/Lib/Src/onewire.d" -MT"Core/Lib/Src/onewire.o" --specs=nano.specs -mfloat-abi=soft -mthumb -o "Core/Lib/Src/onewire.o"
arm-none-eabi-gcc -o "4rd.elf" @"objects.list"   -mcpu=cortex-m3 -T"C:\projectWork\4rd\4rd\STM32F103C8TX_FLASH.ld" --specs=nosys.specs -Wl,-Map="4rd.map" -Wl,--gc-sections -static --specs=nano.specs -mfloat-abi=soft -mthumb -Wl,--start-group -lc -lm -Wl,--end-group
Finished building target: 4rd.elf
 
arm-none-eabi-size   4rd.elf 
arm-none-eabi-objdump -h -S  4rd.elf  > "4rd.list"
   text	   data	    bss	    dec	    hex	filename
  26420	    136	   3112	  29668	   73e4	4rd.elf
Finished building: default.size.stdout
 
Finished building: 4rd.list
 
